Component: ARM Compiler 5.06 update 4 (build 422) Tool: armlink [4d35d2]

==============================================================================

Section Cross References

    startup_stm32f405xx.o(RESET) refers to startup_stm32f405xx.o(STACK) for __initial_sp
    startup_stm32f405xx.o(RESET) refers to startup_stm32f405xx.o(.text) for Reset_Handler
    startup_stm32f405xx.o(RESET) refers to stm32f4xx_it.o(i.NMI_Handler) for NMI_Handler
    startup_stm32f405xx.o(RESET) refers to stm32f4xx_it.o(i.HardFault_Handler) for HardFault_Handler
    startup_stm32f405xx.o(RESET) refers to stm32f4xx_it.o(i.MemManage_Handler) for MemManage_Handler
    startup_stm32f405xx.o(RESET) refers to stm32f4xx_it.o(i.BusFault_Handler) for BusFault_Handler
    startup_stm32f405xx.o(RESET) refers to stm32f4xx_it.o(i.UsageFault_Handler) for UsageFault_Handler
    startup_stm32f405xx.o(RESET) refers to stm32f4xx_it.o(i.SVC_Handler) for SVC_Handler
    startup_stm32f405xx.o(RESET) refers to stm32f4xx_it.o(i.DebugMon_Handler) for DebugMon_Handler
    startup_stm32f405xx.o(RESET) refers to stm32f4xx_it.o(i.PendSV_Handler) for PendSV_Handler
    startup_stm32f405xx.o(RESET) refers to stm32f4xx_it.o(i.SysTick_Handler) for SysTick_Handler
    startup_stm32f405xx.o(RESET) refers to stm32f4xx_it.o(i.PVD_IRQHandler) for PVD_IRQHandler
    startup_stm32f405xx.o(RESET) refers to stm32f4xx_it.o(i.TIM2_IRQHandler) for TIM2_IRQHandler
    startup_stm32f405xx.o(RESET) refers to stm32f4xx_it.o(i.USART2_IRQHandler) for USART2_IRQHandler
    startup_stm32f405xx.o(RESET) refers to stm32f4xx_it.o(i.CAN2_TX_IRQHandler) for CAN2_TX_IRQHandler
    startup_stm32f405xx.o(RESET) refers to stm32f4xx_it.o(i.CAN2_RX0_IRQHandler) for CAN2_RX0_IRQHandler
    startup_stm32f405xx.o(.text) refers to system_stm32f4xx.o(i.SystemInit) for SystemInit
    startup_stm32f405xx.o(.text) refers to entry.o(.ARM.Collect$$$$00000000) for __main
    main.o(i.main) refers to stm32f4xx_hal.o(i.HAL_Init) for HAL_Init
    main.o(i.main) refers to clock.o(i.SystemClock_Config) for SystemClock_Config
    main.o(i.main) refers to gpio.o(i.MX_GPIO_Init) for MX_GPIO_Init
    main.o(i.main) refers to tim.o(i.MX_TIM1_Init) for MX_TIM1_Init
    main.o(i.main) refers to tim.o(i.MX_TIM8_Init) for MX_TIM8_Init
    main.o(i.main) refers to dma.o(i.MX_DMA_Init) for MX_DMA_Init
    main.o(i.main) refers to i2s.o(i.MX_I2S2_Init) for MX_I2S2_Init
    main.o(i.main) refers to i2s.o(i.ADS8674_Init) for ADS8674_Init
    main.o(i.main) refers to control.o(i.Current_Controller_Init) for Current_Controller_Init
    main.o(i.main) refers to can.o(i.MX_CAN2_Init) for MX_CAN2_Init
    main.o(i.main) refers to dac.o(i.MX_DAC_Init) for MX_DAC_Init
    main.o(i.main) refers to usart.o(i.MX_USART2_UART_Init) for MX_USART2_UART_Init
    main.o(i.main) refers to usart.o(i.MX_USART3_UART_Init) for MX_USART3_UART_Init
    main.o(i.main) refers to pvd.o(i.PVD_Init) for PVD_Init
    main.o(i.main) refers to tim.o(i.MX_TIM2_Init) for MX_TIM2_Init
    main.o(i.main) refers to board_dec.o(i.user_Board_Initial) for user_Board_Initial
    main.o(i.main) refers to can.o(i.Error_Report_Tx_Fcn) for Error_Report_Tx_Fcn
    main.o(i.main) refers to stm32f4xx_hal.o(i.HAL_Delay) for HAL_Delay
    main.o(i.main) refers to can.o(i.Hand_Shake_Tx_Fcn) for Hand_Shake_Tx_Fcn
    main.o(i.main) refers to board_dec.o(.data) for Board_State
    main.o(i.main) refers to main.o(.data) for temp
    control.o(i.AllCoils_Stop) refers to control.o(i.Coilx_Stop) for Coilx_Stop
    control.o(i.AllCoils_Stop) refers to control.o(.bss) for Current_A
    control.o(i.Current_Controller_Init) refers to control.o(i.Controller_Parameter_Init) for Controller_Parameter_Init
    control.o(i.Current_Controller_Init) refers to control.o(.bss) for Current_A
    control.o(i.Current_Loop_Control) refers to control.o(i.PID_Calculate) for PID_Calculate
    control.o(i.Current_Loop_Control) refers to control.o(i.Coilx_PWM_Duty_Update) for Coilx_PWM_Duty_Update
    control.o(i.Current_Loop_Control) refers to control.o(i.AllCoils_Stop) for AllCoils_Stop
    control.o(i.Current_Loop_Control) refers to control.o(.bss) for Current_A
    gpio.o(i.MX_GPIO_Init) refers to memseta.o(.text) for __aeabi_memclr4
    gpio.o(i.MX_GPIO_Init) refers to stm32f4xx_hal_gpio.o(i.HAL_GPIO_Init) for HAL_GPIO_Init
    gpio.o(i.MX_GPIO_Init) refers to stm32f4xx_hal_gpio.o(i.HAL_GPIO_WritePin) for HAL_GPIO_WritePin
    gpio.o(i.Read_AddressBit) refers to stm32f4xx_hal_gpio.o(i.HAL_GPIO_ReadPin) for HAL_GPIO_ReadPin
    can.o(i.Current_Demodulation_Fcn) refers to f2d.o(.text) for __aeabi_f2d
    can.o(i.Current_Demodulation_Fcn) refers to sin.o(i.__hardfp_sin) for __hardfp_sin
    can.o(i.Current_Demodulation_Fcn) refers to dfltui.o(.text) for __aeabi_ui2d
    can.o(i.Current_Demodulation_Fcn) refers to dmul.o(.text) for __aeabi_dmul
    can.o(i.Current_Demodulation_Fcn) refers to dfixi.o(.text) for __aeabi_d2iz
[...]
    i.HAL_CAN_ActivateNotification           0x08001494   Section        0  stm32f4xx_hal_can.o(i.HAL_CAN_ActivateNotification)
    i.HAL_CAN_AddTxMessage                   0x080014be   Section        0  stm32f4xx_hal_can.o(i.HAL_CAN_AddTxMessage)
    i.HAL_CAN_ConfigFilter                   0x08001614   Section        0  stm32f4xx_hal_can.o(i.HAL_CAN_ConfigFilter)
    i.HAL_CAN_DeactivateNotification         0x08001738   Section        0  stm32f4xx_hal_can.o(i.HAL_CAN_DeactivateNotification)
    i.HAL_CAN_ErrorCallback                  0x08001762   Section        0  stm32f4xx_hal_can.o(i.HAL_CAN_ErrorCallback)
    i.HAL_CAN_GetRxMessage                   0x08001764   Section        0  stm32f4xx_hal_can.o(i.HAL_CAN_GetRxMessage)
    i.HAL_CAN_IRQHandler                     0x080018e0   Section        0  stm32f4xx_hal_can.o(i.HAL_CAN_IRQHandler)
    i.HAL_CAN_Init                           0x08001b2e   Section        0  stm32f4xx_hal_can.o(i.HAL_CAN_Init)
    i.HAL_CAN_MspInit                        0x08001ca4   Section        0  can.o(i.HAL_CAN_MspInit)
    i.HAL_CAN_RxFifo0FullCallback            0x08001d68   Section        0  stm32f4xx_hal_can.o(i.HAL_CAN_RxFifo0FullCallback)
    i.HAL_CAN_RxFifo0MsgPendingCallback      0x08001d6c   Section        0  can.o(i.HAL_CAN_RxFifo0MsgPendingCallback)
    i.HAL_CAN_RxFifo1FullCallback            0x08002370   Section        0  stm32f4xx_hal_can.o(i.HAL_CAN_RxFifo1FullCallback)
    i.HAL_CAN_RxFifo1MsgPendingCallback      0x08002372   Section        0  stm32f4xx_hal_can.o(i.HAL_CAN_RxFifo1MsgPendingCallback)
    i.HAL_CAN_SleepCallback                  0x08002374   Section        0  stm32f4xx_hal_can.o(i.HAL_CAN_SleepCallback)
    i.HAL_CAN_Start                          0x08002376   Section        0  stm32f4xx_hal_can.o(i.HAL_CAN_Start)
    i.HAL_CAN_TxMailbox0AbortCallback        0x080023d4   Section        0  stm32f4xx_hal_can.o(i.HAL_CAN_TxMailbox0AbortCallback)
    i.HAL_CAN_TxMailbox0CompleteCallback     0x080023d6   Section        0  can.o(i.HAL_CAN_TxMailbox0CompleteCallback)
    i.HAL_CAN_TxMailbox1AbortCallback        0x080023e4   Section        0  stm32f4xx_hal_can.o(i.HAL_CAN_TxMailbox1AbortCallback)
    i.HAL_CAN_TxMailbox1CompleteCallback     0x080023e6   Section        0  stm32f4xx_hal_can.o(i.HAL_CAN_TxMailbox1CompleteCallback)
    i.HAL_CAN_TxMailbox2AbortCallback        0x080023e8   Section        0  stm32f4xx_hal_can.o(i.HAL_CAN_TxMailbox2AbortCallback)
    i.HAL_CAN_TxMailbox2CompleteCallback     0x080023ea   Section        0  stm32f4xx_hal_can.o(i.HAL_CAN_TxMailbox2CompleteCallback)
    i.HAL_CAN_WakeUpFromRxMsgCallback        0x080023ec   Section        0  stm32f4xx_hal_can.o(i.HAL_CAN_WakeUpFromRxMsgCallback)
    i.HAL_DAC_ConfigChannel                  0x080023ee   Section        0  stm32f4xx_hal_dac.o(i.HAL_DAC_ConfigChannel)
    i.HAL_DAC_Init                           0x08002448   Section        0  stm32f4xx_hal_dac.o(i.HAL_DAC_Init)
    i.HAL_DAC_MspInit                        0x08002470   Section        0  dac.o(i.HAL_DAC_MspInit)
    i.HAL_DAC_Start                          0x080024f0   Section        0  stm32f4xx_hal_dac.o(i.HAL_DAC_Start)
    i.HAL_DMA_Abort_IT                       0x0800257c   Section        0  stm32f4xx_hal_dma.o(i.HAL_DMA_Abort_IT)
    i.HAL_DMA_Init                           0x080025a4   Section        0  stm32f4xx_hal_dma.o(i.HAL_DMA_Init)
    i.HAL_DMA_Start_IT                       0x08002690   Section        0  stm32f4xx_hal_dma.o(i.HAL_DMA_Start_IT)
    i.HAL_Delay                              0x08002730   Section        0  stm32f4xx_hal.o(i.HAL_Delay)
    i.HAL_GPIO_Init                          0x08002758   Section        0  stm32f4xx_hal_gpio.o(i.HAL_GPIO_Init)
    i.HAL_GPIO_ReadPin                       0x08002958   Section        0  stm32f4xx_hal_gpio.o(i.HAL_GPIO_ReadPin)
    i.HAL_GPIO_WritePin                      0x08002968   Section        0  stm32f4xx_hal_gpio.o(i.HAL_GPIO_WritePin)
    i.HAL_GetTick                            0x08002974   Section        0  stm32f4xx_hal.o(i.HAL_GetTick)
    i.HAL_I2SEx_FullDuplex_IRQHandler        0x08002980   Section        0  stm32f4xx_hal_i2s_ex.o(i.HAL_I2SEx_FullDuplex_IRQHandler)
    i.HAL_I2SEx_TransmitReceive              0x08002bc4   Section        0  stm32f4xx_hal_i2s_ex.o(i.HAL_I2SEx_TransmitReceive)
    i.HAL_I2SEx_TransmitReceive_DMA          0x08002f4c   Section        0  stm32f4xx_hal_i2s_ex.o(i.HAL_I2SEx_TransmitReceive_DMA)
    i.HAL_I2SEx_TxRxCpltCallback             0x080031c8   Section        0  stm32f4xx_hal_i2s_ex.o(i.HAL_I2SEx_TxRxCpltCallback)
    i.HAL_I2SEx_TxRxHalfCpltCallback         0x080031ca   Section        0  stm32f4xx_hal_i2s_ex.o(i.HAL_I2SEx_TxRxHalfCpltCallback)
    i.HAL_I2S_ErrorCallback                  0x080031cc   Section        0  stm32f4xx_hal_i2s.o(i.HAL_I2S_ErrorCallback)
    i.HAL_I2S_Init                           0x080031d0   Section        0  stm32f4xx_hal_i2s.o(i.HAL_I2S_Init)
    i.HAL_I2S_MspInit                        0x08003398   Section        0  i2s.o(i.HAL_I2S_MspInit)
    i.HAL_I2S_RxCpltCallback                 0x080034ec   Section        0  stm32f4xx_hal_i2s.o(i.HAL_I2S_RxCpltCallback)
    i.HAL_I2S_TxCpltCallback                 0x080034ee   Section        0  stm32f4xx_hal_i2s.o(i.HAL_I2S_TxCpltCallback)
    i.HAL_IncTick                            0x080034f0   Section        0  stm32f4xx_hal.o(i.HAL_IncTick)
    i.HAL_Init                               0x08003508   Section        0  stm32f4xx_hal.o(i.HAL_Init)
    i.HAL_InitTick                           0x08003544   Section        0  stm32f4xx_hal.o(i.HAL_InitTick)
    i.HAL_MspInit                            0x08003590   Section        0  stm32f4xx_hal_msp.o(i.HAL_MspInit)
    i.HAL_NVIC_EnableIRQ                     0x080035d8   Section        0  stm32f4xx_hal_cortex.o(i.HAL_NVIC_EnableIRQ)
    i.HAL_NVIC_SetPriority                   0x080035f8   Section        0  stm32f4xx_hal_cortex.o(i.HAL_NVIC_SetPriority)
    i.HAL_NVIC_SetPriorityGrouping           0x08003674   Section        0  stm32f4xx_hal_cortex.o(i.HAL_NVIC_SetPriorityGrouping)
    i.HAL_PWR_ConfigPVD                      0x0800369c   Section        0  stm32f4xx_hal_pwr.o(i.HAL_PWR_ConfigPVD)
    i.HAL_PWR_EnablePVD                      0x08003750   Section        0  stm32f4xx_hal_pwr.o(i.HAL_PWR_EnablePVD)
    i.HAL_PWR_PVDCallback                    0x0800375c   Section        0  pvd.o(i.HAL_PWR_PVDCallback)
    i.HAL_PWR_PVD_IRQHandler                 0x08003764   Section        0  stm32f4xx_hal_pwr.o(i.HAL_PWR_PVD_IRQHandler)
    i.HAL_RCCEx_GetPeriphCLKFreq             0x08003784   Section        0  stm32f4xx_hal_rcc_ex.o(i.HAL_RCCEx_GetPeriphCLKFreq)
    i.HAL_RCCEx_PeriphCLKConfig              0x08003814   Section        0  stm32f4xx_hal_rcc_ex.o(i.HAL_RCCEx_PeriphCLKConfig)
    i.HAL_RCC_ClockConfig                    0x080039b4   Section        0  stm32f4xx_hal_rcc.o(i.HAL_RCC_ClockConfig)
    i.HAL_RCC_EnableCSS                      0x08003b34   Section        0  stm32f4xx_hal_rcc.o(i.HAL_RCC_EnableCSS)
    i.HAL_RCC_GetHCLKFreq                    0x08003b40   Section        0  stm32f4xx_hal_rcc.o(i.HAL_RCC_GetHCLKFreq)
    i.HAL_RCC_GetPCLK1Freq                   0x08003b4c   Section        0  stm32f4xx_hal_rcc.o(i.HAL_RCC_GetPCLK1Freq)
    i.HAL_RCC_GetPCLK2Freq                   0x08003b6c   Section        0  stm32f4xx_hal_rcc.o(i.HAL_RCC_GetPCLK2Freq)
    i.HAL_RCC_GetSysClockFreq                0x08003b8c   Section        0  stm32f4xx_hal_rcc.o(i.HAL_RCC_GetSysClockFreq)
    i.HAL_RCC_OscConfig                      0x08003c3c   Section        0  stm32f4xx_hal_rcc.o(i.HAL_RCC_OscConfig)
    i.HAL_SYSTICK_Config                     0x08004084   Section        0  stm32f4xx_hal_cortex.o(i.HAL_SYSTICK_Config)
    i.HAL_TIMEx_BreakCallback                0x080040b8   Section        0  stm32f4xx_hal_tim_ex.o(i.HAL_TIMEx_BreakCallback)
    i.HAL_TIMEx_CommutCallback               0x080040ba   Section        0  stm32f4xx_hal_tim_ex.o(i.HAL_TIMEx_CommutCallback)
    i.HAL_TIMEx_ConfigBreakDeadTime          0x080040bc   Section        0  stm32f4xx_hal_tim_ex.o(i.HAL_TIMEx_ConfigBreakDeadTime)
    i.HAL_TIMEx_MasterConfigSynchronization  0x08004130   Section        0  stm32f4xx_hal_tim_ex.o(i.HAL_TIMEx_MasterConfigSynchronization)
    i.HAL_TIM_Base_Init                      0x08004184   Section        0  stm32f4xx_hal_tim.o(i.HAL_TIM_Base_Init)
    i.HAL_TIM_Base_MspInit                   0x080041b8   Section        0  tim.o(i.HAL_TIM_Base_MspInit)
    i.HAL_TIM_Base_Start_IT                  0x08004260   Section        0  stm32f4xx_hal_tim.o(i.HAL_TIM_Base_Start_IT)
    i.HAL_TIM_ConfigClockSource              0x0800428a   Section        0  stm32f4xx_hal_tim.o(i.HAL_TIM_ConfigClockSource)
    i.HAL_TIM_IC_CaptureCallback             0x08004392   Section        0  stm32f4xx_hal_tim.o(i.HAL_TIM_IC_CaptureCallback)
    i.HAL_TIM_IRQHandler                     0x08004394   Section        0  stm32f4xx_hal_tim.o(i.HAL_TIM_IRQHandler)
    i.HAL_TIM_MspPostInit                    0x0800452c   Section        0  tim.o(i.HAL_TIM_MspPostInit)
    i.HAL_TIM_OC_DelayElapsedCallback        0x08004624   Section        0  stm32f4xx_hal_tim.o(i.HAL_TIM_OC_DelayElapsedCallback)
    i.HAL_TIM_PWM_ConfigChannel              0x08004626   Section        0  stm32f4xx_hal_tim.o(i.HAL_TIM_PWM_ConfigChannel)
    i.HAL_TIM_PWM_Init                       0x0800472e   Section        0  stm32f4xx_hal_tim.o(i.HAL_TIM_PWM_Init)
    i.HAL_TIM_PWM_MspInit                    0x08004762   Section        0  stm32f4xx_hal_tim.o(i.HAL_TIM_PWM_MspInit)
    i.HAL_TIM_PWM_PulseFinishedCallback      0x08004764   Section        0  stm32f4xx_hal_tim.o(i.HAL_TIM_PWM_PulseFinishedCallback)
    i.HAL_TIM_PWM_Start                      0x08004768   Section        0  stm32f4xx_hal_tim.o(i.HAL_TIM_PWM_Start)
    i.HAL_TIM_PeriodElapsedCallback          0x080047c0   Section        0  tim.o(i.HAL_TIM_PeriodElapsedCallback)
    i.HAL_TIM_TriggerCallback                0x08004824   Section        0  stm32f4xx_hal_tim.o(i.HAL_TIM_TriggerCallback)
    i.HAL_UART_ErrorCallback                 0x08004826   Section        0  stm32f4xx_hal_uart.o(i.HAL_UART_ErrorCallback)
    i.HAL_UART_IRQHandler                    0x08004828   Section        0  stm32f4xx_hal_uart.o(i.HAL_UART_IRQHandler)
    i.HAL_UART_Init                          0x08004974   Section        0  stm32f4xx_hal_uart.o(i.HAL_UART_Init)
    i.HAL_UART_MspInit                       0x080049e8   Section        0  usart.o(i.HAL_UART_MspInit)
    i.HAL_UART_RxCpltCallback                0x08004af4   Section        0  stm32f4xx_hal_uart.o(i.HAL_UART_RxCpltCallback)
    i.HAL_UART_TxCpltCallback                0x08004af6   Section        0  stm32f4xx_hal_uart.o(i.HAL_UART_TxCpltCallback)
    i.Hand_Shake_Tx_Fcn                      0x08004af8   Section        0  can.o(i.Hand_Shake_Tx_Fcn)
    i.HardFault_Handler                      0x08004b68   Section        0  stm32f4xx_it.o(i.HardFault_Handler)
    i.I2SEx_FullDuplexWaitFlagStateUntilTimeout 0x08004b6c   Section        0  stm32f4xx_hal_i2s_ex.o(i.I2SEx_FullDuplexWaitFlagStateUntilTimeout)
    I2SEx_FullDuplexWaitFlagStateUntilTimeout 0x08004b6d   Thumb Code   170  stm32f4xx_hal_i2s_ex.o(i.I2SEx_FullDuplexWaitFlagStateUntilTimeout)
    i.I2SEx_RxISR_I2S                        0x08004c20   Section        0  stm32f4xx_hal_i2s_ex.o(i.I2SEx_RxISR_I2S)
    I2SEx_RxISR_I2S                          0x08004c21   Thumb Code    58  stm32f4xx_hal_i2s_ex.o(i.I2SEx_RxISR_I2S)
    i.I2SEx_RxISR_I2SExt                     0x08004c5c   Section        0  stm32f4xx_hal_i2s_ex.o(i.I2SEx_RxISR_I2SExt)
    I2SEx_RxISR_I2SExt                       0x08004c5d   Thumb Code   100  stm32f4xx_hal_i2s_ex.o(i.I2SEx_RxISR_I2SExt)
    i.I2SEx_TxISR_I2S                        0x08004cc8   Section        0  stm32f4xx_hal_i2s_ex.o(i.I2SEx_TxISR_I2S)
    I2SEx_TxISR_I2S                          0x08004cc9   Thumb Code    56  stm32f4xx_hal_i2s_ex.o(i.I2SEx_TxISR_I2S)
    i.I2SEx_TxISR_I2SExt                     0x08004d00   Section        0  stm32f4xx_hal_i2s_ex.o(i.I2SEx_TxISR_I2SExt)
    I2SEx_TxISR_I2SExt                       0x08004d01   Thumb Code    98  stm32f4xx_hal_i2s_ex.o(i.I2SEx_TxISR_I2SExt)
    i.I2SEx_TxRxDMACplt                      0x08004d6c   Section        0  stm32f4xx_hal_i2s_ex.o(i.I2SEx_TxRxDMACplt)
    I2SEx_TxRxDMACplt                        0x08004d6d   Thumb Code   222  stm32f4xx_hal_i2s_ex.o(i.I2SEx_TxRxDMACplt)
    i.I2SEx_TxRxDMAError                     0x08004e54   Section        0  stm32f4xx_hal_i2s_ex.o(i.I2SEx_TxRxDMAError)
    I2SEx_TxRxDMAError                       0x08004e55   Thumb Code    86  stm32f4xx_hal_i2s_ex.o(i.I2SEx_TxRxDMAError)
    i.I2SEx_TxRxDMAHalfCplt                  0x08004eb4   Section        0  stm32f4xx_hal_i2s_ex.o(i.I2SEx_TxRxDMAHalfCplt)
    I2SEx_TxRxDMAHalfCplt                    0x08004eb5   Thumb Code    14  stm32f4xx_hal_i2s_ex.o(i.I2SEx_TxRxDMAHalfCplt)
    i.I2S_IRQHandler                         0x08004ec2   Section        0  stm32f4xx_hal_i2s.o(i.I2S_IRQHandler)
    I2S_IRQHandler                           0x08004ec3   Thumb Code   220  stm32f4xx_hal_i2s.o(i.I2S_IRQHandler)
    i.I2S_Receive_IT                         0x08004f9e   Section        0  stm32f4xx_hal_i2s.o(i.I2S_Receive_IT)
    I2S_Receive_IT                           0x08004f9f   Thumb Code    54  stm32f4xx_hal_i2s.o(i.I2S_Receive_IT)
    i.I2S_Transmit_IT                        0x08004fd4   Section        0  stm32f4xx_hal_i2s.o(i.I2S_Transmit_IT)
    I2S_Transmit_IT                          0x08004fd5   Thumb Code    54  stm32f4xx_hal_i2s.o(i.I2S_Transmit_IT)
    i.LED_State_Init                         0x0800500c   Section        0  board_dec.o(i.LED_State_Init)
    i.LEDx_Flashing_Operation                0x0800505c   Section        0  board_dec.o(i.LEDx_Flashing_Operation)
    i.MX_CAN2_Init                           0x08005084   Section        0  can.o(i.MX_CAN2_Init)
    i.MX_DAC_Init                            0x08005140   Section        0  dac.o(i.MX_DAC_Init)
    i.MX_DMA_Init                            0x0800519c   Section        0  dma.o(i.MX_DMA_Init)
    i.MX_GPIO_Init                           0x080051c4   Section        0  gpio.o(i.MX_GPIO_Init)
    i.MX_I2S2_Init                           0x080052ec   Section        0  i2s.o(i.MX_I2S2_Init)
    i.MX_TIM1_Init                           0x0800532c   Section        0  tim.o(i.MX_TIM1_Init)
    i.MX_TIM2_Init                           0x08005434   Section        0  tim.o(i.MX_TIM2_Init)
    i.MX_TIM8_Init                           0x0800549c   Section        0  tim.o(i.MX_TIM8_Init)
    i.MX_USART2_UART_Init                    0x080055a4   Section        0  usart.o(i.MX_USART2_UART_Init)
    i.MX_USART3_UART_Init                    0x080055dc   Section        0  usart.o(i.MX_USART3_UART_Init)
    i.MemManage_Handler                      0x08005614   Section        0  stm32f4xx_it.o(i.MemManage_Handler)
    i.NMI_Handler                            0x08005618   Section        0  stm32f4xx_it.o(i.NMI_Handler)
    i.OpenCircuit_CoilxLED_State_Update      0x0800561c   Section        0  board_dec.o(i.OpenCircuit_CoilxLED_State_Update)
    i.OverCurrent_CoilxLED_State_Update      0x08005708   Section        0  board_dec.o(i.OverCurrent_CoilxLED_State_Update)
    i.PID_Calculate                          0x080057f4   Section        0  control.o(i.PID_Calculate)
    PID_Calculate                            0x080057f5   Thumb Code   172  control.o(i.PID_Calculate)
    i.PVD_IRQHandler                         0x080058a0   Section        0  stm32f4xx_it.o(i.PVD_IRQHandler)
    i.PVD_Init                               0x080058a8   Section        0  pvd.o(i.PVD_Init)
    i.PendSV_Handler                         0x080058e4   Section        0  stm32f4xx_it.o(i.PendSV_Handler)
    i.Read_AddressBit                        0x080058e8   Section        0  gpio.o(i.Read_AddressBit)
    i.Running_CoilxLED_State_Update          0x08005970   Section        0  board_dec.o(i.Running_CoilxLED_State_Update)
    i.SVC_Handler                            0x080059f0   Section        0  stm32f4xx_it.o(i.SVC_Handler)
    i.SysTick_Handler                        0x080059f2   Section        0  stm32f4xx_it.o(i.SysTick_Handler)
    i.SystemClock_Config                     0x080059fc   Section        0  clock.o(i.SystemClock_Config)
    i.SystemInit                             0x08005ad4   Section        0  system_stm32f4xx.o(i.SystemInit)
    i.TIM2_IRQHandler                        0x08005b38   Section        0  stm32f4xx_it.o(i.TIM2_IRQHandler)
    i.TIM_Base_SetConfig                     0x08005b48   Section        0  stm32f4xx_hal_tim.o(i.TIM_Base_SetConfig)
    i.TIM_CCxChannelCmd                      0x08005c20   Section        0  stm32f4xx_hal_tim.o(i.TIM_CCxChannelCmd)
    i.TIM_ETR_SetConfig                      0x08005c42   Section        0  stm32f4xx_hal_tim.o(i.TIM_ETR_SetConfig)
    i.TIM_ITRx_SetConfig                     0x08005c58   Section        0  stm32f4xx_hal_tim.o(i.TIM_ITRx_SetConfig)
    TIM_ITRx_SetConfig                       0x08005c59   Thumb Code    18  stm32f4xx_hal_tim.o(i.TIM_ITRx_SetConfig)
    i.TIM_OC1_SetConfig                      0x08005c6c   Section        0  stm32f4xx_hal_tim.o(i.TIM_OC1_SetConfig)
    TIM_OC1_SetConfig                        0x08005c6d   Thumb Code   104  stm32f4xx_hal_tim.o(i.TIM_OC1_SetConfig)
    i.TIM_OC2_SetConfig                      0x08005cdc   Section        0  stm32f4xx_hal_tim.o(i.TIM_OC2_SetConfig)
    i.TIM_OC3_SetConfig                      0x08005d58   Section        0  stm32f4xx_hal_tim.o(i.TIM_OC3_SetConfig)
    TIM_OC3_SetConfig                        0x08005d59   Thumb Code   112  stm32f4xx_hal_tim.o(i.TIM_OC3_SetConfig)
    i.TIM_OC4_SetConfig                      0x08005dd0   Section        0  stm32f4xx_hal_tim.o(i.TIM_OC4_SetConfig)
    TIM_OC4_SetConfig                        0x08005dd1   Thumb Code    74  stm32f4xx_hal_tim.o(i.TIM_OC4_SetConfig)
    i.TIM_TI1_ConfigInputStage               0x08005e24   Section        0  stm32f4xx_hal_tim.o(i.TIM_TI1_ConfigInputStage)
    TIM_TI1_ConfigInputStage                 0x08005e25   Thumb Code    38  stm32f4xx_hal_tim.o(i.TIM_TI1_ConfigInputStage)
    i.TIM_TI2_ConfigInputStage               0x08005e4a   Section        0  stm32f4xx_hal_tim.o(i.TIM_TI2_ConfigInputStage)
    TIM_TI2_ConfigInputStage                 0x08005e4b   Thumb Code    40  stm32f4xx_hal_tim.o(i.TIM_TI2_ConfigInputStage)
    i.UART_DMAAbortOnError                   0x08005e72   Section        0  stm32f4xx_hal_uart.o(i.UART_DMAAbortOnError)
    UART_DMAAbortOnError                     0x08005e73   Thumb Code    20  stm32f4xx_hal_uart.o(i.UART_DMAAbortOnError)
    i.UART_EndRxTransfer                     0x08005e86   Section        0  stm32f4xx_hal_uart.o(i.UART_EndRxTransfer)
    UART_EndRxTransfer                       0x08005e87   Thumb Code    32  stm32f4xx_hal_uart.o(i.UART_EndRxTransfer)
    i.UART_EndTransmit_IT                    0x08005ea6   Section        0  stm32f4xx_hal_uart.o(i.UART_EndTransmit_IT)
    UART_EndTransmit_IT                      0x08005ea7   Thumb Code    32  stm32f4xx_hal_uart.o(i.UART_EndTransmit_IT)
    i.UART_Receive_IT                        0x08005ec6   Section        0  stm32f4xx_hal_uart.o(i.UART_Receive_IT)
    UART_Receive_IT                          0x08005ec7   Thumb Code   166  stm32f4xx_hal_uart.o(i.UART_Receive_IT)
    i.UART_SetConfig                         0x08005f6c   Section        0  stm32f4xx_hal_uart.o(i.UART_SetConfig)
    UART_SetConfig                           0x08005f6d   Thumb Code   864  stm32f4xx_hal_uart.o(i.UART_SetConfig)
    i.UART_Transmit_IT                       0x080062d4   Section        0  stm32f4xx_hal_uart.o(i.UART_Transmit_IT)
    UART_Transmit_IT                         0x080062d5   Thumb Code   104  stm32f4xx_hal_uart.o(i.UART_Transmit_IT)
    i.USART2_IRQHandler                      0x0800633c   Section        0  stm32f4xx_it.o(i.USART2_IRQHandler)
    i.UsageFault_Handler                     0x0800634c   Section        0  stm32f4xx_it.o(i.UsageFault_Handler)
    i.__ARM_fpclassify                       0x08006350   Section        0  fpclassify.o(i.__ARM_fpclassify)
    i.__NVIC_GetPriorityGrouping             0x08006380   Section        0  stm32f4xx_hal_cortex.o(i.__NVIC_GetPriorityGrouping)
    __NVIC_GetPriorityGrouping               0x08006381   Thumb Code    10  stm32f4xx_hal_cortex.o(i.__NVIC_GetPriorityGrouping)
    i.__NVIC_SetPriority                     0x08006390   Section        0  stm32f4xx_hal_cortex.o(i.__NVIC_SetPriority)
    __NVIC_SetPriority                       0x08006391   Thumb Code    32  stm32f4xx_hal_cortex.o(i.__NVIC_SetPriority)
    i.__hardfp_fabs                          0x080063b8   Section        0  fabs.o(i.__hardfp_fabs)
    i.__hardfp_sin                           0x080063d0   Section        0  sin.o(i.__hardfp_sin)
    i.__ieee754_rem_pio2                     0x08006498   Section        0  rred.o(i.__ieee754_rem_pio2)
    i.__kernel_cos                           0x080068d0   Section        0  cos_i.o(i.__kernel_cos)
    i.__kernel_poly                          0x08006a40   Section        0  poly.o(i.__kernel_poly)
    i.__kernel_sin                           0x08006b38   Section        0  sin_i.o(i.__kernel_sin)
    i.__mathlib_dbl_infnan                   0x08006c68   Section        0  dunder.o(i.__mathlib_dbl_infnan)
    i.__mathlib_dbl_invalid                  0x08006c80   Section        0  dunder.o(i.__mathlib_dbl_invalid)
    i.__mathlib_dbl_underflow                0x08006ca0   Section        0  dunder.o(i.__mathlib_dbl_underflow)
    i.__scatterload_copy                     0x08006cc0   Section       14  handlers.o(i.__scatterload_copy)
    i.__scatterload_null                     0x08006cce   Section        2  handlers.o(i.__scatterload_null)
    i.__scatterload_zeroinit                 0x08006cd0   Section       14  handlers.o(i.__scatterload_zeroinit)
    i.__set_errno                            0x08006ce0   Section        0  errno.o(i.__set_errno)
    i.fabs                                   0x08006cec   Section        0  fabs.o(i.fabs)
    i.main                                   0x08006d04   Section        0  main.o(i.main)
    i.user_Board_Initial                     0x08006dc4   Section        0  board_dec.o(i.user_Board_Initial)
    .constdata                               0x08006e54   Section        8  stm32f4xx_hal_dma.o(.constdata)
    flagBitshiftOffset                       0x08006e54   Data           8  stm32f4xx_hal_dma.o(.constdata)
    .constdata                               0x08006e5c   Section       24  system_stm32f4xx.o(.constdata)
    .constdata                               0x08006e78   Section       48  cos_i.o(.constdata)
    C                                        0x08006e78   Data          48  cos_i.o(.constdata)
    .constdata                               0x08006ea8   Section      200  rred.o(.constdata)
    pio2s                                    0x08006ea8   Data          48  rred.o(.constdata)
    twooverpi                                0x08006ed8   Data         152  rred.o(.constdata)
    .constdata                               0x08006f70   Section       40  sin_i.o(.constdata)
    S                                        0x08006f70   Data          40  sin_i.o(.constdata)
    .data                                    0x20000000   Section        3  main.o(.data)
    .data                                    0x20000004   Section       44  can.o(.data)
    .data                                    0x20000030   Section        4  tim.o(.data)
    tim_LED_cnt                              0x20000030   Data           4  tim.o(.data)
    .data                                    0x20000034   Section       20  i2s.o(.data)
    .data                                    0x20000048   Section       58  board_dec.o(.data)
    Sequence_FlashingQuick_Twice             0x2000005c   Data           7  board_dec.o(.data)
    Sequence_FlashingQuick_Thrice            0x20000063   Data           9  board_dec.o(.data)
    Sequence_FlashingSlow_Repeated           0x2000006c   Data           6  board_dec.o(.data)
    Sequence_FlashingQuick_Repeated          0x20000072   Data           4  board_dec.o(.data)
    OP_TimeCnt_A                             0x20000076   Data           1  board_dec.o(.data)
    OP_TimeCnt_B                             0x20000077   Data           1  board_dec.o(.data)
    OP_TimeCnt_C                             0x20000078   Data           1  board_dec.o(.data)
    OP_TimeCnt_D                             0x20000079   Data           1  board_dec.o(.data)
    OCcnt_indexA                             0x2000007a   Data           1  board_dec.o(.data)
    OCcnt_indexB                             0x2000007b   Data           1  board_dec.o(.data)
    OCcnt_indexC                             0x2000007c   Data           1  board_dec.o(.data)
    OCcnt_indexD                             0x2000007d   Data           1  board_dec.o(.data)
    OPcnt_indexA                             0x2000007e   Data           1  board_dec.o(.data)
    OPcnt_indexB                             0x2000007f   Data           1  board_dec.o(.data)
    OPcnt_indexC                             0x20000080   Data           1  board_dec.o(.data)
    OPcnt_indexD                             0x20000081   Data           1  board_dec.o(.data)
    .data                                    0x20000084   Section        9  stm32f4xx_hal.o(.data)
    .data                                    0x20000090   Section        4  system_stm32f4xx.o(.data)
    .data                                    0x20000094   Section        4  errno.o(.data)
    _errno                                   0x20000094   Data           4  errno.o(.data)
    .bss                                     0x20000098   Section      304  control.o(.bss)
    .bss                                     0x200001c8   Section      132  can.o(.bss)
    .bss                                     0x2000024c   Section       20  dac.o(.bss)
    .bss                                     0x20000260   Section      192  tim.o(.bss)
    .bss                                     0x20000320   Section      280  i2s.o(.bss)
    .bss                                     0x20000438   Section      128  usart.o(.bss)
    STACK                                    0x200004b8   Section     1024  startup_stm32f405xx.o(STACK)

    Global Symbols

    Symbol Name                              Value     Ov Type        Size  Object(Section)

    BuildAttributes$$THM_ISAv4$E$P$D$K$B$S$7EM$VFPi3$EXTD16$VFPS$VFMA$PE$A:L22UL41UL21$X:L11$S22US41US21$IEEE1$IW$USESV6$~STKCKD$USESV7$~SHL$OTIME$ROPI$IEEEX$EBA8$MICROLIB$REQ8$PRES8$EABIv2 0x00000000   Number         0  anon$$obj.o ABSOLUTE
    __ARM_use_no_argv                        0x00000000   Number         0  main.o ABSOLUTE
    __cpp_initialize__aeabi_                  - Undefined Weak Reference
    __cxa_finalize                            - Undefined Weak Reference
    __decompress                              - Undefined Weak Reference
    _clock_init                               - Undefined Weak Reference
    _microlib_exit                            - Undefined Weak Reference
    __Vectors_Size                           0x00000188   Number         0  startup_stm32f405xx.o ABSOLUTE
    __Vectors                                0x08000000   Data           4  startup_stm32f405xx.o(RESET)
    __Vectors_End                            0x08000188   Data           0  startup_stm32f405xx.o(RESET)
    __main                                   0x08000189   Thumb Code     0  entry.o(.ARM.Collect$$$$00000000)
    _main_stk                                0x08000189   Thumb Code     0  entry2.o(.ARM.Collect$$$$00000001)
    _main_scatterload                        0x0800018d   Thumb Code     0  entry5.o(.ARM.Collect$$$$00000004)
    __main_after_scatterload                 0x08000191   Thumb Code     0  entry5.o(.ARM.Collect$$$$00000004)
    _main_clock                              0x08000191   Thumb Code     0  entry7b.o(.ARM.Collect$$$$00000008)
    _main_cpp_init                           0x08000191   Thumb Code     0  entry8b.o(.ARM.Collect$$$$0000000A)
    _main_init                               0x08000191   Thumb Code     0  entry9a.o(.ARM.Collect$$$$0000000B)
    __rt_final_cpp                           0x08000199   Thumb Code     0  entry10a.o(.ARM.Collect$$$$0000000D)
    __rt_final_exit                          0x08000199   Thumb Code     0  entry11a.o(.ARM.Collect$$$$0000000F)
    Reset_Handler                            0x0800019d   Thumb Code     8  startup_stm32f405xx.o(.text)
    ADC_IRQHandler                           0x080001b7   Thumb Code     0  startup_stm32f405xx.o(.text)
    CAN1_RX0_IRQHandler                      0x080001b7   Thumb Code     0  startup_stm32f405xx.o(.text)
    CAN1_RX1_IRQHandler                      0x080001b7   Thumb Code     0  startup_stm32f405xx.o(.text)
    CAN1_SCE_IRQHandler                      0x080001b7   Thumb Code     0  startup_stm32f405xx.o(.text)
    CAN1_TX_IRQHandler                       0x080001b7   Thumb Code     0  startup_stm32f405xx.o(.text)
    CAN2_RX1_IRQHandler                      0x080001b7   Thumb Code     0  startup_stm32f405xx.o(.text)
    CAN2_SCE_IRQHandler                      0x080001b7   Thumb Code     0  startup_stm32f405xx.o(.text)
    DMA1_Stream0_IRQHandler                  0x080001b7   Thumb Code     0  startup_stm32f405xx.o(.text)
    DMA1_Stream1_IRQHandler                  0x080001b7   Thumb Code     0  startup_stm32f405xx.o(.text)
    DMA1_Stream2_IRQHandler                  0x080001b7   Thumb Code     0  startup_stm32f405xx.o(.text)
    DMA1_Stream3_IRQHandler                  0x080001b7   Thumb Code     0  startup_stm32f405xx.o(.text)
    DMA1_Stream4_IRQHandler                  0x080001b7   Thumb Code     0  startup_stm32f405xx.o(.text)
    DMA1_Stream5_IRQHandler                  0x080001b7   Thumb Code     0  startup_stm32f405xx.o(.text)
    DMA1_Stream6_IRQHandler                  0x080001b7   Thumb Code     0  startup_stm32f405xx.o(.text)
    DMA1_Stream7_IRQHandler                  0x080001b7   Thumb Code     0  startup_stm32f405xx.o(.text)
    DMA2_Stream0_IRQHandler                  0x080001b7   Thumb Code     0  startup_stm32f405xx.o(.text)
    DMA2_Stream1_IRQHandler                  0x080001b7   Thumb Code     0  startup_stm32f405xx.o(.text)
    DMA2_Stream2_IRQHandler                  0x080001b7   Thumb Code     0  startup_stm32f405xx.o(.text)
    DMA2_Stream3_IRQHandler                  0x080001b7   Thumb Code     0  startup_stm32f405xx.o(.text)
    DMA2_Stream4_IRQHandler                  0x080001b7   Thumb Code     0  startup_stm32f405xx.o(.text)
    DMA2_Stream5_IRQHandler                  0x080001b7   Thumb Code     0  startup_stm32f405xx.o(.text)
    DMA2_Stream6_IRQHandler                  0x080001b7   Thumb Code     0  startup_stm32f405xx.o(.text)
    DMA2_Stream7_IRQHandler                  0x080001b7   Thumb Code     0  startup_stm32f405xx.o(.text)
    EXTI0_IRQHandler                         0x080001b7   Thumb Code     0  startup_stm32f405xx.o(.text)
    EXTI15_10_IRQHandler                     0x080001b7   Thumb Code     0  startup_stm32f405xx.o(.text)
    EXTI1_IRQHandler                         0x080001b7   Thumb Code     0  startup_stm32f405xx.o(.text)
    EXTI2_IRQHandler                         0x080001b7   Thumb Code     0  startup_stm32f405xx.o(.text)
    EXTI3_IRQHandler                         0x080001b7   Thumb Code     0  startup_stm32f405xx.o(.text)
    EXTI4_IRQHandler                         0x080001b7   Thumb Code     0  startup_stm32f405xx.o(.text)
    EXTI9_5_IRQHandler                       0x080001b7   Thumb Code     0  startup_stm32f405xx.o(.text)
    FLASH_IRQHandler                         0x080001b7   Thumb Code     0  startup_stm32f405xx.o(.text)
    FMC_IRQHandler                           0x080001b7   Thumb Code     0  startup_stm32f405xx.o(.text)
    FPU_IRQHandler                           0x080001b7   Thumb Code     0  startup_stm32f405xx.o(.text)
    HASH_RNG_IRQHandler                      0x080001b7   Thumb Code     0  startup_stm32f405xx.o(.text)
    I2C1_ER_IRQHandler                       0x080001b7   Thumb Code     0  startup_stm32f405xx.o(.text)
    I2C1_EV_IRQHandler                       0x080001b7   Thumb Code     0  startup_stm32f405xx.o(.text)
    I2C2_ER_IRQHandler                       0x080001b7   Thumb Code     0  startup_stm32f405xx.o(.text)
    I2C2_EV_IRQHandler                       0x080001b7   Thumb Code     0  startup_stm32f405xx.o(.text)
    I2C3_ER_IRQHandler                       0x080001b7   Thumb Code     0  startup_stm32f405xx.o(.text)
    I2C3_EV_IRQHandler                       0x080001b7   Thumb Code     0  startup_stm32f405xx.o(.text)
    OTG_FS_IRQHandler                        0x080001b7   Thumb Code     0  startup_stm32f405xx.o(.text)
    OTG_FS_WKUP_IRQHandler                   0x080001b7   Thumb Code     0  startup_stm32f405xx.o(.text)
    OTG_HS_EP1_IN_IRQHandler                 0x080001b7   Thumb Code     0  startup_stm32f405xx.o(.text)
    OTG_HS_EP1_OUT_IRQHandler                0x080001b7   Thumb Code     0  startup_stm32f405xx.o(.text)
    OTG_HS_IRQHandler                        0x080001b7   Thumb Code     0  startup_stm32f405xx.o(.text)
    OTG_HS_WKUP_IRQHandler                   0x080001b7   Thumb Code     0  startup_stm32f405xx.o(.text)
    RCC_IRQHandler                           0x080001b7   Thumb Code     0  startup_stm32f405xx.o(.text)
    RTC_Alarm_IRQHandler                     0x080001b7   Thumb Code     0  startup_stm32f405xx.o(.text)
    RTC_WKUP_IRQHandler                      0x080001b7   Thumb Code     0  startup_stm32f405xx.o(.text)
    SDIO_IRQHandler                          0x080001b7   Thumb Code     0  startup_stm32f405xx.o(.text)
    SPI1_IRQHandler                          0x080001b7   Thumb Code     0  startup_stm32f405xx.o(.text)
    SPI2_IRQHandler                          0x080001b7   Thumb Code     0  startup_stm32f405xx.o(.text)
    SPI3_IRQHandler                          0x080001b7   Thumb Code     0  startup_stm32f405xx.o(.text)
    TAMP_STAMP_IRQHandler                    0x080001b7   Thumb Code     0  startup_stm32f405xx.o(.text)
    TIM1_BRK_TIM9_IRQHandler                 0x080001b7   Thumb Code     0  startup_stm32f405xx.o(.text)
    TIM1_CC_IRQHandler                       0x080001b7   Thumb Code     0  startup_stm32f405xx.o(.text)
    TIM1_TRG_COM_TIM11_IRQHandler            0x080001b7   Thumb Code     0  startup_stm32f405xx.o(.text)
    TIM1_UP_TIM10_IRQHandler                 0x080001b7   Thumb Code     0  startup_stm32f405xx.o(.text)
    TIM3_IRQHandler                          0x080001b7   Thumb Code     0  startup_stm32f405xx.o(.text)
    TIM4_IRQHandler                          0x080001b7   Thumb Code     0  startup_stm32f405xx.o(.text)
    TIM5_IRQHandler                          0x080001b7   Thumb Code     0  startup_stm32f405xx.o(.text)
    TIM6_DAC_IRQHandler                      0x080001b7   Thumb Code     0  startup_stm32f405xx.o(.text)
    TIM7_IRQHandler                          0x080001b7   Thumb Code     0  startup_stm32f405xx.o(.text)
    TIM8_BRK_TIM12_IRQHandler                0x080001b7   Thumb Code     0  startup_stm32f405xx.o(.text)
    TIM8_CC_IRQHandler                       0x080001b7   Thumb Code     0  startup_stm32f405xx.o(.text)
    TIM8_TRG_COM_TIM14_IRQHandler            0x080001b7   Thumb Code     0  startup_stm32f405xx.o(.text)
    TIM8_UP_TIM13_IRQHandler                 0x080001b7   Thumb Code     0  startup_stm32f405xx.o(.text)
    UART4_IRQHandler                         0x080001b7   Thumb Code     0  startup_stm32f405xx.o(.text)
    UART5_IRQHandler                         0x080001b7   Thumb Code     0  startup_stm32f405xx.o(.text)
    USART1_IRQHandler                        0x080001b7   Thumb Code     0  startup_stm32f405xx.o(.text)
    USART3_IRQHandler                        0x080001b7   Thumb Code     0  startup_stm32f405xx.o(.text)
    USART6_IRQHandler                        0x080001b7   Thumb Code     0  startup_stm32f405xx.o(.text)
    WWDG_IRQHandler                          0x080001b7   Thumb Code     0  startup_stm32f405xx.o(.text)
    __aeabi_uldivmod                         0x080001c1   Thumb Code    98  uldiv.o(.text)
    __aeabi_memset                           0x08000223   Thumb Code    14  memseta.o(.text)
    __aeabi_memset4                          0x08000223   Thumb Code     0  memseta.o(.text)
    __aeabi_memset8                          0x08000223   Thumb Code     0  memseta.o(.text)
    __aeabi_memclr                           0x08000231   Thumb Code     4  memseta.o(.text)
    __aeabi_memclr4                          0x08000231   Thumb Code     0  memseta.o(.text)
    __aeabi_memclr8                          0x08000231   Thumb Code     0  memseta.o(.text)
    _memset$wrapper                          0x08000235   Thumb Code    18  memseta.o(.text)
    __aeabi_dadd                             0x08000247   Thumb Code   322  dadd.o(.text)
    __aeabi_dsub                             0x08000389   Thumb Code     6  dadd.o(.text)
    __aeabi_drsub                            0x0800038f   Thumb Code     6  dadd.o(.text)
    __aeabi_dmul                             0x08000395   Thumb Code   228  dmul.o(.text)
    __aeabi_ui2d                             0x08000479   Thumb Code    26  dfltui.o(.text)
    __aeabi_d2iz                             0x08000493   Thumb Code    62  dfixi.o(.text)
    __aeabi_f2d                              0x080004d1   Thumb Code    38  f2d.o(.text)
    __aeabi_cdrcmple                         0x080004f9   Thumb Code    48  cdrcmple.o(.text)
    __aeabi_d2f                              0x08000529   Thumb Code    56  d2f.o(.text)
    __aeabi_llsl                             0x08000561   Thumb Code    30  llshl.o(.text)
    _ll_shift_l                              0x08000561   Thumb Code     0  llshl.o(.text)
    __aeabi_llsr                             0x0800057f   Thumb Code    32  llushr.o(.text)
    _ll_ushift_r                             0x0800057f   Thumb Code     0  llushr.o(.text)
    __aeabi_lasr                             0x0800059f   Thumb Code    36  llsshr.o(.text)
    _ll_sshift_r                             0x0800059f   Thumb Code     0  llsshr.o(.text)
    __I$use$fp                               0x080005c3   Thumb Code     0  iusefp.o(.text)
    _float_round                             0x080005c3   Thumb Code    18  fepilogue.o(.text)
    _float_epilogue                          0x080005d5   Thumb Code    92  fepilogue.o(.text)
    _double_round                            0x08000631   Thumb Code    30  depilogue.o(.text)
    _double_epilogue                         0x0800064f   Thumb Code   156  depilogue.o(.text)
    __scatterload                            0x080006ed   Thumb Code    28  init.o(.text)
    __scatterload_rt2                        0x080006ed   Thumb Code     0  init.o(.text)
    __aeabi_ddiv                             0x08000711   Thumb Code   222  ddiv.o(.text)
    __aeabi_i2d                              0x080007ef   Thumb Code    34  dflti.o(.text)
    ADS8674_GetCurrent                       0x08000811   Thumb Code   182  i2s.o(i.ADS8674_GetCurrent)
    ADS8674_Init                             0x080008e1   Thumb Code    38  i2s.o(i.ADS8674_Init)
    AllCoils_Stop                            0x08000919   Thumb Code    64  control.o(i.AllCoils_Stop)
    BoardLED_State_Update                    0x08000969   Thumb Code   420  board_dec.o(i.BoardLED_State_Update)
    Board_ADC_Bias_DEC_Soft                  0x08000b25   Thumb Code   120  board_dec.o(i.Board_ADC_Bias_DEC_Soft)
    Board_ADC_Err_DEC_Hard                   0x08000ba5   Thumb Code    26  board_dec.o(i.Board_ADC_Err_DEC_Hard)
    Board_CANBus_OverTime_DEC                0x08000bcd   Thumb Code    36  board_dec.o(i.Board_CANBus_OverTime_DEC)
    Board_CanBus_DEC                         0x08000bf9   Thumb Code   512  board_dec.o(i.Board_CanBus_DEC)
    Board_Coil_OverCurrent_DEC               0x08000e1d   Thumb Code   130  board_dec.o(i.Board_Coil_OverCurrent_DEC)
    BusFault_Handler                         0x08000eb9   Thumb Code     4  stm32f4xx_it.o(i.BusFault_Handler)
    CAN2_RX0_IRQHandler                      0x08000ebd   Thumb Code    10  stm32f4xx_it.o(i.CAN2_RX0_IRQHandler)
    CAN2_TX_IRQHandler                       0x08000ecd   Thumb Code    10  stm32f4xx_it.o(i.CAN2_TX_IRQHandler)
    Coilx_PWM_Duty_Update                    0x08000edd   Thumb Code    36  control.o(i.Coilx_PWM_Duty_Update)
    Coilx_Stop                               0x08000f01   Thumb Code    12  control.o(i.Coilx_Stop)
    Controller_Parameter_Init                0x08000f0d   Thumb Code    70  control.o(i.Controller_Parameter_Init)
    Current_Controller_Init                  0x08000f55   Thumb Code   180  control.o(i.Current_Controller_Init)
    Current_Demodulation_Fcn                 0x0800102d   Thumb Code   392  can.o(i.Current_Demodulation_Fcn)
    Current_Loop_Control                     0x080011d1   Thumb Code   140  control.o(i.Current_Loop_Control)
    DebugMon_Handler                         0x08001377   Thumb Code     2  stm32f4xx_it.o(i.DebugMon_Handler)
    Error_Handler                            0x08001379   Thumb Code     2  clock.o(i.Error_Handler)
    Error_Report_Tx_Fcn                      0x0800137d   Thumb Code    86  can.o(i.Error_Report_Tx_Fcn)
    Get_ADS8674_BiasValue                    0x080013ed   Thumb Code   146  i2s.o(i.Get_ADS8674_BiasValue)
    HAL_CAN_ActivateNotification             0x08001495   Thumb Code    42  stm32f4xx_hal_can.o(i.HAL_CAN_ActivateNotification)
    HAL_CAN_AddTxMessage                     0x080014bf   Thumb Code   342  stm32f4xx_hal_can.o(i.HAL_CAN_AddTxMessage)
    HAL_CAN_ConfigFilter                     0x08001615   Thumb Code   286  stm32f4xx_hal_can.o(i.HAL_CAN_ConfigFilter)
    HAL_CAN_DeactivateNotification           0x08001739   Thumb Code    42  stm32f4xx_hal_can.o(i.HAL_CAN_DeactivateNotification)
    HAL_CAN_ErrorCallback                    0x08001763   Thumb Code     2  stm32f4xx_hal_can.o(i.HAL_CAN_ErrorCallback)
    HAL_CAN_GetRxMessage                     0x08001765   Thumb Code   380  stm32f4xx_hal_can.o(i.HAL_CAN_GetRxMessage)
    HAL_CAN_IRQHandler                       0x080018e1   Thumb Code   590  stm32f4xx_hal_can.o(i.HAL_CAN_IRQHandler)
    HAL_CAN_Init                             0x08001b2f   Thumb Code   372  stm32f4xx_hal_can.o(i.HAL_CAN_Init)
    HAL_CAN_MspInit                          0x08001ca5   Thumb Code   184  can.o(i.HAL_CAN_MspInit)
    HAL_CAN_RxFifo0FullCallback              0x08001d69   Thumb Code     2  stm32f4xx_hal_can.o(i.HAL_CAN_RxFifo0FullCallback)
    HAL_CAN_RxFifo0MsgPendingCallback        0x08001d6d   Thumb Code  1494  can.o(i.HAL_CAN_RxFifo0MsgPendingCallback)
    HAL_CAN_RxFifo1FullCallback              0x08002371   Thumb Code     2  stm32f4xx_hal_can.o(i.HAL_CAN_RxFifo1FullCallback)
    HAL_CAN_RxFifo1MsgPendingCallback        0x08002373   Thumb Code     2  stm32f4xx_hal_can.o(i.HAL_CAN_RxFifo1MsgPendingCallback)
    HAL_CAN_SleepCallback                    0x08002375   Thumb Code     2  stm32f4xx_hal_can.o(i.HAL_CAN_SleepCallback)
    HAL_CAN_Start                            0x08002377   Thumb Code    94  stm32f4xx_hal_can.o(i.HAL_CAN_Start)
    HAL_CAN_TxMailbox0AbortCallback          0x080023d5   Thumb Code     2  stm32f4xx_hal_can.o(i.HAL_CAN_TxMailbox0AbortCallback)
    HAL_CAN_TxMailbox0CompleteCallback       0x080023d7   Thumb Code    14  can.o(i.HAL_CAN_TxMailbox0CompleteCallback)
    HAL_CAN_TxMailbox1AbortCallback          0x080023e5   Thumb Code     2  stm32f4xx_hal_can.o(i.HAL_CAN_TxMailbox1AbortCallback)
    HAL_CAN_TxMailbox1CompleteCallback       0x080023e7   Thumb Code     2  stm32f4xx_hal_can.o(i.HAL_CAN_TxMailbox1CompleteCallback)
    HAL_CAN_TxMailbox2AbortCallback          0x080023e9   Thumb Code     2  stm32f4xx_hal_can.o(i.HAL_CAN_TxMailbox2AbortCallback)
    HAL_CAN_TxMailbox2CompleteCallback       0x080023eb   Thumb Code     2  stm32f4xx_hal_can.o(i.HAL_CAN_TxMailbox2CompleteCallback)
    HAL_CAN_WakeUpFromRxMsgCallback          0x080023ed   Thumb Code     2  stm32f4xx_hal_can.o(i.HAL_CAN_WakeUpFromRxMsgCallback)
    HAL_DAC_ConfigChannel                    0x080023ef   Thumb Code    90  stm32f4xx_hal_dac.o(i.HAL_DAC_ConfigChannel)
    HAL_DAC_Init                             0x08002449   Thumb Code    40  stm32f4xx_hal_dac.o(i.HAL_DAC_Init)
    HAL_DAC_MspInit                          0x08002471   Thumb Code   114  dac.o(i.HAL_DAC_MspInit)
    HAL_DAC_Start                            0x080024f1   Thumb Code   140  stm32f4xx_hal_dac.o(i.HAL_DAC_Start)
    HAL_DMA_Abort_IT                         0x0800257d   Thumb Code    40  stm32f4xx_hal_dma.o(i.HAL_DMA_Abort_IT)
    HAL_DMA_Init                             0x080025a5   Thumb Code   232  stm32f4xx_hal_dma.o(i.HAL_DMA_Init)
    HAL_DMA_Start_IT                         0x08002691   Thumb Code   158  stm32f4xx_hal_dma.o(i.HAL_DMA_Start_IT)
    HAL_Delay                                0x08002731   Thumb Code    36  stm32f4xx_hal.o(i.HAL_Delay)
    HAL_GPIO_Init                            0x08002759   Thumb Code   466  stm32f4xx_hal_gpio.o(i.HAL_GPIO_Init)
    HAL_GPIO_ReadPin                         0x08002959   Thumb Code    16  stm32f4xx_hal_gpio.o(i.HAL_GPIO_ReadPin)
    HAL_GPIO_WritePin                        0x08002969   Thumb Code    12  stm32f4xx_hal_gpio.o(i.HAL_GPIO_WritePin)
    HAL_GetTick                              0x08002975   Thumb Code     6  stm32f4xx_hal.o(i.HAL_GetTick)
    HAL_I2SEx_FullDuplex_IRQHandler          0x08002981   Thumb Code   572  stm32f4xx_hal_i2s_ex.o(i.HAL_I2SEx_FullDuplex_IRQHandler)
    HAL_I2SEx_TransmitReceive                0x08002bc5   Thumb Code   896  stm32f4xx_hal_i2s_ex.o(i.HAL_I2SEx_TransmitReceive)
    HAL_I2SEx_TransmitReceive_DMA            0x08002f4d   Thumb Code   614  stm32f4xx_hal_i2s_ex.o(i.HAL_I2SEx_TransmitReceive_DMA)
    HAL_I2SEx_TxRxCpltCallback               0x080031c9   Thumb Code     2  stm32f4xx_hal_i2s_ex.o(i.HAL_I2SEx_TxRxCpltCallback)
    HAL_I2SEx_TxRxHalfCpltCallback           0x080031cb   Thumb Code     2  stm32f4xx_hal_i2s_ex.o(i.HAL_I2SEx_TxRxHalfCpltCallback)
    HAL_I2S_ErrorCallback                    0x080031cd   Thumb Code     2  stm32f4xx_hal_i2s.o(i.HAL_I2S_ErrorCallback)
    HAL_I2S_Init                             0x080031d1   Thumb Code   438  stm32f4xx_hal_i2s.o(i.HAL_I2S_Init)
    HAL_I2S_MspInit                          0x08003399   Thumb Code   316  i2s.o(i.HAL_I2S_MspInit)
    HAL_I2S_RxCpltCallback                   0x080034ed   Thumb Code     2  stm32f4xx_hal_i2s.o(i.HAL_I2S_RxCpltCallback)
    HAL_I2S_TxCpltCallback                   0x080034ef   Thumb Code     2  stm32f4xx_hal_i2s.o(i.HAL_I2S_TxCpltCallback)
    HAL_IncTick                              0x080034f1   Thumb Code    16  stm32f4xx_hal.o(i.HAL_IncTick)
    HAL_Init                                 0x08003509   Thumb Code    54  stm32f4xx_hal.o(i.HAL_Init)
    HAL_InitTick                             0x08003545   Thumb Code    64  stm32f4xx_hal.o(i.HAL_InitTick)
    HAL_MspInit                              0x08003591   Thumb Code    68  stm32f4xx_hal_msp.o(i.HAL_MspInit)
    HAL_NVIC_EnableIRQ                       0x080035d9   Thumb Code    32  stm32f4xx_hal_cortex.o(i.HAL_NVIC_EnableIRQ)
    HAL_NVIC_SetPriority                     0x080035f9   Thumb Code   124  stm32f4xx_hal_cortex.o(i.HAL_NVIC_SetPriority)
    HAL_NVIC_SetPriorityGrouping             0x08003675   Thumb Code    32  stm32f4xx_hal_cortex.o(i.HAL_NVIC_SetPriorityGrouping)
    HAL_PWR_ConfigPVD                        0x0800369d   Thumb Code   172  stm32f4xx_hal_pwr.o(i.HAL_PWR_ConfigPVD)
    HAL_PWR_EnablePVD                        0x08003751   Thumb Code     8  stm32f4xx_hal_pwr.o(i.HAL_PWR_EnablePVD)
    HAL_PWR_PVDCallback                      0x0800375d   Thumb Code     8  pvd.o(i.HAL_PWR_PVDCallback)
    HAL_PWR_PVD_IRQHandler                   0x08003765   Thumb Code    26  stm32f4xx_hal_pwr.o(i.HAL_PWR_PVD_IRQHandler)
    HAL_RCCEx_GetPeriphCLKFreq               0x08003785   Thumb Code   126  stm32f4xx_hal_rcc_ex.o(i.HAL_RCCEx_GetPeriphCLKFreq)
    HAL_RCCEx_PeriphCLKConfig                0x08003815   Thumb Code   396  stm32f4xx_hal_rcc_ex.o(i.HAL_RCCEx_PeriphCLKConfig)
    HAL_RCC_ClockConfig                      0x080039b5   Thumb Code   366  stm32f4xx_hal_rcc.o(i.HAL_RCC_ClockConfig)
    HAL_RCC_EnableCSS                        0x08003b35   Thumb Code     8  stm32f4xx_hal_rcc.o(i.HAL_RCC_EnableCSS)
    HAL_RCC_GetHCLKFreq                      0x08003b41   Thumb Code     6  stm32f4xx_hal_rcc.o(i.HAL_RCC_GetHCLKFreq)
    HAL_RCC_GetPCLK1Freq                     0x08003b4d   Thumb Code    22  stm32f4xx_hal_rcc.o(i.HAL_RCC_GetPCLK1Freq)
    HAL_RCC_GetPCLK2Freq                     0x08003b6d   Thumb Code    22  stm32f4xx_hal_rcc.o(i.HAL_RCC_GetPCLK2Freq)
    HAL_RCC_GetSysClockFreq                  0x08003b8d   Thumb Code   162  stm32f4xx_hal_rcc.o(i.HAL_RCC_GetSysClockFreq)
    HAL_RCC_OscConfig                        0x08003c3d   Thumb Code  1086  stm32f4xx_hal_rcc.o(i.HAL_RCC_OscConfig)
    HAL_SYSTICK_Config                       0x08004085   Thumb Code    52  stm32f4xx_hal_cortex.o(i.HAL_SYSTICK_Config)
    HAL_TIMEx_BreakCallback                  0x080040b9   Thumb Code     2  stm32f4xx_hal_tim_ex.o(i.HAL_TIMEx_BreakCallback)
    HAL_TIMEx_CommutCallback                 0x080040bb   Thumb Code     2  stm32f4xx_hal_tim_ex.o(i.HAL_TIMEx_CommutCallback)
    HAL_TIMEx_ConfigBreakDeadTime            0x080040bd   Thumb Code   116  stm32f4xx_hal_tim_ex.o(i.HAL_TIMEx_ConfigBreakDeadTime)
    HAL_TIMEx_MasterConfigSynchronization    0x08004131   Thumb Code    84  stm32f4xx_hal_tim_ex.o(i.HAL_TIMEx_MasterConfigSynchronization)
    HAL_TIM_Base_Init                        0x08004185   Thumb Code    52  stm32f4xx_hal_tim.o(i.HAL_TIM_Base_Init)
    HAL_TIM_Base_MspInit                     0x080041b9   Thumb Code   154  tim.o(i.HAL_TIM_Base_MspInit)
    HAL_TIM_Base_Start_IT                    0x08004261   Thumb Code    42  stm32f4xx_hal_tim.o(i.HAL_TIM_Base_Start_IT)
    HAL_TIM_ConfigClockSource                0x0800428b   Thumb Code   264  stm32f4xx_hal_tim.o(i.HAL_TIM_ConfigClockSource)
    HAL_TIM_IC_CaptureCallback               0x08004393   Thumb Code     2  stm32f4xx_hal_tim.o(i.HAL_TIM_IC_CaptureCallback)
    HAL_TIM_IRQHandler                       0x08004395   Thumb Code   406  stm32f4xx_hal_tim.o(i.HAL_TIM_IRQHandler)
    HAL_TIM_MspPostInit                      0x0800452d   Thumb Code   220  tim.o(i.HAL_TIM_MspPostInit)
    HAL_TIM_OC_DelayElapsedCallback          0x08004625   Thumb Code     2  stm32f4xx_hal_tim.o(i.HAL_TIM_OC_DelayElapsedCallback)
    HAL_TIM_PWM_ConfigChannel                0x08004627   Thumb Code   264  stm32f4xx_hal_tim.o(i.HAL_TIM_PWM_ConfigChannel)
    HAL_TIM_PWM_Init                         0x0800472f   Thumb Code    52  stm32f4xx_hal_tim.o(i.HAL_TIM_PWM_Init)
    HAL_TIM_PWM_MspInit                      0x08004763   Thumb Code     2  stm32f4xx_hal_tim.o(i.HAL_TIM_PWM_MspInit)
    HAL_TIM_PWM_PulseFinishedCallback        0x08004765   Thumb Code     2  stm32f4xx_hal_tim.o(i.HAL_TIM_PWM_PulseFinishedCallback)
    HAL_TIM_PWM_Start                        0x08004769   Thumb Code    80  stm32f4xx_hal_tim.o(i.HAL_TIM_PWM_Start)
    HAL_TIM_PeriodElapsedCallback            0x080047c1   Thumb Code    82  tim.o(i.HAL_TIM_PeriodElapsedCallback)
    HAL_TIM_TriggerCallback                  0x08004825   Thumb Code     2  stm32f4xx_hal_tim.o(i.HAL_TIM_TriggerCallback)
    HAL_UART_ErrorCallback                   0x08004827   Thumb Code     2  stm32f4xx_hal_uart.o(i.HAL_UART_ErrorCallback)
    HAL_UART_IRQHandler                      0x08004829   Thumb Code   328  stm32f4xx_hal_uart.o(i.HAL_UART_IRQHandler)
    HAL_UART_Init                            0x08004975   Thumb Code   114  stm32f4xx_hal_uart.o(i.HAL_UART_Init)
    HAL_UART_MspInit                         0x080049e9   Thumb Code   246  usart.o(i.HAL_UART_MspInit)
    HAL_UART_RxCpltCallback                  0x08004af5   Thumb Code     2  stm32f4xx_hal_uart.o(i.HAL_UART_RxCpltCallback)
    HAL_UART_TxCpltCallback                  0x08004af7   Thumb Code     2  stm32f4xx_hal_uart.o(i.HAL_UART_TxCpltCallback)
    Hand_Shake_Tx_Fcn                        0x08004af9   Thumb Code    86  can.o(i.Hand_Shake_Tx_Fcn)
    HardFault_Handler                        0x08004b69   Thumb Code     4  stm32f4xx_it.o(i.HardFault_Handler)
    LED_State_Init                           0x0800500d   Thumb Code    74  board_dec.o(i.LED_State_Init)
    LEDx_Flashing_Operation                  0x0800505d   Thumb Code    36  board_dec.o(i.LEDx_Flashing_Operation)
    MX_CAN2_Init                             0x08005085   Thumb Code   170  can.o(i.MX_CAN2_Init)
    MX_DAC_Init                              0x08005141   Thumb Code    82  dac.o(i.MX_DAC_Init)
    MX_DMA_Init                              0x0800519d   Thumb Code    36  dma.o(i.MX_DMA_Init)
    MX_GPIO_Init                             0x080051c5   Thumb Code   274  gpio.o(i.MX_GPIO_Init)
    MX_I2S2_Init                             0x080052ed   Thumb Code    52  i2s.o(i.MX_I2S2_Init)
    MX_TIM1_Init                             0x0800532d   Thumb Code   256  tim.o(i.MX_TIM1_Init)
    MX_TIM2_Init                             0x08005435   Thumb Code   100  tim.o(i.MX_TIM2_Init)
    MX_TIM8_Init                             0x0800549d   Thumb Code   256  tim.o(i.MX_TIM8_Init)
    MX_USART2_UART_Init                      0x080055a5   Thumb Code    46  usart.o(i.MX_USART2_UART_Init)
    MX_USART3_UART_Init                      0x080055dd   Thumb Code    46  usart.o(i.MX_USART3_UART_Init)
    MemManage_Handler                        0x08005615   Thumb Code     4  stm32f4xx_it.o(i.MemManage_Handler)
    NMI_Handler                              0x08005619   Thumb Code     2  stm32f4xx_it.o(i.NMI_Handler)
    OpenCircuit_CoilxLED_State_Update        0x0800561d   Thumb Code   212  board_dec.o(i.OpenCircuit_CoilxLED_State_Update)
    OverCurrent_CoilxLED_State_Update        0x08005709   Thumb Code   212  board_dec.o(i.OverCurrent_CoilxLED_State_Update)
    PVD_IRQHandler                           0x080058a1   Thumb Code     8  stm32f4xx_it.o(i.PVD_IRQHandler)
    PVD_Init                                 0x080058a9   Thumb Code    56  pvd.o(i.PVD_Init)
    PendSV_Handler                           0x080058e5   Thumb Code     2  stm32f4xx_it.o(i.PendSV_Handler)
    Read_AddressBit                          0x080058e9   Thumb Code   128  gpio.o(i.Read_AddressBit)
    Running_CoilxLED_State_Update            0x08005971   Thumb Code   124  board_dec.o(i.Running_CoilxLED_State_Update)
    SVC_Handler                              0x080059f1   Thumb Code     2  stm32f4xx_it.o(i.SVC_Handler)
    SysTick_Handler                          0x080059f3   Thumb Code     8  stm32f4xx_it.o(i.SysTick_Handler)
    SystemClock_Config                       0x080059fd   Thumb Code   206  clock.o(i.SystemClock_Config)
    SystemInit                               0x08005ad5   Thumb Code    82  system_stm32f4xx.o(i.SystemInit)
    TIM2_IRQHandler                          0x08005b39   Thumb Code    10  stm32f4xx_it.o(i.TIM2_IRQHandler)
    TIM_Base_SetConfig                       0x08005b49   Thumb Code   170  stm32f4xx_hal_tim.o(i.TIM_Base_SetConfig)
    TIM_CCxChannelCmd                        0x08005c21   Thumb Code    34  stm32f4xx_hal_tim.o(i.TIM_CCxChannelCmd)
    TIM_ETR_SetConfig                        0x08005c43   Thumb Code    22  stm32f4xx_hal_tim.o(i.TIM_ETR_SetConfig)
    TIM_OC2_SetConfig                        0x08005cdd   Thumb Code   114  stm32f4xx_hal_tim.o(i.TIM_OC2_SetConfig)
    USART2_IRQHandler                        0x0800633d   Thumb Code    10  stm32f4xx_it.o(i.USART2_IRQHandler)
    UsageFault_Handler                       0x0800634d   Thumb Code     4  stm32f4xx_it.o(i.UsageFault_Handler)
    __ARM_fpclassify                         0x08006351   Thumb Code    48  fpclassify.o(i.__ARM_fpclassify)
    __hardfp_fabs                            0x080063b9   Thumb Code    20  fabs.o(i.__hardfp_fabs)
    __hardfp_sin                             0x080063d1   Thumb Code   180  sin.o(i.__hardfp_sin)
    __ieee754_rem_pio2                       0x08006499   Thumb Code   938  rred.o(i.__ieee754_rem_pio2)
    __kernel_cos                             0x080068d1   Thumb Code   322  cos_i.o(i.__kernel_cos)
    __kernel_poly                            0x08006a41   Thumb Code   248  poly.o(i.__kernel_poly)
    __kernel_sin                             0x08006b39   Thumb Code   280  sin_i.o(i.__kernel_sin)
    __mathlib_dbl_infnan                     0x08006c69   Thumb Code    20  dunder.o(i.__mathlib_dbl_infnan)
    __mathlib_dbl_invalid                    0x08006c81   Thumb Code    24  dunder.o(i.__mathlib_dbl_invalid)
    __mathlib_dbl_underflow                  0x08006ca1   Thumb Code    24  dunder.o(i.__mathlib_dbl_underflow)
    __scatterload_copy                       0x08006cc1   Thumb Code    14  handlers.o(i.__scatterload_copy)
    __scatterload_null                       0x08006ccf   Thumb Code     2  handlers.o(i.__scatterload_null)
    __scatterload_zeroinit                   0x08006cd1   Thumb Code    14  handlers.o(i.__scatterload_zeroinit)
    __set_errno                              0x08006ce1   Thumb Code     6  errno.o(i.__set_errno)
    fabs                                     0x08006ced   Thumb Code    24  fabs.o(i.fabs)
    main                                     0x08006d05   Thumb Code   170  main.o(i.main)
    user_Board_Initial                       0x08006dc5   Thumb Code   120  board_dec.o(i.user_Board_Initial)
    AHBPrescTable                            0x08006e5c   Data          16  system_stm32f4xx.o(.constdata)
    APBPrescTable                            0x08006e6c   Data           8  system_stm32f4xx.o(.constdata)
    Region$$Table$$Base                      0x08006f98   Number         0  anon$$obj.o(Region$$Table)
    Region$$Table$$Limit                     0x08006fb8   Number         0  anon$$obj.o(Region$$Table)
    Flag_for_FristTime_ErrorReport           0x20000000   Data           1  main.o(.data)
    Flag_for_HandShake                       0x20000001   Data           1  main.o(.data)
    temp                                     0x20000002   Data           1  main.o(.data)
    Send_Hand_Shake_Data                     0x20000004   Data           1  can.o(.data)
    Send_Error_Report_Data                   0x20000005   Data           1  can.o(.data)
    CAN2_RxData                              0x20000006   Data           8  can.o(.data)
    CAN2_TxMailbox                           0x20000010   Data           4  can.o(.data)
    theta1                                   0x20000014   Data           4  can.o(.data)
    theta2                                   0x20000018   Data           4  can.o(.data)
    Iabs_1                                   0x2000001c   Data           2  can.o(.data)
    Iabs_2                                   0x2000001e   Data           2  can.o(.data)
    CAN_Recieve_CurrentA                     0x20000020   Data           4  can.o(.data)
    CAN_Recieve_CurrentB                     0x20000024   Data           4  can.o(.data)
    CAN_Recieve_CurrentC                     0x20000028   Data           4  can.o(.data)
    CAN_Recieve_CurrentD                     0x2000002c   Data           4  can.o(.data)
    ADS8674_TxData                           0x20000034   Data          16  i2s.o(.data)
    ADS8674_Cmd_RST                          0x20000044   Data           4  i2s.o(.data)
    Board_Address                            0x20000048   Data           1  board_dec.o(.data)
    Board_Axis                               0x20000049   Data           1  board_dec.o(.data)
    Board_Number                             0x2000004a   Data           1  board_dec.o(.data)
    led_BoardState                           0x2000004b   Data           1  board_dec.o(.data)
    Board_State                              0x2000004c   Data           4  board_dec.o(.data)
    Board_Running_Info                       0x20000050   Data           6  board_dec.o(.data)
    CANBus_DataRecieve_TimeCNT               0x20000058   Data           4  board_dec.o(.data)
    uwTick                                   0x20000084   Data           4  stm32f4xx_hal.o(.data)
    uwTickPrio                               0x20000088   Data           4  stm32f4xx_hal.o(.data)
    uwTickFreq                               0x2000008c   Data           1  stm32f4xx_hal.o(.data)
    SystemCoreClock                          0x20000090   Data           4  system_stm32f4xx.o(.data)
    Current_A                                0x20000098   Data          76  control.o(.bss)
    Current_B                                0x200000e4   Data          76  control.o(.bss)
    Current_C                                0x20000130   Data          76  control.o(.bss)
    Current_D                                0x2000017c   Data          76  control.o(.bss)
    hcan2                                    0x200001c8   Data          40  can.o(.bss)
    CAN2_TxHeader                            0x200001f0   Data          24  can.o(.bss)
    CAN2_RxHeader                            0x20000208   Data          28  can.o(.bss)
    sFilterConfig                            0x20000224   Data          40  can.o(.bss)
    hdac                                     0x2000024c   Data          20  dac.o(.bss)
    htim2                                    0x20000260   Data          64  tim.o(.bss)
    htim1                                    0x200002a0   Data          64  tim.o(.bss)
    htim8                                    0x200002e0   Data          64  tim.o(.bss)
    ADS8674_RxData                           0x20000320   Data          16  i2s.o(.bss)
    hi2s2                                    0x20000330   Data          72  i2s.o(.bss)
    hdma_spi2_tx                             0x20000378   Data          96  i2s.o(.bss)
    hdma_i2s2_ext_rx                         0x200003d8   Data          96  i2s.o(.bss)
    huart2                                   0x20000438   Data          64  usart.o(.bss)
    huart3                                   0x20000478   Data          64  usart.o(.bss)
    __initial_sp                             0x200008b8   Data           0  startup_stm32f405xx.o(STACK)



==============================================================================

Memory Map of the image

  Image Entry point : 0x08000189

  Load Region LR_IROM1 (Base: 0x08000000, Size: 0x00007050, Max: 0x00100000, ABSOLUTE)

    Execution Region ER_IROM1 (Base: 0x08000000, Size: 0x00006fb8, Max: 0x00100000, ABSOLUTE)

    Base Addr    Size         Type   Attr      Idx    E Section Name        Object

    0x08000000   0x00000188   Data   RO            3    RESET               startup_stm32f405xx.o
    0x08000188   0x00000000   Code   RO         4276  * .ARM.Collect$$$$00000000  mc_w.l(entry.o)
    0x08000188   0x00000004   Code   RO         4325    .ARM.Collect$$$$00000001  mc_w.l(entry2.o)
    0x0800018c   0x00000004   Code   RO         4328    .ARM.Collect$$$$00000004  mc_w.l(entry5.o)
    0x08000190   0x00000000   Code   RO         4330    .ARM.Collect$$$$00000008  mc_w.l(entry7b.o)
    0x08000190   0x00000000   Code   RO         4332    .ARM.Collect$$$$0000000A  mc_w.l(entry8b.o)
    0x08000190   0x00000008   Code   RO         4333    .ARM.Collect$$$$0000000B  mc_w.l(entry9a.o)
    0x08000198   0x00000000   Code   RO         4335    .ARM.Collect$$$$0000000D  mc_w.l(entry10a.o)
    0x08000198   0x00000000   Code   RO         4337    .ARM.Collect$$$$0000000F  mc_w.l(entry11a.o)
    0x08000198   0x00000004   Code   RO         4326    .ARM.Collect$$$$00002712  mc_w.l(entry2.o)
    0x0800019c   0x00000024   Code   RO            4    .text               startup_stm32f405xx.o
    0x080001c0   0x00000062   Code   RO         4279    .text               mc_w.l(uldiv.o)
    0x08000222   0x00000024   Code   RO         4281    .text               mc_w.l(memseta.o)
    0x08000246   0x0000014e   Code   RO         4283    .text               mf_w.l(dadd.o)
    0x08000394   0x000000e4   Code   RO         4285    .text               mf_w.l(dmul.o)
    0x08000478   0x0000001a   Code   RO         4287    .text               mf_w.l(dfltui.o)
    0x08000492   0x0000003e   Code   RO         4289    .text               mf_w.l(dfixi.o)
    0x080004d0   0x00000026   Code   RO         4291    .text               mf_w.l(f2d.o)
    0x080004f6   0x00000002   PAD
    0x080004f8   0x00000030   Code   RO         4293    .text               mf_w.l(cdrcmple.o)
    0x08000528   0x00000038   Code   RO         4295    .text               mf_w.l(d2f.o)
    0x08000560   0x0000001e   Code   RO         4339    .text               mc_w.l(llshl.o)
    0x0800057e   0x00000020   Code   RO         4341    .text               mc_w.l(llushr.o)
    0x0800059e   0x00000024   Code   RO         4343    .text               mc_w.l(llsshr.o)
    0x080005c2   0x00000000   Code   RO         4352    .text               mc_w.l(iusefp.o)
    0x080005c2   0x0000006e   Code   RO         4353    .text               mf_w.l(fepilogue.o)
    0x08000630   0x000000ba   Code   RO         4355    .text               mf_w.l(depilogue.o)
    0x080006ea   0x00000002   PAD
    0x080006ec   0x00000024   Code   RO         4363    .text               mc_w.l(init.o)
    0x08000710   0x000000de   Code   RO         4365    .text               mf_w.l(ddiv.o)
    0x080007ee   0x00000022   Code   RO         4367    .text               mf_w.l(dflti.o)
    0x08000810   0x000000d0   Code   RO          528    i.ADS8674_GetCurrent  i2s.o
    0x080008e0   0x00000038   Code   RO          529    i.ADS8674_Init      i2s.o
    0x08000918   0x00000050   Code   RO          213    i.AllCoils_Stop     control.o
    0x08000968   0x000001bc   Code   RO          766    i.BoardLED_State_Update  board_dec.o
    0x08000b24   0x00000080   Code   RO          767    i.Board_ADC_Bias_DEC_Soft  board_dec.o
    0x08000ba4   0x00000028   Code   RO          768    i.Board_ADC_Err_DEC_Hard  board_dec.o
    0x08000bcc   0x0000002c   Code   RO          769    i.Board_CANBus_OverTime_DEC  board_dec.o
    0x08000bf8   0x00000224   Code   RO          770    i.Board_CanBus_DEC  board_dec.o
    0x08000e1c   0x0000009c   Code   RO          772    i.Board_Coil_OverCurrent_DEC  board_dec.o
    0x08000eb8   0x00000004   Code   RO          637    i.BusFault_Handler  stm32f4xx_it.o
    0x08000ebc   0x00000010   Code   RO          638    i.CAN2_RX0_IRQHandler  stm32f4xx_it.o
    0x08000ecc   0x00000010   Code   RO          639    i.CAN2_TX_IRQHandler  stm32f4xx_it.o
    0x08000edc   0x00000024   Code   RO          214    i.Coilx_PWM_Duty_Update  control.o
    0x08000f00   0x0000000c   Code   RO          215    i.Coilx_Stop        control.o
    0x08000f0c   0x00000046   Code   RO          216    i.Controller_Parameter_Init  control.o
    0x08000f52   0x00000002   PAD
    0x08000f54   0x000000d8   Code   RO          217    i.Current_Controller_Init  control.o
    0x0800102c   0x000001a4   Code   RO          314    i.Current_Demodulation_Fcn  can.o
    0x080011d0   0x0000009c   Code   RO          218    i.Current_Loop_Control  control.o
    0x0800126c   0x00000034   Code   RO         3266    i.DMA_CalcBaseAndBitshift  stm32f4xx_hal_dma.o
    0x080012a0   0x000000aa   Code   RO         3267    i.DMA_CheckFifoParam  stm32f4xx_hal_dma.o
    0x0800134a   0x0000002c   Code   RO         3268    i.DMA_SetConfig     stm32f4xx_hal_dma.o
    0x08001376   0x00000002   Code   RO          640    i.DebugMon_Handler  stm32f4xx_it.o
    0x08001378   0x00000002   Code   RO          872    i.Error_Handler     clock.o
    0x0800137a   0x00000002   PAD
    0x0800137c   0x00000070   Code   RO          315    i.Error_Report_Tx_Fcn  can.o
    0x080013ec   0x000000a8   Code   RO          530    i.Get_ADS8674_BiasValue  i2s.o
    0x08001494   0x0000002a   Code   RO          933    i.HAL_CAN_ActivateNotification  stm32f4xx_hal_can.o
    0x080014be   0x00000156   Code   RO          934    i.HAL_CAN_AddTxMessage  stm32f4xx_hal_can.o
    0x08001614   0x00000124   Code   RO          935    i.HAL_CAN_ConfigFilter  stm32f4xx_hal_can.o
    0x08001738   0x0000002a   Code   RO          937    i.HAL_CAN_DeactivateNotification  stm32f4xx_hal_can.o
    0x08001762   0x00000002   Code   RO          938    i.HAL_CAN_ErrorCallback  stm32f4xx_hal_can.o
    0x08001764   0x0000017c   Code   RO          941    i.HAL_CAN_GetRxMessage  stm32f4xx_hal_can.o
    0x080018e0   0x0000024e   Code   RO          945    i.HAL_CAN_IRQHandler  stm32f4xx_hal_can.o
    0x08001b2e   0x00000174   Code   RO          946    i.HAL_CAN_Init      stm32f4xx_hal_can.o
    0x08001ca2   0x00000002   PAD
    0x08001ca4   0x000000c4   Code   RO          317    i.HAL_CAN_MspInit   can.o
    0x08001d68   0x00000002   Code   RO          953    i.HAL_CAN_RxFifo0FullCallback  stm32f4xx_hal_can.o
    0x08001d6a   0x00000002   PAD
    0x08001d6c   0x00000604   Code   RO          318    i.HAL_CAN_RxFifo0MsgPendingCallback  can.o
    0x08002370   0x00000002   Code   RO          955    i.HAL_CAN_RxFifo1FullCallback  stm32f4xx_hal_can.o
    0x08002372   0x00000002   Code   RO          956    i.HAL_CAN_RxFifo1MsgPendingCallback  stm32f4xx_hal_can.o
    0x08002374   0x00000002   Code   RO          957    i.HAL_CAN_SleepCallback  stm32f4xx_hal_can.o
    0x08002376   0x0000005e   Code   RO          958    i.HAL_CAN_Start     stm32f4xx_hal_can.o
    0x080023d4   0x00000002   Code   RO          960    i.HAL_CAN_TxMailbox0AbortCallback  stm32f4xx_hal_can.o
    0x080023d6   0x0000000e   Code   RO          319    i.HAL_CAN_TxMailbox0CompleteCallback  can.o
    0x080023e4   0x00000002   Code   RO          962    i.HAL_CAN_TxMailbox1AbortCallback  stm32f4xx_hal_can.o
    0x080023e6   0x00000002   Code   RO          963    i.HAL_CAN_TxMailbox1CompleteCallback  stm32f4xx_hal_can.o
    0x080023e8   0x00000002   Code   RO          964    i.HAL_CAN_TxMailbox2AbortCallback  stm32f4xx_hal_can.o
    0x080023ea   0x00000002   Code   RO          965    i.HAL_CAN_TxMailbox2CompleteCallback  stm32f4xx_hal_can.o
    0x080023ec   0x00000002   Code   RO          967    i.HAL_CAN_WakeUpFromRxMsgCallback  stm32f4xx_hal_can.o
    0x080023ee   0x0000005a   Code   RO         1270    i.HAL_DAC_ConfigChannel  stm32f4xx_hal_dac.o
    0x08002448   0x00000028   Code   RO         1280    i.HAL_DAC_Init      stm32f4xx_hal_dac.o
    0x08002470   0x00000080   Code   RO          390    i.HAL_DAC_MspInit   dac.o
    0x080024f0   0x0000008c   Code   RO         1284    i.HAL_DAC_Start     stm32f4xx_hal_dac.o
    0x0800257c   0x00000028   Code   RO         3270    i.HAL_DMA_Abort_IT  stm32f4xx_hal_dma.o
    0x080025a4   0x000000ec   Code   RO         3275    i.HAL_DMA_Init      stm32f4xx_hal_dma.o
    0x08002690   0x0000009e   Code   RO         3279    i.HAL_DMA_Start_IT  stm32f4xx_hal_dma.o
    0x0800272e   0x00000002   PAD
    0x08002730   0x00000028   Code   RO         3693    i.HAL_Delay         stm32f4xx_hal.o
    0x08002758   0x00000200   Code   RO         3162    i.HAL_GPIO_Init     stm32f4xx_hal_gpio.o
    0x08002958   0x00000010   Code   RO         3164    i.HAL_GPIO_ReadPin  stm32f4xx_hal_gpio.o
    0x08002968   0x0000000c   Code   RO         3166    i.HAL_GPIO_WritePin  stm32f4xx_hal_gpio.o
    0x08002974   0x0000000c   Code   RO         3699    i.HAL_GetTick       stm32f4xx_hal.o
    0x08002980   0x00000244   Code   RO         4130    i.HAL_I2SEx_FullDuplex_IRQHandler  stm32f4xx_hal_i2s_ex.o
    0x08002bc4   0x00000388   Code   RO         4131    i.HAL_I2SEx_TransmitReceive  stm32f4xx_hal_i2s_ex.o
    0x08002f4c   0x0000027c   Code   RO         4132    i.HAL_I2SEx_TransmitReceive_DMA  stm32f4xx_hal_i2s_ex.o
    0x080031c8   0x00000002   Code   RO         4134    i.HAL_I2SEx_TxRxCpltCallback  stm32f4xx_hal_i2s_ex.o
    0x080031ca   0x00000002   Code   RO         4135    i.HAL_I2SEx_TxRxHalfCpltCallback  stm32f4xx_hal_i2s_ex.o
    0x080031cc   0x00000002   Code   RO         3945    i.HAL_I2S_ErrorCallback  stm32f4xx_hal_i2s.o
    0x080031ce   0x00000002   PAD
    0x080031d0   0x000001c8   Code   RO         3949    i.HAL_I2S_Init      stm32f4xx_hal_i2s.o
    0x08003398   0x00000154   Code   RO          532    i.HAL_I2S_MspInit   i2s.o
    0x080034ec   0x00000002   Code   RO         3955    i.HAL_I2S_RxCpltCallback  stm32f4xx_hal_i2s.o
    0x080034ee   0x00000002   Code   RO         3960    i.HAL_I2S_TxCpltCallback  stm32f4xx_hal_i2s.o
    0x080034f0   0x00000018   Code   RO         3705    i.HAL_IncTick       stm32f4xx_hal.o
    0x08003508   0x0000003c   Code   RO         3706    i.HAL_Init          stm32f4xx_hal.o
    0x08003544   0x0000004c   Code   RO         3707    i.HAL_InitTick      stm32f4xx_hal.o
    0x08003590   0x00000048   Code   RO          742    i.HAL_MspInit       stm32f4xx_hal_msp.o
    0x080035d8   0x00000020   Code   RO         3551    i.HAL_NVIC_EnableIRQ  stm32f4xx_hal_cortex.o
    0x080035f8   0x0000007c   Code   RO         3557    i.HAL_NVIC_SetPriority  stm32f4xx_hal_cortex.o
    0x08003674   0x00000028   Code   RO         3558    i.HAL_NVIC_SetPriorityGrouping  stm32f4xx_hal_cortex.o
    0x0800369c   0x000000b4   Code   RO         3372    i.HAL_PWR_ConfigPVD  stm32f4xx_hal_pwr.o
    0x08003750   0x0000000c   Code   RO         3380    i.HAL_PWR_EnablePVD  stm32f4xx_hal_pwr.o
    0x0800375c   0x00000008   Code   RO          902    i.HAL_PWR_PVDCallback  pvd.o
    0x08003764   0x00000020   Code   RO         3388    i.HAL_PWR_PVD_IRQHandler  stm32f4xx_hal_pwr.o
    0x08003784   0x00000090   Code   RO         2867    i.HAL_RCCEx_GetPeriphCLKFreq  stm32f4xx_hal_rcc_ex.o
    0x08003814   0x000001a0   Code   RO         2868    i.HAL_RCCEx_PeriphCLKConfig  stm32f4xx_hal_rcc_ex.o
    0x080039b4   0x00000180   Code   RO         2763    i.HAL_RCC_ClockConfig  stm32f4xx_hal_rcc.o
    0x08003b34   0x0000000c   Code   RO         2766    i.HAL_RCC_EnableCSS  stm32f4xx_hal_rcc.o
    0x08003b40   0x0000000c   Code   RO         2768    i.HAL_RCC_GetHCLKFreq  stm32f4xx_hal_rcc.o
    0x08003b4c   0x00000020   Code   RO         2770    i.HAL_RCC_GetPCLK1Freq  stm32f4xx_hal_rcc.o
    0x08003b6c   0x00000020   Code   RO         2771    i.HAL_RCC_GetPCLK2Freq  stm32f4xx_hal_rcc.o
    0x08003b8c   0x000000b0   Code   RO         2772    i.HAL_RCC_GetSysClockFreq  stm32f4xx_hal_rcc.o
    0x08003c3c   0x00000448   Code   RO         2775    i.HAL_RCC_OscConfig  stm32f4xx_hal_rcc.o
    0x08004084   0x00000034   Code   RO         3562    i.HAL_SYSTICK_Config  stm32f4xx_hal_cortex.o
    0x080040b8   0x00000002   Code   RO         2180    i.HAL_TIMEx_BreakCallback  stm32f4xx_hal_tim_ex.o
    0x080040ba   0x00000002   Code   RO         2181    i.HAL_TIMEx_CommutCallback  stm32f4xx_hal_tim_ex.o
    0x080040bc   0x00000074   Code   RO         2183    i.HAL_TIMEx_ConfigBreakDeadTime  stm32f4xx_hal_tim_ex.o
    0x08004130   0x00000054   Code   RO         2198    i.HAL_TIMEx_MasterConfigSynchronization  stm32f4xx_hal_tim_ex.o
    0x08004184   0x00000034   Code   RO         1494    i.HAL_TIM_Base_Init  stm32f4xx_hal_tim.o
    0x080041b8   0x000000a8   Code   RO          461    i.HAL_TIM_Base_MspInit  tim.o
    0x08004260   0x0000002a   Code   RO         1499    i.HAL_TIM_Base_Start_IT  stm32f4xx_hal_tim.o
    0x0800428a   0x00000108   Code   RO         1503    i.HAL_TIM_ConfigClockSource  stm32f4xx_hal_tim.o
    0x08004392   0x00000002   Code   RO         1523    i.HAL_TIM_IC_CaptureCallback  stm32f4xx_hal_tim.o
    0x08004394   0x00000196   Code   RO         1537    i.HAL_TIM_IRQHandler  stm32f4xx_hal_tim.o
    0x0800452a   0x00000002   PAD
    0x0800452c   0x000000f8   Code   RO          462    i.HAL_TIM_MspPostInit  tim.o
    0x08004624   0x00000002   Code   RO         1540    i.HAL_TIM_OC_DelayElapsedCallback  stm32f4xx_hal_tim.o
    0x08004626   0x00000108   Code   RO         1561    i.HAL_TIM_PWM_ConfigChannel  stm32f4xx_hal_tim.o
    0x0800472e   0x00000034   Code   RO         1564    i.HAL_TIM_PWM_Init  stm32f4xx_hal_tim.o
    0x08004762   0x00000002   Code   RO         1566    i.HAL_TIM_PWM_MspInit  stm32f4xx_hal_tim.o
    0x08004764   0x00000002   Code   RO         1567    i.HAL_TIM_PWM_PulseFinishedCallback  stm32f4xx_hal_tim.o
    0x08004766   0x00000002   PAD
    0x08004768   0x00000058   Code   RO         1569    i.HAL_TIM_PWM_Start  stm32f4xx_hal_tim.o
    0x080047c0   0x00000064   Code   RO          463    i.HAL_TIM_PeriodElapsedCallback  tim.o
    0x08004824   0x00000002   Code   RO         1580    i.HAL_TIM_TriggerCallback  stm32f4xx_hal_tim.o
    0x08004826   0x00000002   Code   RO         2452    i.HAL_UART_ErrorCallback  stm32f4xx_hal_uart.o
    0x08004828   0x0000014c   Code   RO         2455    i.HAL_UART_IRQHandler  stm32f4xx_hal_uart.o
    0x08004974   0x00000072   Code   RO         2456    i.HAL_UART_Init     stm32f4xx_hal_uart.o
    0x080049e6   0x00000002   PAD
    0x080049e8   0x0000010c   Code   RO          590    i.HAL_UART_MspInit  usart.o
    0x08004af4   0x00000002   Code   RO         2462    i.HAL_UART_RxCpltCallback  stm32f4xx_hal_uart.o
    0x08004af6   0x00000002   Code   RO         2467    i.HAL_UART_TxCpltCallback  stm32f4xx_hal_uart.o
    0x08004af8   0x00000070   Code   RO          320    i.Hand_Shake_Tx_Fcn  can.o
    0x08004b68   0x00000004   Code   RO          641    i.HardFault_Handler  stm32f4xx_it.o
    0x08004b6c   0x000000b4   Code   RO         4136    i.I2SEx_FullDuplexWaitFlagStateUntilTimeout  stm32f4xx_hal_i2s_ex.o
    0x08004c20   0x0000003a   Code   RO         4137    i.I2SEx_RxISR_I2S   stm32f4xx_hal_i2s_ex.o
    0x08004c5a   0x00000002   PAD
    0x08004c5c   0x0000006c   Code   RO         4138    i.I2SEx_RxISR_I2SExt  stm32f4xx_hal_i2s_ex.o
    0x08004cc8   0x00000038   Code   RO         4139    i.I2SEx_TxISR_I2S   stm32f4xx_hal_i2s_ex.o
    0x08004d00   0x0000006c   Code   RO         4140    i.I2SEx_TxISR_I2SExt  stm32f4xx_hal_i2s_ex.o
    0x08004d6c   0x000000e8   Code   RO         4141    i.I2SEx_TxRxDMACplt  stm32f4xx_hal_i2s_ex.o
    0x08004e54   0x00000060   Code   RO         4142    i.I2SEx_TxRxDMAError  stm32f4xx_hal_i2s_ex.o
    0x08004eb4   0x0000000e   Code   RO         4143    i.I2SEx_TxRxDMAHalfCplt  stm32f4xx_hal_i2s_ex.o
    0x08004ec2   0x000000dc   Code   RO         3967    i.I2S_IRQHandler    stm32f4xx_hal_i2s.o
    0x08004f9e   0x00000036   Code   RO         3968    i.I2S_Receive_IT    stm32f4xx_hal_i2s.o
    0x08004fd4   0x00000036   Code   RO         3969    i.I2S_Transmit_IT   stm32f4xx_hal_i2s.o
    0x0800500a   0x00000002   PAD
    0x0800500c   0x00000050   Code   RO          773    i.LED_State_Init    board_dec.o
    0x0800505c   0x00000028   Code   RO          774    i.LEDx_Flashing_Operation  board_dec.o
    0x08005084   0x000000bc   Code   RO          321    i.MX_CAN2_Init      can.o
    0x08005140   0x0000005c   Code   RO          391    i.MX_DAC_Init       dac.o
    0x0800519c   0x00000028   Code   RO          436    i.MX_DMA_Init       dma.o
    0x080051c4   0x00000128   Code   RO          284    i.MX_GPIO_Init      gpio.o
    0x080052ec   0x00000040   Code   RO          533    i.MX_I2S2_Init      i2s.o
    0x0800532c   0x00000108   Code   RO          464    i.MX_TIM1_Init      tim.o
    0x08005434   0x00000068   Code   RO          465    i.MX_TIM2_Init      tim.o
    0x0800549c   0x00000108   Code   RO          466    i.MX_TIM8_Init      tim.o
    0x080055a4   0x00000038   Code   RO          591    i.MX_USART2_UART_Init  usart.o
    0x080055dc   0x00000038   Code   RO          592    i.MX_USART3_UART_Init  usart.o
    0x08005614   0x00000004   Code   RO          642    i.MemManage_Handler  stm32f4xx_it.o
    0x08005618   0x00000002   Code   RO          643    i.NMI_Handler       stm32f4xx_it.o
    0x0800561a   0x00000002   PAD
    0x0800561c   0x000000ec   Code   RO          775    i.OpenCircuit_CoilxLED_State_Update  board_dec.o
    0x08005708   0x000000ec   Code   RO          776    i.OverCurrent_CoilxLED_State_Update  board_dec.o
    0x080057f4   0x000000ac   Code   RO          219    i.PID_Calculate     control.o
    0x080058a0   0x00000008   Code   RO          644    i.PVD_IRQHandler    stm32f4xx_it.o
    0x080058a8   0x0000003c   Code   RO          903    i.PVD_Init          pvd.o
    0x080058e4   0x00000002   Code   RO          645    i.PendSV_Handler    stm32f4xx_it.o
    0x080058e6   0x00000002   PAD
    0x080058e8   0x00000088   Code   RO          285    i.Read_AddressBit   gpio.o
    0x08005970   0x00000080   Code   RO          777    i.Running_CoilxLED_State_Update  board_dec.o
    0x080059f0   0x00000002   Code   RO          646    i.SVC_Handler       stm32f4xx_it.o
    0x080059f2   0x00000008   Code   RO          647    i.SysTick_Handler   stm32f4xx_it.o
    0x080059fa   0x00000002   PAD
    0x080059fc   0x000000d8   Code   RO          873    i.SystemClock_Config  clock.o
    0x08005ad4   0x00000064   Code   RO         4225    i.SystemInit        system_stm32f4xx.o
    0x08005b38   0x00000010   Code   RO          648    i.TIM2_IRQHandler   stm32f4xx_it.o
    0x08005b48   0x000000d8   Code   RO         1582    i.TIM_Base_SetConfig  stm32f4xx_hal_tim.o
    0x08005c20   0x00000022   Code   RO         1583    i.TIM_CCxChannelCmd  stm32f4xx_hal_tim.o
    0x08005c42   0x00000016   Code   RO         1593    i.TIM_ETR_SetConfig  stm32f4xx_hal_tim.o
    0x08005c58   0x00000012   Code   RO         1594    i.TIM_ITRx_SetConfig  stm32f4xx_hal_tim.o
    0x08005c6a   0x00000002   PAD
    0x08005c6c   0x00000070   Code   RO         1595    i.TIM_OC1_SetConfig  stm32f4xx_hal_tim.o
    0x08005cdc   0x0000007c   Code   RO         1596    i.TIM_OC2_SetConfig  stm32f4xx_hal_tim.o
    0x08005d58   0x00000078   Code   RO         1597    i.TIM_OC3_SetConfig  stm32f4xx_hal_tim.o
    0x08005dd0   0x00000054   Code   RO         1598    i.TIM_OC4_SetConfig  stm32f4xx_hal_tim.o
    0x08005e24   0x00000026   Code   RO         1600    i.TIM_TI1_ConfigInputStage  stm32f4xx_hal_tim.o
    0x08005e4a   0x00000028   Code   RO         1602    i.TIM_TI2_ConfigInputStage  stm32f4xx_hal_tim.o
    0x08005e72   0x00000014   Code   RO         2469    i.UART_DMAAbortOnError  stm32f4xx_hal_uart.o
    0x08005e86   0x00000020   Code   RO         2479    i.UART_EndRxTransfer  stm32f4xx_hal_uart.o
    0x08005ea6   0x00000020   Code   RO         2480    i.UART_EndTransmit_IT  stm32f4xx_hal_uart.o
    0x08005ec6   0x000000a6   Code   RO         2482    i.UART_Receive_IT   stm32f4xx_hal_uart.o
    0x08005f6c   0x00000368   Code   RO         2483    i.UART_SetConfig    stm32f4xx_hal_uart.o
    0x080062d4   0x00000068   Code   RO         2484    i.UART_Transmit_IT  stm32f4xx_hal_uart.o
    0x0800633c   0x00000010   Code   RO          649    i.USART2_IRQHandler  stm32f4xx_it.o
    0x0800634c   0x00000004   Code   RO          650    i.UsageFault_Handler  stm32f4xx_it.o
    0x08006350   0x00000030   Code   RO         4359    i.__ARM_fpclassify  m_wm.l(fpclassify.o)
    0x08006380   0x00000010   Code   RO         3564    i.__NVIC_GetPriorityGrouping  stm32f4xx_hal_cortex.o
    0x08006390   0x00000028   Code   RO         3565    i.__NVIC_SetPriority  stm32f4xx_hal_cortex.o
    0x080063b8   0x00000014   Code   RO         4258    i.__hardfp_fabs     m_wm.l(fabs.o)
    0x080063cc   0x00000004   PAD
    0x080063d0   0x000000c8   Code   RO         4264    i.__hardfp_sin      m_wm.l(sin.o)
    0x08006498   0x00000438   Code   RO         4314    i.__ieee754_rem_pio2  m_wm.l(rred.o)
    0x080068d0   0x00000170   Code   RO         4297    i.__kernel_cos      m_wm.l(cos_i.o)
    0x08006a40   0x000000f8   Code   RO         4361    i.__kernel_poly     m_wm.l(poly.o)
    0x08006b38   0x00000130   Code   RO         4319    i.__kernel_sin      m_wm.l(sin_i.o)
    0x08006c68   0x00000014   Code   RO         4301    i.__mathlib_dbl_infnan  m_wm.l(dunder.o)
    0x08006c7c   0x00000004   PAD
    0x08006c80   0x00000020   Code   RO         4303    i.__mathlib_dbl_invalid  m_wm.l(dunder.o)
    0x08006ca0   0x00000020   Code   RO         4306    i.__mathlib_dbl_underflow  m_wm.l(dunder.o)
    0x08006cc0   0x0000000e   Code   RO         4371    i.__scatterload_copy  mc_w.l(handlers.o)
    0x08006cce   0x00000002   Code   RO         4372    i.__scatterload_null  mc_w.l(handlers.o)
    0x08006cd0   0x0000000e   Code   RO         4373    i.__scatterload_zeroinit  mc_w.l(handlers.o)
    0x08006cde   0x00000002   PAD
    0x08006ce0   0x0000000c   Code   RO         4347    i.__set_errno       mc_w.l(errno.o)
    0x08006cec   0x00000018   Code   RO         4260    i.fabs              m_wm.l(fabs.o)
    0x08006d04   0x000000c0   Code   RO           13    i.main              main.o
    0x08006dc4   0x00000090   Code   RO          778    i.user_Board_Initial  board_dec.o
    0x08006e54   0x00000008   Data   RO         3281    .constdata          stm32f4xx_hal_dma.o
    0x08006e5c   0x00000018   Data   RO         4226    .constdata          system_stm32f4xx.o
    0x08006e74   0x00000004   PAD
    0x08006e78   0x00000030   Data   RO         4298    .constdata          m_wm.l(cos_i.o)
    0x08006ea8   0x000000c8   Data   RO         4316    .constdata          m_wm.l(rred.o)
    0x08006f70   0x00000028   Data   RO         4320    .constdata          m_wm.l(sin_i.o)
    0x08006f98   0x00000020   Data   RO         4369    Region$$Table       anon$$obj.o


    Execution Region RW_IRAM1 (Base: 0x20000000, Size: 0x000008b8, Max: 0x00020000, ABSOLUTE)

    Base Addr    Size         Type   Attr      Idx    E Section Name        Object

    0x20000000   0x00000003   Data   RW           14    .data               main.o
    0x20000003   0x00000001   PAD
    0x20000004   0x0000002c   Data   RW          323    .data               can.o
    0x20000030   0x00000004   Data   RW          468    .data               tim.o
    0x20000034   0x00000014   Data   RW          535    .data               i2s.o
    0x20000048   0x0000003a   Data   RW          779    .data               board_dec.o
    0x20000082   0x00000002   PAD
    0x20000084   0x00000009   Data   RW         3713    .data               stm32f4xx_hal.o
    0x2000008d   0x00000003   PAD
    0x20000090   0x00000004   Data   RW         4227    .data               system_stm32f4xx.o
    0x20000094   0x00000004   Data   RW         4348    .data               mc_w.l(errno.o)
    0x20000098   0x00000130   Zero   RW          220    .bss                control.o
    0x200001c8   0x00000084   Zero   RW          322    .bss                can.o
    0x2000024c   0x00000014   Zero   RW          392    .bss                dac.o
    0x20000260   0x000000c0   Zero   RW          467    .bss                tim.o
    0x20000320   0x00000118   Zero   RW          534    .bss                i2s.o
    0x20000438   0x00000080   Zero   RW          593    .bss                usart.o
    0x200004b8   0x00000400   Zero   RW            1    STACK               startup_stm32f405xx.o


==============================================================================

Image component sizes


      Code (inc. data)   RO Data    RW Data    ZI Data      Debug   Object Name

      2224        202          0         58          0      11933   board_dec.o
      2582        242          0         44        132       6984   can.o
       218         10          0          0          0       1797   clock.o
       742         68          0          0        304       7246   control.o
       220         24          0          0         20       2083   dac.o
        40          4          0          0          0        950   dma.o
       432         30          0          0          0       1877   gpio.o
       836        102          0         20        280       4417   i2s.o
       192         22          0          3          0     660336   main.o
        68          4          0          0          0       1557   pvd.o
        36          8        392          0       1024        904   startup_stm32f405xx.o
       212         36          0          9          0       5293   stm32f4xx_hal.o
      2176          6          0          0          0     677523   stm32f4xx_hal_can.o
       304         22          0          0          0      35183   stm32f4xx_hal_cortex.o
       270          0          0          0          0       3195   stm32f4xx_hal_dac.o
       700         10          8          0          0       5809   stm32f4xx_hal_dma.o
       540         46          0          0          0       3399   stm32f4xx_hal_gpio.o
       790         18          0          0          0       6065   stm32f4xx_hal_i2s.o
      2976         86          0          0          0      12636   stm32f4xx_hal_i2s_ex.o
        72          4          0          0          0       1046   stm32f4xx_hal_msp.o
       224         18          0          0          0       2637   stm32f4xx_hal_pwr.o
      1744         88          0          0          0       6904   stm32f4xx_hal_rcc.o
       560         38          0          0          0       2517   stm32f4xx_hal_rcc_ex.o
      1986         90          0          0          0      18428   stm32f4xx_hal_tim.o
       204          0          0          0          0       3785   stm32f4xx_hal_tim_ex.o
      1678         12          0          0          0       9039   stm32f4xx_hal_uart.o
       104         24          0          0          0       8064   stm32f4xx_it.o
       100         18         24          4          0       1467   system_stm32f4xx.o
      1148         80          0          4        192       5622   tim.o
       380         42          0          0        128       2847   usart.o

    ----------------------------------------------------------------------
     23788       1354        460        148       2080    1511543   Object Totals
         0          0         32          0          0          0   (incl. Generated)
        30          0          4          6          0          0   (incl. Padding)

    ----------------------------------------------------------------------

      Code (inc. data)   RO Data    RW Data    ZI Data      Debug   Library Member Name

       368         46         48          0          0        200   cos_i.o
        84         16          0          0          0        372   dunder.o
        44          0          0          0          0        248   fabs.o
        48          0          0          0          0        124   fpclassify.o
       248          0          0          0          0        152   poly.o
      1080        142        200          0          0        188   rred.o
       200         20          0          0          0        164   sin.o
       304         24         40          0          0        208   sin_i.o
         0          0          0          0          0          0   entry.o
         0          0          0          0          0          0   entry10a.o
         0          0          0          0          0          0   entry11a.o
         8          4          0          0          0          0   entry2.o
         4          0          0          0          0          0   entry5.o
         0          0          0          0          0          0   entry7b.o
         0          0          0          0          0          0   entry8b.o
         8          4          0          0          0          0   entry9a.o
        12          6          0          4          0         68   errno.o
        30          0          0          0          0          0   handlers.o
        36          8          0          0          0         68   init.o
         0          0          0          0          0          0   iusefp.o
        30          0          0          0          0         68   llshl.o
        36          0          0          0          0         68   llsshr.o
        32          0          0          0          0         68   llushr.o
        36          0          0          0          0        108   memseta.o
        98          0          0          0          0         92   uldiv.o
        48          0          0          0          0         68   cdrcmple.o
        56          0          0          0          0         88   d2f.o
       334          0          0          0          0        148   dadd.o
       222          0          0          0          0        100   ddiv.o
       186          0          0          0          0        176   depilogue.o
        62          0          0          0          0         80   dfixi.o
        34          0          0          0          0         76   dflti.o
        26          0          0          0          0         76   dfltui.o
       228          0          0          0          0         96   dmul.o
        38          0          0          0          0         68   f2d.o
       110          0          0          0          0        168   fepilogue.o

    ----------------------------------------------------------------------
      4064        270        288          4          0       3340   Library Totals
        14          0          0          0          0          0   (incl. Padding)

    ----------------------------------------------------------------------

      Code (inc. data)   RO Data    RW Data    ZI Data      Debug   Library Name

      2376        248        288          0          0       1656   m_wm.l
       330         22          0          4          0        540   mc_w.l
      1344          0          0          0          0       1144   mf_w.l

    ----------------------------------------------------------------------
      4064        270        288          4          0       3340   Library Totals

    ----------------------------------------------------------------------

==============================================================================


      Code (inc. data)   RO Data    RW Data    ZI Data      Debug   

     27852       1624        748        152       2080    1496407   Grand Totals
     27852       1624        748        152       2080    1496407   ELF Image Totals
     27852       1624        748        152          0          0   ROM Totals

==============================================================================

    Total RO  Size (Code + RO Data)                28600 (  27.93kB)
    Total RW  Size (RW Data + ZI Data)              2232 (   2.18kB)
    Total ROM Size (Code + RO Data + RW Data)      28752 (  28.08kB)

==============================================================================

