Component: ARM Compiler 5.05 update 2 (build 169) Tool: armlink [4d0f33]

==============================================================================

Section Cross References

    startup_stm32f405xx.o(RESET) refers to startup_stm32f405xx.o(STACK) for __initial_sp
    startup_stm32f405xx.o(RESET) refers to startup_stm32f405xx.o(.text) for Reset_Handler
    startup_stm32f405xx.o(RESET) refers to stm32f4xx_it.o(i.NMI_Handler) for NMI_Handler
    startup_stm32f405xx.o(RESET) refers to stm32f4xx_it.o(i.HardFault_Handler) for HardFault_Handler
    startup_stm32f405xx.o(RESET) refers to stm32f4xx_it.o(i.MemManage_Handler) for MemManage_Handler
    startup_stm32f405xx.o(RESET) refers to stm32f4xx_it.o(i.BusFault_Handler) for BusFault_Handler
    startup_stm32f405xx.o(RESET) refers to stm32f4xx_it.o(i.UsageFault_Handler) for UsageFault_Handler
    startup_stm32f405xx.o(RESET) refers to stm32f4xx_it.o(i.SVC_Handler) for SVC_Handler
    startup_stm32f405xx.o(RESET) refers to stm32f4xx_it.o(i.DebugMon_Handler) for DebugMon_Handler
    startup_stm32f405xx.o(RESET) refers to stm32f4xx_it.o(i.PendSV_Handler) for PendSV_Handler
    startup_stm32f405xx.o(RESET) refers to stm32f4xx_it.o(i.SysTick_Handler) for SysTick_Handler
    startup_stm32f405xx.o(RESET) refers to stm32f4xx_it.o(i.TIM2_IRQHandler) for TIM2_IRQHandler
    startup_stm32f405xx.o(RESET) refers to stm32f4xx_it.o(i.USART2_IRQHandler) for USART2_IRQHandler
    startup_stm32f405xx.o(RESET) refers to stm32f4xx_it.o(i.CAN2_TX_IRQHandler) for CAN2_TX_IRQHandler
    startup_stm32f405xx.o(RESET) refers to stm32f4xx_it.o(i.CAN2_RX0_IRQHandler) for CAN2_RX0_IRQHandler
    startup_stm32f405xx.o(.text) refers to system_stm32f4xx.o(i.SystemInit) for SystemInit
    startup_stm32f405xx.o(.text) refers to entry.o(.ARM.Collect$$$$00000000) for __main
    main.o(i.main) refers to stm32f4xx_hal.o(i.HAL_Init) for HAL_Init
    main.o(i.main) refers to clock.o(i.SystemClock_Config) for SystemClock_Config
    main.o(i.main) refers to gpio.o(i.MX_GPIO_Init) for MX_GPIO_Init
    main.o(i.main) refers to tim.o(i.MX_TIM1_Init) for MX_TIM1_Init
    main.o(i.main) refers to tim.o(i.MX_TIM8_Init) for MX_TIM8_Init
    main.o(i.main) refers to dma.o(i.MX_DMA_Init) for MX_DMA_Init
    main.o(i.main) refers to i2s.o(i.MX_I2S2_Init) for MX_I2S2_Init
    main.o(i.main) refers to i2s.o(i.ADS8674_Init) for ADS8674_Init
    main.o(i.main) refers to control.o(i.Current_Controller_Init) for Current_Controller_Init
    main.o(i.main) refers to can.o(i.MX_CAN2_Init) for MX_CAN2_Init
    main.o(i.main) refers to dac.o(i.MX_DAC_Init) for MX_DAC_Init
    main.o(i.main) refers to usart.o(i.MX_USART2_UART_Init) for MX_USART2_UART_Init
    main.o(i.main) refers to usart.o(i.MX_USART3_UART_Init) for MX_USART3_UART_Init
    main.o(i.main) refers to tim.o(i.MX_TIM2_Init) for MX_TIM2_Init
    main.o(i.main) refers to board_dec.o(i.user_Board_Initial) for user_Board_Initial
    main.o(i.main) refers to stm32f4xx_hal.o(i.HAL_Delay) for HAL_Delay
    main.o(i.main) refers to board_dec.o(.data) for Board_State
    main.o(i.main) refers to main.o(.data) for KP_A
    main.o(i.main) refers to control.o(.bss) for Current_A
    control.o(i.AllCoils_Stop) refers to control.o(i.Coilx_Stop) for Coilx_Stop
    control.o(i.AllCoils_Stop) refers to control.o(.bss) for Current_A
    control.o(i.Current_Controller_Init) refers to control.o(i.Controller_Parameter_Init) for Controller_Parameter_Init
    control.o(i.Current_Controller_Init) refers to control.o(.bss) for Current_A
    control.o(i.Current_Loop_Control) refers to control.o(i.PID_Calculate) for PID_Calculate
    control.o(i.Current_Loop_Control) refers to control.o(i.Coilx_PWM_Duty_Update) for Coilx_PWM_Duty_Update
    control.o(i.Current_Loop_Control) refers to control.o(i.AllCoils_Stop) for AllCoils_Stop
    control.o(i.Current_Loop_Control) refers to control.o(.bss) for Current_A
    gpio.o(i.MX_GPIO_Init) refers to memseta.o(.text) for __aeabi_memclr4
    gpio.o(i.MX_GPIO_Init) refers to stm32f4xx_hal_gpio.o(i.HAL_GPIO_Init) for HAL_GPIO_Init
    gpio.o(i.MX_GPIO_Init) refers to stm32f4xx_hal_gpio.o(i.HAL_GPIO_WritePin) for HAL_GPIO_WritePin
    gpio.o(i.Read_AddressBit) refers to stm32f4xx_hal_gpio.o(i.HAL_GPIO_ReadPin) for HAL_GPIO_ReadPin
    can.o(i.HAL_CAN_MspDeInit) refers to stm32f4xx_hal_gpio.o(i.HAL_GPIO_DeInit) for HAL_GPIO_DeInit
    can.o(i.HAL_CAN_MspDeInit) refers to stm32f4xx_hal_cortex.o(i.HAL_NVIC_DisableIRQ) for HAL_NVIC_DisableIRQ
    can.o(i.HAL_CAN_MspInit) refers to memseta.o(.text) for __aeabi_memclr4
    can.o(i.HAL_CAN_MspInit) refers to stm32f4xx_hal_gpio.o(i.HAL_GPIO_Init) for HAL_GPIO_Init
    can.o(i.HAL_CAN_MspInit) refers to stm32f4xx_hal_cortex.o(i.HAL_NVIC_SetPriority) for HAL_NVIC_SetPriority
    can.o(i.HAL_CAN_MspInit) refers to stm32f4xx_hal_cortex.o(i.HAL_NVIC_EnableIRQ) for HAL_NVIC_EnableIRQ
    can.o(i.HAL_CAN_RxFifo0MsgPendingCallback) refers to stm32f4xx_hal_can.o(i.HAL_CAN_GetRxMessage) for HAL_CAN_GetRxMessage
[...]
    ../Drivers/STM32F4xx_HAL_Driver/Src/stm32f4xx_hal_flash_ramfunc.c 0x00000000   Number         0  stm32f4xx_hal_flash_ramfunc.o ABSOLUTE
    ../Drivers/STM32F4xx_HAL_Driver/Src/stm32f4xx_hal_gpio.c 0x00000000   Number         0  stm32f4xx_hal_gpio.o ABSOLUTE
    ../Drivers/STM32F4xx_HAL_Driver/Src/stm32f4xx_hal_pwr.c 0x00000000   Number         0  stm32f4xx_hal_pwr.o ABSOLUTE
    ../Drivers/STM32F4xx_HAL_Driver/Src/stm32f4xx_hal_pwr_ex.c 0x00000000   Number         0  stm32f4xx_hal_pwr_ex.o ABSOLUTE
    ../Drivers/STM32F4xx_HAL_Driver/Src/stm32f4xx_hal_rcc.c 0x00000000   Number         0  stm32f4xx_hal_rcc.o ABSOLUTE
    ../Drivers/STM32F4xx_HAL_Driver/Src/stm32f4xx_hal_rcc_ex.c 0x00000000   Number         0  stm32f4xx_hal_rcc_ex.o ABSOLUTE
    ../Drivers/STM32F4xx_HAL_Driver/Src/stm32f4xx_hal_tim.c 0x00000000   Number         0  stm32f4xx_hal_tim.o ABSOLUTE
    ../Drivers/STM32F4xx_HAL_Driver/Src/stm32f4xx_hal_tim_ex.c 0x00000000   Number         0  stm32f4xx_hal_tim_ex.o ABSOLUTE
    ../Drivers/STM32F4xx_HAL_Driver/Src/stm32f4xx_hal_uart.c 0x00000000   Number         0  stm32f4xx_hal_uart.o ABSOLUTE
    ../Src/can.c                             0x00000000   Number         0  can.o ABSOLUTE
    ../Src/dac.c                             0x00000000   Number         0  dac.o ABSOLUTE
    ../Src/dma.c                             0x00000000   Number         0  dma.o ABSOLUTE
    ../Src/gpio.c                            0x00000000   Number         0  gpio.o ABSOLUTE
    ../Src/main.c                            0x00000000   Number         0  main.o ABSOLUTE
    ../Src/stm32f4xx_hal_msp.c               0x00000000   Number         0  stm32f4xx_hal_msp.o ABSOLUTE
    ../Src/stm32f4xx_it.c                    0x00000000   Number         0  stm32f4xx_it.o ABSOLUTE
    ../Src/system_stm32f4xx.c                0x00000000   Number         0  system_stm32f4xx.o ABSOLUTE
    ../Src/tim.c                             0x00000000   Number         0  tim.o ABSOLUTE
    ../Src/usart.c                           0x00000000   Number         0  usart.o ABSOLUTE
    ../clib/microlib/division.c              0x00000000   Number         0  uldiv.o ABSOLUTE
    ../clib/microlib/init/entry.s            0x00000000   Number         0  entry8a.o ABSOLUTE
    ../clib/microlib/init/entry.s            0x00000000   Number         0  entry.o ABSOLUTE
    ../clib/microlib/init/entry.s            0x00000000   Number         0  entry5.o ABSOLUTE
    ../clib/microlib/init/entry.s            0x00000000   Number         0  entry7b.o ABSOLUTE
    ../clib/microlib/init/entry.s            0x00000000   Number         0  entry2.o ABSOLUTE
    ../clib/microlib/init/entry.s            0x00000000   Number         0  entry7a.o ABSOLUTE
    ../clib/microlib/init/entry.s            0x00000000   Number         0  entry8b.o ABSOLUTE
    ../clib/microlib/init/entry.s            0x00000000   Number         0  entry11b.o ABSOLUTE
    ../clib/microlib/init/entry.s            0x00000000   Number         0  entry9a.o ABSOLUTE
    ../clib/microlib/init/entry.s            0x00000000   Number         0  entry11a.o ABSOLUTE
    ../clib/microlib/init/entry.s            0x00000000   Number         0  entry10b.o ABSOLUTE
    ../clib/microlib/init/entry.s            0x00000000   Number         0  entry9b.o ABSOLUTE
    ../clib/microlib/init/entry.s            0x00000000   Number         0  entry10a.o ABSOLUTE
    ../clib/microlib/longlong.c              0x00000000   Number         0  llushr.o ABSOLUTE
    ../clib/microlib/longlong.c              0x00000000   Number         0  llshl.o ABSOLUTE
    ../clib/microlib/string/memset.c         0x00000000   Number         0  memseta.o ABSOLUTE
    ..\Drivers\STM32F4xx_HAL_Driver\Src\stm32f4xx_hal.c 0x00000000   Number         0  stm32f4xx_hal.o ABSOLUTE
    ..\Drivers\STM32F4xx_HAL_Driver\Src\stm32f4xx_hal_can.c 0x00000000   Number         0  stm32f4xx_hal_can.o ABSOLUTE
    ..\Drivers\STM32F4xx_HAL_Driver\Src\stm32f4xx_hal_cortex.c 0x00000000   Number         0  stm32f4xx_hal_cortex.o ABSOLUTE
    ..\Drivers\STM32F4xx_HAL_Driver\Src\stm32f4xx_hal_dac.c 0x00000000   Number         0  stm32f4xx_hal_dac.o ABSOLUTE
    ..\Drivers\STM32F4xx_HAL_Driver\Src\stm32f4xx_hal_dac_ex.c 0x00000000   Number         0  stm32f4xx_hal_dac_ex.o ABSOLUTE
    ..\Drivers\STM32F4xx_HAL_Driver\Src\stm32f4xx_hal_dma.c 0x00000000   Number         0  stm32f4xx_hal_dma.o ABSOLUTE
    ..\Drivers\STM32F4xx_HAL_Driver\Src\stm32f4xx_hal_dma_ex.c 0x00000000   Number         0  stm32f4xx_hal_dma_ex.o ABSOLUTE
    ..\Drivers\STM32F4xx_HAL_Driver\Src\stm32f4xx_hal_exti.c 0x00000000   Number         0  stm32f4xx_hal_exti.o ABSOLUTE
    ..\Drivers\STM32F4xx_HAL_Driver\Src\stm32f4xx_hal_flash.c 0x00000000   Number         0  stm32f4xx_hal_flash.o ABSOLUTE
    ..\Drivers\STM32F4xx_HAL_Driver\Src\stm32f4xx_hal_flash_ex.c 0x00000000   Number         0  stm32f4xx_hal_flash_ex.o ABSOLUTE
    ..\Drivers\STM32F4xx_HAL_Driver\Src\stm32f4xx_hal_flash_ramfunc.c 0x00000000   Number         0  stm32f4xx_hal_flash_ramfunc.o ABSOLUTE
    ..\Drivers\STM32F4xx_HAL_Driver\Src\stm32f4xx_hal_gpio.c 0x00000000   Number         0  stm32f4xx_hal_gpio.o ABSOLUTE
    ..\Drivers\STM32F4xx_HAL_Driver\Src\stm32f4xx_hal_i2s.c 0x00000000   Number         0  stm32f4xx_hal_i2s.o ABSOLUTE
    ..\Drivers\STM32F4xx_HAL_Driver\Src\stm32f4xx_hal_i2s_ex.c 0x00000000   Number         0  stm32f4xx_hal_i2s_ex.o ABSOLUTE
    ..\Drivers\STM32F4xx_HAL_Driver\Src\stm32f4xx_hal_pwr.c 0x00000000   Number         0  stm32f4xx_hal_pwr.o ABSOLUTE
    ..\Drivers\STM32F4xx_HAL_Driver\Src\stm32f4xx_hal_pwr_ex.c 0x00000000   Number         0  stm32f4xx_hal_pwr_ex.o ABSOLUTE
    ..\Drivers\STM32F4xx_HAL_Driver\Src\stm32f4xx_hal_rcc.c 0x00000000   Number         0  stm32f4xx_hal_rcc.o ABSOLUTE
    ..\Drivers\STM32F4xx_HAL_Driver\Src\stm32f4xx_hal_rcc_ex.c 0x00000000   Number         0  stm32f4xx_hal_rcc_ex.o ABSOLUTE
    ..\Drivers\STM32F4xx_HAL_Driver\Src\stm32f4xx_hal_tim.c 0x00000000   Number         0  stm32f4xx_hal_tim.o ABSOLUTE
    ..\Drivers\STM32F4xx_HAL_Driver\Src\stm32f4xx_hal_tim_ex.c 0x00000000   Number         0  stm32f4xx_hal_tim_ex.o ABSOLUTE
    ..\Drivers\STM32F4xx_HAL_Driver\Src\stm32f4xx_hal_uart.c 0x00000000   Number         0  stm32f4xx_hal_uart.o ABSOLUTE
    ..\Src\Board_DEC.c                       0x00000000   Number         0  board_dec.o ABSOLUTE
    ..\Src\can.c                             0x00000000   Number         0  can.o ABSOLUTE
    ..\Src\clock.c                           0x00000000   Number         0  clock.o ABSOLUTE
    ..\Src\control.c                         0x00000000   Number         0  control.o ABSOLUTE
    ..\Src\dac.c                             0x00000000   Number         0  dac.o ABSOLUTE
    ..\Src\dma.c                             0x00000000   Number         0  dma.o ABSOLUTE
    ..\Src\gpio.c                            0x00000000   Number         0  gpio.o ABSOLUTE
    ..\Src\i2s.c                             0x00000000   Number         0  i2s.o ABSOLUTE
    ..\Src\main.c                            0x00000000   Number         0  main.o ABSOLUTE
    ..\Src\stm32f4xx_hal_msp.c               0x00000000   Number         0  stm32f4xx_hal_msp.o ABSOLUTE
    ..\Src\stm32f4xx_it.c                    0x00000000   Number         0  stm32f4xx_it.o ABSOLUTE
    ..\Src\system_stm32f4xx.c                0x00000000   Number         0  system_stm32f4xx.o ABSOLUTE
    ..\Src\tim.c                             0x00000000   Number         0  tim.o ABSOLUTE
    ..\Src\usart.c                           0x00000000   Number         0  usart.o ABSOLUTE
    ..\\Drivers\\STM32F4xx_HAL_Driver\\Src\\stm32f4xx_hal_i2s.c 0x00000000   Number         0  stm32f4xx_hal_i2s.o ABSOLUTE
    ..\\Drivers\\STM32F4xx_HAL_Driver\\Src\\stm32f4xx_hal_i2s_ex.c 0x00000000   Number         0  stm32f4xx_hal_i2s_ex.o ABSOLUTE
    ..\\Src\\Board_DEC.c                     0x00000000   Number         0  board_dec.o ABSOLUTE
    ..\\Src\\clock.c                         0x00000000   Number         0  clock.o ABSOLUTE
    ..\\Src\\control.c                       0x00000000   Number         0  control.o ABSOLUTE
    ..\\Src\\i2s.c                           0x00000000   Number         0  i2s.o ABSOLUTE
    dc.s                                     0x00000000   Number         0  dc.o ABSOLUTE
    handlers.s                               0x00000000   Number         0  handlers.o ABSOLUTE
    init.s                                   0x00000000   Number         0  init.o ABSOLUTE
    startup_stm32f405xx.s                    0x00000000   Number         0  startup_stm32f405xx.o ABSOLUTE
    RESET                                    0x08000000   Section      392  startup_stm32f405xx.o(RESET)
    .ARM.Collect$$$$00000000                 0x08000188   Section        0  entry.o(.ARM.Collect$$$$00000000)
    .ARM.Collect$$$$00000001                 0x08000188   Section        4  entry2.o(.ARM.Collect$$$$00000001)
    .ARM.Collect$$$$00000004                 0x0800018c   Section        4  entry5.o(.ARM.Collect$$$$00000004)
    .ARM.Collect$$$$00000008                 0x08000190   Section        0  entry7b.o(.ARM.Collect$$$$00000008)
    .ARM.Collect$$$$0000000A                 0x08000190   Section        0  entry8b.o(.ARM.Collect$$$$0000000A)
    .ARM.Collect$$$$0000000B                 0x08000190   Section        8  entry9a.o(.ARM.Collect$$$$0000000B)
    .ARM.Collect$$$$0000000D                 0x08000198   Section        0  entry10a.o(.ARM.Collect$$$$0000000D)
    .ARM.Collect$$$$0000000F                 0x08000198   Section        0  entry11a.o(.ARM.Collect$$$$0000000F)
    .ARM.Collect$$$$00002712                 0x08000198   Section        4  entry2.o(.ARM.Collect$$$$00002712)
    __lit__00000000                          0x08000198   Data           4  entry2.o(.ARM.Collect$$$$00002712)
    .text                                    0x0800019c   Section       36  startup_stm32f405xx.o(.text)
    $v0                                      0x0800019c   Number         0  startup_stm32f405xx.o(.text)
    .text                                    0x080001c0   Section        0  uldiv.o(.text)
    .text                                    0x08000222   Section        0  memseta.o(.text)
    .text                                    0x08000246   Section        0  llshl.o(.text)
    .text                                    0x08000264   Section        0  llushr.o(.text)
    .text                                    0x08000284   Section       36  init.o(.text)
    i.ADS8674_GetCurrent                     0x080002a8   Section        0  i2s.o(i.ADS8674_GetCurrent)
    i.ADS8674_Init                           0x080003b8   Section        0  i2s.o(i.ADS8674_Init)
    i.AllCoils_Stop                          0x080003f4   Section        0  control.o(i.AllCoils_Stop)
    i.BoardLED_State_Update                  0x08000420   Section        0  board_dec.o(i.BoardLED_State_Update)
    i.BusFault_Handler                       0x080005f4   Section        0  stm32f4xx_it.o(i.BusFault_Handler)
    i.CAN2_RX0_IRQHandler                    0x080005f8   Section        0  stm32f4xx_it.o(i.CAN2_RX0_IRQHandler)
    i.CAN2_TX_IRQHandler                     0x08000608   Section        0  stm32f4xx_it.o(i.CAN2_TX_IRQHandler)
    i.Coilx_PWM_Duty_Update                  0x08000618   Section        0  control.o(i.Coilx_PWM_Duty_Update)
    i.Coilx_Stop                             0x0800063c   Section        0  control.o(i.Coilx_Stop)
    i.Controller_Parameter_Init              0x08000648   Section        0  control.o(i.Controller_Parameter_Init)
    i.Current_Controller_Init                0x08000690   Section        0  control.o(i.Current_Controller_Init)
    i.Current_Loop_Control                   0x08000768   Section        0  control.o(i.Current_Loop_Control)
    i.Current_Recording                      0x080007e0   Section        0  tim.o(i.Current_Recording)
    i.DMA_CalcBaseAndBitshift                0x0800082c   Section        0  stm32f4xx_hal_dma.o(i.DMA_CalcBaseAndBitshift)
    DMA_CalcBaseAndBitshift                  0x0800082d   Thumb Code    46  stm32f4xx_hal_dma.o(i.DMA_CalcBaseAndBitshift)
    i.DMA_CheckFifoParam                     0x08000860   Section        0  stm32f4xx_hal_dma.o(i.DMA_CheckFifoParam)
    DMA_CheckFifoParam                       0x08000861   Thumb Code   170  stm32f4xx_hal_dma.o(i.DMA_CheckFifoParam)
    i.DMA_SetConfig                          0x0800090a   Section        0  stm32f4xx_hal_dma.o(i.DMA_SetConfig)
    DMA_SetConfig                            0x0800090b   Thumb Code    44  stm32f4xx_hal_dma.o(i.DMA_SetConfig)
    i.DebugMon_Handler                       0x08000936   Section        0  stm32f4xx_it.o(i.DebugMon_Handler)
    i.Error_Handler                          0x08000938   Section        0  clock.o(i.Error_Handler)
    i.Get_ADS8674_BiasValue                  0x0800093c   Section        0  i2s.o(i.Get_ADS8674_BiasValue)
    i.HAL_CAN_ActivateNotification           0x080009c8   Section        0  stm32f4xx_hal_can.o(i.HAL_CAN_ActivateNotification)
    i.HAL_CAN_AddTxMessage                   0x080009f2   Section        0  stm32f4xx_hal_can.o(i.HAL_CAN_AddTxMessage)
    i.HAL_CAN_ConfigFilter                   0x08000b48   Section        0  stm32f4xx_hal_can.o(i.HAL_CAN_ConfigFilter)
    i.HAL_CAN_DeactivateNotification         0x08000c6c   Section        0  stm32f4xx_hal_can.o(i.HAL_CAN_DeactivateNotification)
    i.HAL_CAN_ErrorCallback                  0x08000c96   Section        0  stm32f4xx_hal_can.o(i.HAL_CAN_ErrorCallback)
    i.HAL_CAN_GetRxMessage                   0x08000c98   Section        0  stm32f4xx_hal_can.o(i.HAL_CAN_GetRxMessage)
    i.HAL_CAN_IRQHandler                     0x08000e14   Section        0  stm32f4xx_hal_can.o(i.HAL_CAN_IRQHandler)
    i.HAL_CAN_Init                           0x08001062   Section        0  stm32f4xx_hal_can.o(i.HAL_CAN_Init)
    i.HAL_CAN_MspInit                        0x080011d8   Section        0  can.o(i.HAL_CAN_MspInit)
    i.HAL_CAN_RxFifo0FullCallback            0x0800129c   Section        0  stm32f4xx_hal_can.o(i.HAL_CAN_RxFifo0FullCallback)
    i.HAL_CAN_RxFifo0MsgPendingCallback      0x080012a0   Section        0  can.o(i.HAL_CAN_RxFifo0MsgPendingCallback)
    i.HAL_CAN_RxFifo1FullCallback            0x08001310   Section        0  stm32f4xx_hal_can.o(i.HAL_CAN_RxFifo1FullCallback)
    i.HAL_CAN_RxFifo1MsgPendingCallback      0x08001312   Section        0  stm32f4xx_hal_can.o(i.HAL_CAN_RxFifo1MsgPendingCallback)
    i.HAL_CAN_SleepCallback                  0x08001314   Section        0  stm32f4xx_hal_can.o(i.HAL_CAN_SleepCallback)
    i.HAL_CAN_Start                          0x08001316   Section        0  stm32f4xx_hal_can.o(i.HAL_CAN_Start)
    i.HAL_CAN_TxMailbox0AbortCallback        0x08001374   Section        0  stm32f4xx_hal_can.o(i.HAL_CAN_TxMailbox0AbortCallback)
    i.HAL_CAN_TxMailbox0CompleteCallback     0x08001376   Section        0  can.o(i.HAL_CAN_TxMailbox0CompleteCallback)
    i.HAL_CAN_TxMailbox1AbortCallback        0x08001384   Section        0  stm32f4xx_hal_can.o(i.HAL_CAN_TxMailbox1AbortCallback)
    i.HAL_CAN_TxMailbox1CompleteCallback     0x08001386   Section        0  stm32f4xx_hal_can.o(i.HAL_CAN_TxMailbox1CompleteCallback)
    i.HAL_CAN_TxMailbox2AbortCallback        0x08001388   Section        0  stm32f4xx_hal_can.o(i.HAL_CAN_TxMailbox2AbortCallback)
    i.HAL_CAN_TxMailbox2CompleteCallback     0x0800138a   Section        0  stm32f4xx_hal_can.o(i.HAL_CAN_TxMailbox2CompleteCallback)
    i.HAL_CAN_WakeUpFromRxMsgCallback        0x0800138c   Section        0  stm32f4xx_hal_can.o(i.HAL_CAN_WakeUpFromRxMsgCallback)
    i.HAL_DAC_ConfigChannel                  0x0800138e   Section        0  stm32f4xx_hal_dac.o(i.HAL_DAC_ConfigChannel)
    i.HAL_DAC_Init                           0x080013e8   Section        0  stm32f4xx_hal_dac.o(i.HAL_DAC_Init)
    i.HAL_DAC_MspInit                        0x08001410   Section        0  dac.o(i.HAL_DAC_MspInit)
    i.HAL_DAC_Start                          0x08001490   Section        0  stm32f4xx_hal_dac.o(i.HAL_DAC_Start)
    i.HAL_DMA_Abort_IT                       0x0800151c   Section        0  stm32f4xx_hal_dma.o(i.HAL_DMA_Abort_IT)
    i.HAL_DMA_Init                           0x08001544   Section        0  stm32f4xx_hal_dma.o(i.HAL_DMA_Init)
    i.HAL_DMA_Start_IT                       0x08001630   Section        0  stm32f4xx_hal_dma.o(i.HAL_DMA_Start_IT)
    i.HAL_Delay                              0x080016d0   Section        0  stm32f4xx_hal.o(i.HAL_Delay)
    i.HAL_GPIO_Init                          0x080016f8   Section        0  stm32f4xx_hal_gpio.o(i.HAL_GPIO_Init)
    i.HAL_GPIO_ReadPin                       0x080018f8   Section        0  stm32f4xx_hal_gpio.o(i.HAL_GPIO_ReadPin)
    i.HAL_GPIO_WritePin                      0x08001908   Section        0  stm32f4xx_hal_gpio.o(i.HAL_GPIO_WritePin)
    i.HAL_GetTick                            0x08001914   Section        0  stm32f4xx_hal.o(i.HAL_GetTick)
    i.HAL_I2SEx_FullDuplex_IRQHandler        0x08001920   Section        0  stm32f4xx_hal_i2s_ex.o(i.HAL_I2SEx_FullDuplex_IRQHandler)
    i.HAL_I2SEx_TransmitReceive              0x08001b64   Section        0  stm32f4xx_hal_i2s_ex.o(i.HAL_I2SEx_TransmitReceive)
    i.HAL_I2SEx_TransmitReceive_DMA          0x08001eec   Section        0  stm32f4xx_hal_i2s_ex.o(i.HAL_I2SEx_TransmitReceive_DMA)
    i.HAL_I2SEx_TxRxCpltCallback             0x08002168   Section        0  stm32f4xx_hal_i2s_ex.o(i.HAL_I2SEx_TxRxCpltCallback)
    i.HAL_I2SEx_TxRxHalfCpltCallback         0x0800216a   Section        0  stm32f4xx_hal_i2s_ex.o(i.HAL_I2SEx_TxRxHalfCpltCallback)
    i.HAL_I2S_ErrorCallback                  0x0800216c   Section        0  stm32f4xx_hal_i2s.o(i.HAL_I2S_ErrorCallback)
    i.HAL_I2S_Init                           0x08002170   Section        0  stm32f4xx_hal_i2s.o(i.HAL_I2S_Init)
    i.HAL_I2S_MspInit                        0x08002338   Section        0  i2s.o(i.HAL_I2S_MspInit)
    i.HAL_I2S_RxCpltCallback                 0x0800248c   Section        0  stm32f4xx_hal_i2s.o(i.HAL_I2S_RxCpltCallback)
    i.HAL_I2S_TxCpltCallback                 0x0800248e   Section        0  stm32f4xx_hal_i2s.o(i.HAL_I2S_TxCpltCallback)
    i.HAL_IncTick                            0x08002490   Section        0  stm32f4xx_hal.o(i.HAL_IncTick)
    i.HAL_Init                               0x080024a8   Section        0  stm32f4xx_hal.o(i.HAL_Init)
    i.HAL_InitTick                           0x080024e4   Section        0  stm32f4xx_hal.o(i.HAL_InitTick)
    i.HAL_MspInit                            0x08002530   Section        0  stm32f4xx_hal_msp.o(i.HAL_MspInit)
    i.HAL_NVIC_EnableIRQ                     0x08002578   Section        0  stm32f4xx_hal_cortex.o(i.HAL_NVIC_EnableIRQ)
    i.HAL_NVIC_SetPriority                   0x08002598   Section        0  stm32f4xx_hal_cortex.o(i.HAL_NVIC_SetPriority)
    i.HAL_NVIC_SetPriorityGrouping           0x08002614   Section        0  stm32f4xx_hal_cortex.o(i.HAL_NVIC_SetPriorityGrouping)
    i.HAL_RCCEx_GetPeriphCLKFreq             0x0800263c   Section        0  stm32f4xx_hal_rcc_ex.o(i.HAL_RCCEx_GetPeriphCLKFreq)
    i.HAL_RCCEx_PeriphCLKConfig              0x080026cc   Section        0  stm32f4xx_hal_rcc_ex.o(i.HAL_RCCEx_PeriphCLKConfig)
    i.HAL_RCC_ClockConfig                    0x0800286c   Section        0  stm32f4xx_hal_rcc.o(i.HAL_RCC_ClockConfig)
    i.HAL_RCC_EnableCSS                      0x080029ec   Section        0  stm32f4xx_hal_rcc.o(i.HAL_RCC_EnableCSS)
    i.HAL_RCC_GetHCLKFreq                    0x080029f8   Section        0  stm32f4xx_hal_rcc.o(i.HAL_RCC_GetHCLKFreq)
    i.HAL_RCC_GetPCLK1Freq                   0x08002a04   Section        0  stm32f4xx_hal_rcc.o(i.HAL_RCC_GetPCLK1Freq)
    i.HAL_RCC_GetPCLK2Freq                   0x08002a24   Section        0  stm32f4xx_hal_rcc.o(i.HAL_RCC_GetPCLK2Freq)
    i.HAL_RCC_GetSysClockFreq                0x08002a44   Section        0  stm32f4xx_hal_rcc.o(i.HAL_RCC_GetSysClockFreq)
    i.HAL_RCC_OscConfig                      0x08002af4   Section        0  stm32f4xx_hal_rcc.o(i.HAL_RCC_OscConfig)
    i.HAL_SYSTICK_Config                     0x08002f3c   Section        0  stm32f4xx_hal_cortex.o(i.HAL_SYSTICK_Config)
    i.HAL_TIMEx_BreakCallback                0x08002f70   Section        0  stm32f4xx_hal_tim_ex.o(i.HAL_TIMEx_BreakCallback)
    i.HAL_TIMEx_CommutCallback               0x08002f72   Section        0  stm32f4xx_hal_tim_ex.o(i.HAL_TIMEx_CommutCallback)
    i.HAL_TIMEx_ConfigBreakDeadTime          0x08002f74   Section        0  stm32f4xx_hal_tim_ex.o(i.HAL_TIMEx_ConfigBreakDeadTime)
    i.HAL_TIMEx_MasterConfigSynchronization  0x08002fe8   Section        0  stm32f4xx_hal_tim_ex.o(i.HAL_TIMEx_MasterConfigSynchronization)
    i.HAL_TIM_Base_Init                      0x0800303c   Section        0  stm32f4xx_hal_tim.o(i.HAL_TIM_Base_Init)
    i.HAL_TIM_Base_MspInit                   0x08003070   Section        0  tim.o(i.HAL_TIM_Base_MspInit)
    i.HAL_TIM_Base_Start_IT                  0x08003118   Section        0  stm32f4xx_hal_tim.o(i.HAL_TIM_Base_Start_IT)
    i.HAL_TIM_ConfigClockSource              0x08003142   Section        0  stm32f4xx_hal_tim.o(i.HAL_TIM_ConfigClockSource)
    i.HAL_TIM_IC_CaptureCallback             0x0800324a   Section        0  stm32f4xx_hal_tim.o(i.HAL_TIM_IC_CaptureCallback)
    i.HAL_TIM_IRQHandler                     0x0800324c   Section        0  stm32f4xx_hal_tim.o(i.HAL_TIM_IRQHandler)
    i.HAL_TIM_MspPostInit                    0x080033e4   Section        0  tim.o(i.HAL_TIM_MspPostInit)
    i.HAL_TIM_OC_DelayElapsedCallback        0x080034dc   Section        0  stm32f4xx_hal_tim.o(i.HAL_TIM_OC_DelayElapsedCallback)
    i.HAL_TIM_PWM_ConfigChannel              0x080034de   Section        0  stm32f4xx_hal_tim.o(i.HAL_TIM_PWM_ConfigChannel)
    i.HAL_TIM_PWM_Init                       0x080035e6   Section        0  stm32f4xx_hal_tim.o(i.HAL_TIM_PWM_Init)
    i.HAL_TIM_PWM_MspInit                    0x0800361a   Section        0  stm32f4xx_hal_tim.o(i.HAL_TIM_PWM_MspInit)
    i.HAL_TIM_PWM_PulseFinishedCallback      0x0800361c   Section        0  stm32f4xx_hal_tim.o(i.HAL_TIM_PWM_PulseFinishedCallback)
    i.HAL_TIM_PWM_Start                      0x08003620   Section        0  stm32f4xx_hal_tim.o(i.HAL_TIM_PWM_Start)
    i.HAL_TIM_PeriodElapsedCallback          0x08003678   Section        0  tim.o(i.HAL_TIM_PeriodElapsedCallback)
    i.HAL_TIM_TriggerCallback                0x080036dc   Section        0  stm32f4xx_hal_tim.o(i.HAL_TIM_TriggerCallback)
    i.HAL_UART_ErrorCallback                 0x080036de   Section        0  stm32f4xx_hal_uart.o(i.HAL_UART_ErrorCallback)
    i.HAL_UART_IRQHandler                    0x080036e0   Section        0  stm32f4xx_hal_uart.o(i.HAL_UART_IRQHandler)
    i.HAL_UART_Init                          0x0800382c   Section        0  stm32f4xx_hal_uart.o(i.HAL_UART_Init)
    i.HAL_UART_MspInit                       0x080038a0   Section        0  usart.o(i.HAL_UART_MspInit)
    i.HAL_UART_RxCpltCallback                0x080039ac   Section        0  stm32f4xx_hal_uart.o(i.HAL_UART_RxCpltCallback)
    i.HAL_UART_TxCpltCallback                0x080039ae   Section        0  stm32f4xx_hal_uart.o(i.HAL_UART_TxCpltCallback)
    i.HardFault_Handler                      0x080039b0   Section        0  stm32f4xx_it.o(i.HardFault_Handler)
    i.I2SEx_FullDuplexWaitFlagStateUntilTimeout 0x080039b4   Section        0  stm32f4xx_hal_i2s_ex.o(i.I2SEx_FullDuplexWaitFlagStateUntilTimeout)
    I2SEx_FullDuplexWaitFlagStateUntilTimeout 0x080039b5   Thumb Code   170  stm32f4xx_hal_i2s_ex.o(i.I2SEx_FullDuplexWaitFlagStateUntilTimeout)
    i.I2SEx_RxISR_I2S                        0x08003a68   Section        0  stm32f4xx_hal_i2s_ex.o(i.I2SEx_RxISR_I2S)
    I2SEx_RxISR_I2S                          0x08003a69   Thumb Code    58  stm32f4xx_hal_i2s_ex.o(i.I2SEx_RxISR_I2S)
    i.I2SEx_RxISR_I2SExt                     0x08003aa4   Section        0  stm32f4xx_hal_i2s_ex.o(i.I2SEx_RxISR_I2SExt)
    I2SEx_RxISR_I2SExt                       0x08003aa5   Thumb Code   100  stm32f4xx_hal_i2s_ex.o(i.I2SEx_RxISR_I2SExt)
    i.I2SEx_TxISR_I2S                        0x08003b10   Section        0  stm32f4xx_hal_i2s_ex.o(i.I2SEx_TxISR_I2S)
    I2SEx_TxISR_I2S                          0x08003b11   Thumb Code    56  stm32f4xx_hal_i2s_ex.o(i.I2SEx_TxISR_I2S)
    i.I2SEx_TxISR_I2SExt                     0x08003b48   Section        0  stm32f4xx_hal_i2s_ex.o(i.I2SEx_TxISR_I2SExt)
    I2SEx_TxISR_I2SExt                       0x08003b49   Thumb Code    98  stm32f4xx_hal_i2s_ex.o(i.I2SEx_TxISR_I2SExt)
    i.I2SEx_TxRxDMACplt                      0x08003bb4   Section        0  stm32f4xx_hal_i2s_ex.o(i.I2SEx_TxRxDMACplt)
    I2SEx_TxRxDMACplt                        0x08003bb5   Thumb Code   222  stm32f4xx_hal_i2s_ex.o(i.I2SEx_TxRxDMACplt)
    i.I2SEx_TxRxDMAError                     0x08003c9c   Section        0  stm32f4xx_hal_i2s_ex.o(i.I2SEx_TxRxDMAError)
    I2SEx_TxRxDMAError                       0x08003c9d   Thumb Code    86  stm32f4xx_hal_i2s_ex.o(i.I2SEx_TxRxDMAError)
    i.I2SEx_TxRxDMAHalfCplt                  0x08003cfc   Section        0  stm32f4xx_hal_i2s_ex.o(i.I2SEx_TxRxDMAHalfCplt)
    I2SEx_TxRxDMAHalfCplt                    0x08003cfd   Thumb Code    14  stm32f4xx_hal_i2s_ex.o(i.I2SEx_TxRxDMAHalfCplt)
    i.I2S_IRQHandler                         0x08003d0a   Section        0  stm32f4xx_hal_i2s.o(i.I2S_IRQHandler)
    I2S_IRQHandler                           0x08003d0b   Thumb Code   220  stm32f4xx_hal_i2s.o(i.I2S_IRQHandler)
    i.I2S_Receive_IT                         0x08003de6   Section        0  stm32f4xx_hal_i2s.o(i.I2S_Receive_IT)
    I2S_Receive_IT                           0x08003de7   Thumb Code    54  stm32f4xx_hal_i2s.o(i.I2S_Receive_IT)
    i.I2S_Transmit_IT                        0x08003e1c   Section        0  stm32f4xx_hal_i2s.o(i.I2S_Transmit_IT)
    I2S_Transmit_IT                          0x08003e1d   Thumb Code    54  stm32f4xx_hal_i2s.o(i.I2S_Transmit_IT)
    i.LED_State_Init                         0x08003e54   Section        0  board_dec.o(i.LED_State_Init)
    i.LEDx_Flashing_Operation                0x08003ea4   Section        0  board_dec.o(i.LEDx_Flashing_Operation)
    i.MX_CAN2_Init                           0x08003ecc   Section        0  can.o(i.MX_CAN2_Init)
    i.MX_DAC_Init                            0x08003f88   Section        0  dac.o(i.MX_DAC_Init)
    i.MX_DMA_Init                            0x08003fe4   Section        0  dma.o(i.MX_DMA_Init)
    i.MX_GPIO_Init                           0x0800400c   Section        0  gpio.o(i.MX_GPIO_Init)
    i.MX_I2S2_Init                           0x08004134   Section        0  i2s.o(i.MX_I2S2_Init)
    i.MX_TIM1_Init                           0x08004174   Section        0  tim.o(i.MX_TIM1_Init)
    i.MX_TIM2_Init                           0x0800427c   Section        0  tim.o(i.MX_TIM2_Init)
    i.MX_TIM8_Init                           0x080042e4   Section        0  tim.o(i.MX_TIM8_Init)
    i.MX_USART2_UART_Init                    0x080043ec   Section        0  usart.o(i.MX_USART2_UART_Init)
    i.MX_USART3_UART_Init                    0x08004424   Section        0  usart.o(i.MX_USART3_UART_Init)
    i.MemManage_Handler                      0x0800445c   Section        0  stm32f4xx_it.o(i.MemManage_Handler)
    i.NMI_Handler                            0x08004460   Section        0  stm32f4xx_it.o(i.NMI_Handler)
    i.OpenCircuit_CoilxLED_State_Update      0x08004464   Section        0  board_dec.o(i.OpenCircuit_CoilxLED_State_Update)
    i.OverCurrent_CoilxLED_State_Update      0x08004550   Section        0  board_dec.o(i.OverCurrent_CoilxLED_State_Update)
    i.PID_Calculate                          0x0800463c   Section        0  control.o(i.PID_Calculate)
    PID_Calculate                            0x0800463d   Thumb Code   172  control.o(i.PID_Calculate)
    i.PendSV_Handler                         0x080046e8   Section        0  stm32f4xx_it.o(i.PendSV_Handler)
    i.Read_AddressBit                        0x080046ec   Section        0  gpio.o(i.Read_AddressBit)
    i.Running_CoilxLED_State_Update          0x08004774   Section        0  board_dec.o(i.Running_CoilxLED_State_Update)
    i.SVC_Handler                            0x080047f4   Section        0  stm32f4xx_it.o(i.SVC_Handler)
    i.SysTick_Handler                        0x080047f6   Section        0  stm32f4xx_it.o(i.SysTick_Handler)
    i.SystemClock_Config                     0x08004800   Section        0  clock.o(i.SystemClock_Config)
    i.SystemInit                             0x080048d8   Section        0  system_stm32f4xx.o(i.SystemInit)
    i.TIM2_IRQHandler                        0x0800493c   Section        0  stm32f4xx_it.o(i.TIM2_IRQHandler)
    i.TIM_Base_SetConfig                     0x0800494c   Section        0  stm32f4xx_hal_tim.o(i.TIM_Base_SetConfig)
    i.TIM_CCxChannelCmd                      0x08004a24   Section        0  stm32f4xx_hal_tim.o(i.TIM_CCxChannelCmd)
    i.TIM_ETR_SetConfig                      0x08004a46   Section        0  stm32f4xx_hal_tim.o(i.TIM_ETR_SetConfig)
    i.TIM_ITRx_SetConfig                     0x08004a5c   Section        0  stm32f4xx_hal_tim.o(i.TIM_ITRx_SetConfig)
    TIM_ITRx_SetConfig                       0x08004a5d   Thumb Code    18  stm32f4xx_hal_tim.o(i.TIM_ITRx_SetConfig)
    i.TIM_OC1_SetConfig                      0x08004a70   Section        0  stm32f4xx_hal_tim.o(i.TIM_OC1_SetConfig)
    TIM_OC1_SetConfig                        0x08004a71   Thumb Code   104  stm32f4xx_hal_tim.o(i.TIM_OC1_SetConfig)
    i.TIM_OC2_SetConfig                      0x08004ae0   Section        0  stm32f4xx_hal_tim.o(i.TIM_OC2_SetConfig)
    i.TIM_OC3_SetConfig                      0x08004b5c   Section        0  stm32f4xx_hal_tim.o(i.TIM_OC3_SetConfig)
    TIM_OC3_SetConfig                        0x08004b5d   Thumb Code   112  stm32f4xx_hal_tim.o(i.TIM_OC3_SetConfig)
    i.TIM_OC4_SetConfig                      0x08004bd4   Section        0  stm32f4xx_hal_tim.o(i.TIM_OC4_SetConfig)
    TIM_OC4_SetConfig                        0x08004bd5   Thumb Code    74  stm32f4xx_hal_tim.o(i.TIM_OC4_SetConfig)
    i.TIM_TI1_ConfigInputStage               0x08004c28   Section        0  stm32f4xx_hal_tim.o(i.TIM_TI1_ConfigInputStage)
    TIM_TI1_ConfigInputStage                 0x08004c29   Thumb Code    38  stm32f4xx_hal_tim.o(i.TIM_TI1_ConfigInputStage)
    i.TIM_TI2_ConfigInputStage               0x08004c4e   Section        0  stm32f4xx_hal_tim.o(i.TIM_TI2_ConfigInputStage)
    TIM_TI2_ConfigInputStage                 0x08004c4f   Thumb Code    40  stm32f4xx_hal_tim.o(i.TIM_TI2_ConfigInputStage)
    i.UART_DMAAbortOnError                   0x08004c76   Section        0  stm32f4xx_hal_uart.o(i.UART_DMAAbortOnError)
    UART_DMAAbortOnError                     0x08004c77   Thumb Code    20  stm32f4xx_hal_uart.o(i.UART_DMAAbortOnError)
    i.UART_EndRxTransfer                     0x08004c8a   Section        0  stm32f4xx_hal_uart.o(i.UART_EndRxTransfer)
    UART_EndRxTransfer                       0x08004c8b   Thumb Code    32  stm32f4xx_hal_uart.o(i.UART_EndRxTransfer)
    i.UART_EndTransmit_IT                    0x08004caa   Section        0  stm32f4xx_hal_uart.o(i.UART_EndTransmit_IT)
    UART_EndTransmit_IT                      0x08004cab   Thumb Code    32  stm32f4xx_hal_uart.o(i.UART_EndTransmit_IT)
    i.UART_Receive_IT                        0x08004cca   Section        0  stm32f4xx_hal_uart.o(i.UART_Receive_IT)
    UART_Receive_IT                          0x08004ccb   Thumb Code   166  stm32f4xx_hal_uart.o(i.UART_Receive_IT)
    i.UART_SetConfig                         0x08004d70   Section        0  stm32f4xx_hal_uart.o(i.UART_SetConfig)
    UART_SetConfig                           0x08004d71   Thumb Code   864  stm32f4xx_hal_uart.o(i.UART_SetConfig)
    i.UART_Transmit_IT                       0x080050d8   Section        0  stm32f4xx_hal_uart.o(i.UART_Transmit_IT)
    UART_Transmit_IT                         0x080050d9   Thumb Code   104  stm32f4xx_hal_uart.o(i.UART_Transmit_IT)
    i.USART2_IRQHandler                      0x08005140   Section        0  stm32f4xx_it.o(i.USART2_IRQHandler)
    i.UsageFault_Handler                     0x08005150   Section        0  stm32f4xx_it.o(i.UsageFault_Handler)
    i.__NVIC_GetPriorityGrouping             0x08005154   Section        0  stm32f4xx_hal_cortex.o(i.__NVIC_GetPriorityGrouping)
    __NVIC_GetPriorityGrouping               0x08005155   Thumb Code    10  stm32f4xx_hal_cortex.o(i.__NVIC_GetPriorityGrouping)
    i.__NVIC_SetPriority                     0x08005164   Section        0  stm32f4xx_hal_cortex.o(i.__NVIC_SetPriority)
    __NVIC_SetPriority                       0x08005165   Thumb Code    32  stm32f4xx_hal_cortex.o(i.__NVIC_SetPriority)
    i.__scatterload_copy                     0x0800518c   Section       14  handlers.o(i.__scatterload_copy)
    i.__scatterload_null                     0x0800519a   Section        2  handlers.o(i.__scatterload_null)
    i.__scatterload_zeroinit                 0x0800519c   Section       14  handlers.o(i.__scatterload_zeroinit)
    i.main                                   0x080051ac   Section        0  main.o(i.main)
    i.user_Board_Initial                     0x080052e4   Section        0  board_dec.o(i.user_Board_Initial)
    .constdata                               0x08005364   Section        8  stm32f4xx_hal_dma.o(.constdata)
    flagBitshiftOffset                       0x08005364   Data           8  stm32f4xx_hal_dma.o(.constdata)
    .constdata                               0x0800536c   Section       24  system_stm32f4xx.o(.constdata)
    .data                                    0x20000000   Section       52  main.o(.data)
    .data                                    0x20000038   Section       44  can.o(.data)
    .data                                    0x20000064   Section       12  tim.o(.data)
    tim_LED_cnt                              0x20000068   Data           4  tim.o(.data)
    i                                        0x2000006c   Data           4  tim.o(.data)
    .data                                    0x20000070   Section       20  i2s.o(.data)
    .data                                    0x20000084   Section       48  board_dec.o(.data)
    Sequence_FlashingQuick_Twice             0x20000092   Data           7  board_dec.o(.data)
    Sequence_FlashingQuick_Thrice            0x20000099   Data           9  board_dec.o(.data)
    Sequence_FlashingSlow_Repeated           0x200000a2   Data           6  board_dec.o(.data)
    Sequence_FlashingQuick_Repeated          0x200000a8   Data           4  board_dec.o(.data)
    OCcnt_indexA                             0x200000ac   Data           1  board_dec.o(.data)
    OCcnt_indexB                             0x200000ad   Data           1  board_dec.o(.data)
    OCcnt_indexC                             0x200000ae   Data           1  board_dec.o(.data)
    OCcnt_indexD                             0x200000af   Data           1  board_dec.o(.data)
    OPcnt_indexA                             0x200000b0   Data           1  board_dec.o(.data)
    OPcnt_indexB                             0x200000b1   Data           1  board_dec.o(.data)
    OPcnt_indexC                             0x200000b2   Data           1  board_dec.o(.data)
    OPcnt_indexD                             0x200000b3   Data           1  board_dec.o(.data)
    .data                                    0x200000b4   Section        9  stm32f4xx_hal.o(.data)
    .data                                    0x200000c0   Section        4  system_stm32f4xx.o(.data)
    .bss                                     0x200000c4   Section      304  control.o(.bss)
    .bss                                     0x200001f4   Section      132  can.o(.bss)
    .bss                                     0x20000278   Section       20  dac.o(.bss)
    .bss                                     0x2000028c   Section     8192  tim.o(.bss)
    .bss                                     0x2000228c   Section      280  i2s.o(.bss)
    .bss                                     0x200023a4   Section      128  usart.o(.bss)
    STACK                                    0x20002428   Section     1024  startup_stm32f405xx.o(STACK)

    Global Symbols

    Symbol Name                              Value     Ov Type        Size  Object(Section)

    BuildAttributes$$THM_ISAv4$E$P$D$K$B$S$7EM$VFPi3$EXTD16$VFPS$VFMA$PE$A:L22UL41UL21$X:L11$S22US41US21$IEEE1$IW$USESV6$~STKCKD$USESV7$~SHL$OSPACE$EBA8$MICROLIB$REQ8$PRES8$EABIv2 0x00000000   Number         0  anon$$obj.o ABSOLUTE
    __ARM_use_no_argv                        0x00000000   Number         0  main.o ABSOLUTE
    __cpp_initialize__aeabi_                  - Undefined Weak Reference
    __cxa_finalize                            - Undefined Weak Reference
    __decompress                              - Undefined Weak Reference
    _clock_init                               - Undefined Weak Reference
    _microlib_exit                            - Undefined Weak Reference
    __Vectors_Size                           0x00000188   Number         0  startup_stm32f405xx.o ABSOLUTE
    __Vectors                                0x08000000   Data           4  startup_stm32f405xx.o(RESET)
    __Vectors_End                            0x08000188   Data           0  startup_stm32f405xx.o(RESET)
    __main                                   0x08000189   Thumb Code     0  entry.o(.ARM.Collect$$$$00000000)
    _main_stk                                0x08000189   Thumb Code     0  entry2.o(.ARM.Collect$$$$00000001)
    _main_scatterload                        0x0800018d   Thumb Code     0  entry5.o(.ARM.Collect$$$$00000004)
    __main_after_scatterload                 0x08000191   Thumb Code     0  entry5.o(.ARM.Collect$$$$00000004)
    _main_clock                              0x08000191   Thumb Code     0  entry7b.o(.ARM.Collect$$$$00000008)
    _main_cpp_init                           0x08000191   Thumb Code     0  entry8b.o(.ARM.Collect$$$$0000000A)
    _main_init                               0x08000191   Thumb Code     0  entry9a.o(.ARM.Collect$$$$0000000B)
    __rt_final_cpp                           0x08000199   Thumb Code     0  entry10a.o(.ARM.Collect$$$$0000000D)
    __rt_final_exit                          0x08000199   Thumb Code     0  entry11a.o(.ARM.Collect$$$$0000000F)
    Reset_Handler                            0x0800019d   Thumb Code     8  startup_stm32f405xx.o(.text)
    ADC_IRQHandler                           0x080001b7   Thumb Code     0  startup_stm32f405xx.o(.text)
    CAN1_RX0_IRQHandler                      0x080001b7   Thumb Code     0  startup_stm32f405xx.o(.text)
    CAN1_RX1_IRQHandler                      0x080001b7   Thumb Code     0  startup_stm32f405xx.o(.text)
    CAN1_SCE_IRQHandler                      0x080001b7   Thumb Code     0  startup_stm32f405xx.o(.text)
    CAN1_TX_IRQHandler                       0x080001b7   Thumb Code     0  startup_stm32f405xx.o(.text)
    CAN2_RX1_IRQHandler                      0x080001b7   Thumb Code     0  startup_stm32f405xx.o(.text)
    CAN2_SCE_IRQHandler                      0x080001b7   Thumb Code     0  startup_stm32f405xx.o(.text)
    DMA1_Stream0_IRQHandler                  0x080001b7   Thumb Code     0  startup_stm32f405xx.o(.text)
    DMA1_Stream1_IRQHandler                  0x080001b7   Thumb Code     0  startup_stm32f405xx.o(.text)
    DMA1_Stream2_IRQHandler                  0x080001b7   Thumb Code     0  startup_stm32f405xx.o(.text)
    DMA1_Stream3_IRQHandler                  0x080001b7   Thumb Code     0  startup_stm32f405xx.o(.text)
    DMA1_Stream4_IRQHandler                  0x080001b7   Thumb Code     0  startup_stm32f405xx.o(.text)
    DMA1_Stream5_IRQHandler                  0x080001b7   Thumb Code     0  startup_stm32f405xx.o(.text)
    DMA1_Stream6_IRQHandler                  0x080001b7   Thumb Code     0  startup_stm32f405xx.o(.text)
    DMA1_Stream7_IRQHandler                  0x080001b7   Thumb Code     0  startup_stm32f405xx.o(.text)
    DMA2_Stream0_IRQHandler                  0x080001b7   Thumb Code     0  startup_stm32f405xx.o(.text)
    DMA2_Stream1_IRQHandler                  0x080001b7   Thumb Code     0  startup_stm32f405xx.o(.text)
    DMA2_Stream2_IRQHandler                  0x080001b7   Thumb Code     0  startup_stm32f405xx.o(.text)
    DMA2_Stream3_IRQHandler                  0x080001b7   Thumb Code     0  startup_stm32f405xx.o(.text)
    DMA2_Stream4_IRQHandler                  0x080001b7   Thumb Code     0  startup_stm32f405xx.o(.text)
    DMA2_Stream5_IRQHandler                  0x080001b7   Thumb Code     0  startup_stm32f405xx.o(.text)
    DMA2_Stream6_IRQHandler                  0x080001b7   Thumb Code     0  startup_stm32f405xx.o(.text)
    DMA2_Stream7_IRQHandler                  0x080001b7   Thumb Code     0  startup_stm32f405xx.o(.text)
    EXTI0_IRQHandler                         0x080001b7   Thumb Code     0  startup_stm32f405xx.o(.text)
    EXTI15_10_IRQHandler                     0x080001b7   Thumb Code     0  startup_stm32f405xx.o(.text)
    EXTI1_IRQHandler                         0x080001b7   Thumb Code     0  startup_stm32f405xx.o(.text)
    EXTI2_IRQHandler                         0x080001b7   Thumb Code     0  startup_stm32f405xx.o(.text)
    EXTI3_IRQHandler                         0x080001b7   Thumb Code     0  startup_stm32f405xx.o(.text)
    EXTI4_IRQHandler                         0x080001b7   Thumb Code     0  startup_stm32f405xx.o(.text)
    EXTI9_5_IRQHandler                       0x080001b7   Thumb Code     0  startup_stm32f405xx.o(.text)
    FLASH_IRQHandler                         0x080001b7   Thumb Code     0  startup_stm32f405xx.o(.text)
    FMC_IRQHandler                           0x080001b7   Thumb Code     0  startup_stm32f405xx.o(.text)
    FPU_IRQHandler                           0x080001b7   Thumb Code     0  startup_stm32f405xx.o(.text)
    HASH_RNG_IRQHandler                      0x080001b7   Thumb Code     0  startup_stm32f405xx.o(.text)
    I2C1_ER_IRQHandler                       0x080001b7   Thumb Code     0  startup_stm32f405xx.o(.text)
    I2C1_EV_IRQHandler                       0x080001b7   Thumb Code     0  startup_stm32f405xx.o(.text)
    I2C2_ER_IRQHandler                       0x080001b7   Thumb Code     0  startup_stm32f405xx.o(.text)
    I2C2_EV_IRQHandler                       0x080001b7   Thumb Code     0  startup_stm32f405xx.o(.text)
    I2C3_ER_IRQHandler                       0x080001b7   Thumb Code     0  startup_stm32f405xx.o(.text)
    I2C3_EV_IRQHandler                       0x080001b7   Thumb Code     0  startup_stm32f405xx.o(.text)
    OTG_FS_IRQHandler                        0x080001b7   Thumb Code     0  startup_stm32f405xx.o(.text)
    OTG_FS_WKUP_IRQHandler                   0x080001b7   Thumb Code     0  startup_stm32f405xx.o(.text)
    OTG_HS_EP1_IN_IRQHandler                 0x080001b7   Thumb Code     0  startup_stm32f405xx.o(.text)
    OTG_HS_EP1_OUT_IRQHandler                0x080001b7   Thumb Code     0  startup_stm32f405xx.o(.text)
    OTG_HS_IRQHandler                        0x080001b7   Thumb Code     0  startup_stm32f405xx.o(.text)
    OTG_HS_WKUP_IRQHandler                   0x080001b7   Thumb Code     0  startup_stm32f405xx.o(.text)
    PVD_IRQHandler                           0x080001b7   Thumb Code     0  startup_stm32f405xx.o(.text)
    RCC_IRQHandler                           0x080001b7   Thumb Code     0  startup_stm32f405xx.o(.text)
    RTC_Alarm_IRQHandler                     0x080001b7   Thumb Code     0  startup_stm32f405xx.o(.text)
    RTC_WKUP_IRQHandler                      0x080001b7   Thumb Code     0  startup_stm32f405xx.o(.text)
    SDIO_IRQHandler                          0x080001b7   Thumb Code     0  startup_stm32f405xx.o(.text)
    SPI1_IRQHandler                          0x080001b7   Thumb Code     0  startup_stm32f405xx.o(.text)
    SPI2_IRQHandler                          0x080001b7   Thumb Code     0  startup_stm32f405xx.o(.text)
    SPI3_IRQHandler                          0x080001b7   Thumb Code     0  startup_stm32f405xx.o(.text)
    TAMP_STAMP_IRQHandler                    0x080001b7   Thumb Code     0  startup_stm32f405xx.o(.text)
    TIM1_BRK_TIM9_IRQHandler                 0x080001b7   Thumb Code     0  startup_stm32f405xx.o(.text)
    TIM1_CC_IRQHandler                       0x080001b7   Thumb Code     0  startup_stm32f405xx.o(.text)
    TIM1_TRG_COM_TIM11_IRQHandler            0x080001b7   Thumb Code     0  startup_stm32f405xx.o(.text)
    TIM1_UP_TIM10_IRQHandler                 0x080001b7   Thumb Code     0  startup_stm32f405xx.o(.text)
    TIM3_IRQHandler                          0x080001b7   Thumb Code     0  startup_stm32f405xx.o(.text)
    TIM4_IRQHandler                          0x080001b7   Thumb Code     0  startup_stm32f405xx.o(.text)
    TIM5_IRQHandler                          0x080001b7   Thumb Code     0  startup_stm32f405xx.o(.text)
    TIM6_DAC_IRQHandler                      0x080001b7   Thumb Code     0  startup_stm32f405xx.o(.text)
    TIM7_IRQHandler                          0x080001b7   Thumb Code     0  startup_stm32f405xx.o(.text)
    TIM8_BRK_TIM12_IRQHandler                0x080001b7   Thumb Code     0  startup_stm32f405xx.o(.text)
    TIM8_CC_IRQHandler                       0x080001b7   Thumb Code     0  startup_stm32f405xx.o(.text)
    TIM8_TRG_COM_TIM14_IRQHandler            0x080001b7   Thumb Code     0  startup_stm32f405xx.o(.text)
    TIM8_UP_TIM13_IRQHandler                 0x080001b7   Thumb Code     0  startup_stm32f405xx.o(.text)
    UART4_IRQHandler                         0x080001b7   Thumb Code     0  startup_stm32f405xx.o(.text)
    UART5_IRQHandler                         0x080001b7   Thumb Code     0  startup_stm32f405xx.o(.text)
    USART1_IRQHandler                        0x080001b7   Thumb Code     0  startup_stm32f405xx.o(.text)
    USART3_IRQHandler                        0x080001b7   Thumb Code     0  startup_stm32f405xx.o(.text)
    USART6_IRQHandler                        0x080001b7   Thumb Code     0  startup_stm32f405xx.o(.text)
    WWDG_IRQHandler                          0x080001b7   Thumb Code     0  startup_stm32f405xx.o(.text)
    __aeabi_uldivmod                         0x080001c1   Thumb Code    98  uldiv.o(.text)
    __aeabi_memset                           0x08000223   Thumb Code    14  memseta.o(.text)
    __aeabi_memset4                          0x08000223   Thumb Code     0  memseta.o(.text)
    __aeabi_memset8                          0x08000223   Thumb Code     0  memseta.o(.text)
    __aeabi_memclr                           0x08000231   Thumb Code     4  memseta.o(.text)
    __aeabi_memclr4                          0x08000231   Thumb Code     0  memseta.o(.text)
    __aeabi_memclr8                          0x08000231   Thumb Code     0  memseta.o(.text)
    _memset$wrapper                          0x08000235   Thumb Code    18  memseta.o(.text)
    __aeabi_llsl                             0x08000247   Thumb Code    30  llshl.o(.text)
    _ll_shift_l                              0x08000247   Thumb Code     0  llshl.o(.text)
    __aeabi_llsr                             0x08000265   Thumb Code    32  llushr.o(.text)
    _ll_ushift_r                             0x08000265   Thumb Code     0  llushr.o(.text)
    __scatterload                            0x08000285   Thumb Code    28  init.o(.text)
    __scatterload_rt2                        0x08000285   Thumb Code     0  init.o(.text)
    ADS8674_GetCurrent                       0x080002a9   Thumb Code   242  i2s.o(i.ADS8674_GetCurrent)
    ADS8674_Init                             0x080003b9   Thumb Code    42  i2s.o(i.ADS8674_Init)
    AllCoils_Stop                            0x080003f5   Thumb Code    28  control.o(i.AllCoils_Stop)
    BoardLED_State_Update                    0x08000421   Thumb Code   442  board_dec.o(i.BoardLED_State_Update)
    BusFault_Handler                         0x080005f5   Thumb Code     4  stm32f4xx_it.o(i.BusFault_Handler)
    CAN2_RX0_IRQHandler                      0x080005f9   Thumb Code    10  stm32f4xx_it.o(i.CAN2_RX0_IRQHandler)
    CAN2_TX_IRQHandler                       0x08000609   Thumb Code    10  stm32f4xx_it.o(i.CAN2_TX_IRQHandler)
    Coilx_PWM_Duty_Update                    0x08000619   Thumb Code    36  control.o(i.Coilx_PWM_Duty_Update)
    Coilx_Stop                               0x0800063d   Thumb Code    12  control.o(i.Coilx_Stop)
    Controller_Parameter_Init                0x08000649   Thumb Code    70  control.o(i.Controller_Parameter_Init)
    Current_Controller_Init                  0x08000691   Thumb Code   180  control.o(i.Current_Controller_Init)
    Current_Loop_Control                     0x08000769   Thumb Code   104  control.o(i.Current_Loop_Control)
    Current_Recording                        0x080007e1   Thumb Code    56  tim.o(i.Current_Recording)
    DebugMon_Handler                         0x08000937   Thumb Code     2  stm32f4xx_it.o(i.DebugMon_Handler)
    Error_Handler                            0x08000939   Thumb Code     2  clock.o(i.Error_Handler)
    Get_ADS8674_BiasValue                    0x0800093d   Thumb Code   118  i2s.o(i.Get_ADS8674_BiasValue)
    HAL_CAN_ActivateNotification             0x080009c9   Thumb Code    42  stm32f4xx_hal_can.o(i.HAL_CAN_ActivateNotification)
    HAL_CAN_AddTxMessage                     0x080009f3   Thumb Code   342  stm32f4xx_hal_can.o(i.HAL_CAN_AddTxMessage)
    HAL_CAN_ConfigFilter                     0x08000b49   Thumb Code   286  stm32f4xx_hal_can.o(i.HAL_CAN_ConfigFilter)
    HAL_CAN_DeactivateNotification           0x08000c6d   Thumb Code    42  stm32f4xx_hal_can.o(i.HAL_CAN_DeactivateNotification)
    HAL_CAN_ErrorCallback                    0x08000c97   Thumb Code     2  stm32f4xx_hal_can.o(i.HAL_CAN_ErrorCallback)
    HAL_CAN_GetRxMessage                     0x08000c99   Thumb Code   380  stm32f4xx_hal_can.o(i.HAL_CAN_GetRxMessage)
    HAL_CAN_IRQHandler                       0x08000e15   Thumb Code   590  stm32f4xx_hal_can.o(i.HAL_CAN_IRQHandler)
    HAL_CAN_Init                             0x08001063   Thumb Code   372  stm32f4xx_hal_can.o(i.HAL_CAN_Init)
    HAL_CAN_MspInit                          0x080011d9   Thumb Code   184  can.o(i.HAL_CAN_MspInit)
    HAL_CAN_RxFifo0FullCallback              0x0800129d   Thumb Code     2  stm32f4xx_hal_can.o(i.HAL_CAN_RxFifo0FullCallback)
    HAL_CAN_RxFifo0MsgPendingCallback        0x080012a1   Thumb Code    78  can.o(i.HAL_CAN_RxFifo0MsgPendingCallback)
    HAL_CAN_RxFifo1FullCallback              0x08001311   Thumb Code     2  stm32f4xx_hal_can.o(i.HAL_CAN_RxFifo1FullCallback)
    HAL_CAN_RxFifo1MsgPendingCallback        0x08001313   Thumb Code     2  stm32f4xx_hal_can.o(i.HAL_CAN_RxFifo1MsgPendingCallback)
    HAL_CAN_SleepCallback                    0x08001315   Thumb Code     2  stm32f4xx_hal_can.o(i.HAL_CAN_SleepCallback)
    HAL_CAN_Start                            0x08001317   Thumb Code    94  stm32f4xx_hal_can.o(i.HAL_CAN_Start)
    HAL_CAN_TxMailbox0AbortCallback          0x08001375   Thumb Code     2  stm32f4xx_hal_can.o(i.HAL_CAN_TxMailbox0AbortCallback)
    HAL_CAN_TxMailbox0CompleteCallback       0x08001377   Thumb Code    14  can.o(i.HAL_CAN_TxMailbox0CompleteCallback)
    HAL_CAN_TxMailbox1AbortCallback          0x08001385   Thumb Code     2  stm32f4xx_hal_can.o(i.HAL_CAN_TxMailbox1AbortCallback)
    HAL_CAN_TxMailbox1CompleteCallback       0x08001387   Thumb Code     2  stm32f4xx_hal_can.o(i.HAL_CAN_TxMailbox1CompleteCallback)
    HAL_CAN_TxMailbox2AbortCallback          0x08001389   Thumb Code     2  stm32f4xx_hal_can.o(i.HAL_CAN_TxMailbox2AbortCallback)
    HAL_CAN_TxMailbox2CompleteCallback       0x0800138b   Thumb Code     2  stm32f4xx_hal_can.o(i.HAL_CAN_TxMailbox2CompleteCallback)
    HAL_CAN_WakeUpFromRxMsgCallback          0x0800138d   Thumb Code     2  stm32f4xx_hal_can.o(i.HAL_CAN_WakeUpFromRxMsgCallback)
    HAL_DAC_ConfigChannel                    0x0800138f   Thumb Code    90  stm32f4xx_hal_dac.o(i.HAL_DAC_ConfigChannel)
    HAL_DAC_Init                             0x080013e9   Thumb Code    40  stm32f4xx_hal_dac.o(i.HAL_DAC_Init)
    HAL_DAC_MspInit                          0x08001411   Thumb Code   114  dac.o(i.HAL_DAC_MspInit)
    HAL_DAC_Start                            0x08001491   Thumb Code   140  stm32f4xx_hal_dac.o(i.HAL_DAC_Start)
    HAL_DMA_Abort_IT                         0x0800151d   Thumb Code    40  stm32f4xx_hal_dma.o(i.HAL_DMA_Abort_IT)
    HAL_DMA_Init                             0x08001545   Thumb Code   232  stm32f4xx_hal_dma.o(i.HAL_DMA_Init)
    HAL_DMA_Start_IT                         0x08001631   Thumb Code   158  stm32f4xx_hal_dma.o(i.HAL_DMA_Start_IT)
    HAL_Delay                                0x080016d1   Thumb Code    36  stm32f4xx_hal.o(i.HAL_Delay)
    HAL_GPIO_Init                            0x080016f9   Thumb Code   466  stm32f4xx_hal_gpio.o(i.HAL_GPIO_Init)
    HAL_GPIO_ReadPin                         0x080018f9   Thumb Code    16  stm32f4xx_hal_gpio.o(i.HAL_GPIO_ReadPin)
    HAL_GPIO_WritePin                        0x08001909   Thumb Code    12  stm32f4xx_hal_gpio.o(i.HAL_GPIO_WritePin)
    HAL_GetTick                              0x08001915   Thumb Code     6  stm32f4xx_hal.o(i.HAL_GetTick)
    HAL_I2SEx_FullDuplex_IRQHandler          0x08001921   Thumb Code   572  stm32f4xx_hal_i2s_ex.o(i.HAL_I2SEx_FullDuplex_IRQHandler)
    HAL_I2SEx_TransmitReceive                0x08001b65   Thumb Code   896  stm32f4xx_hal_i2s_ex.o(i.HAL_I2SEx_TransmitReceive)
    HAL_I2SEx_TransmitReceive_DMA            0x08001eed   Thumb Code   614  stm32f4xx_hal_i2s_ex.o(i.HAL_I2SEx_TransmitReceive_DMA)
    HAL_I2SEx_TxRxCpltCallback               0x08002169   Thumb Code     2  stm32f4xx_hal_i2s_ex.o(i.HAL_I2SEx_TxRxCpltCallback)
    HAL_I2SEx_TxRxHalfCpltCallback           0x0800216b   Thumb Code     2  stm32f4xx_hal_i2s_ex.o(i.HAL_I2SEx_TxRxHalfCpltCallback)
    HAL_I2S_ErrorCallback                    0x0800216d   Thumb Code     2  stm32f4xx_hal_i2s.o(i.HAL_I2S_ErrorCallback)
    HAL_I2S_Init                             0x08002171   Thumb Code   438  stm32f4xx_hal_i2s.o(i.HAL_I2S_Init)
    HAL_I2S_MspInit                          0x08002339   Thumb Code   316  i2s.o(i.HAL_I2S_MspInit)
    HAL_I2S_RxCpltCallback                   0x0800248d   Thumb Code     2  stm32f4xx_hal_i2s.o(i.HAL_I2S_RxCpltCallback)
    HAL_I2S_TxCpltCallback                   0x0800248f   Thumb Code     2  stm32f4xx_hal_i2s.o(i.HAL_I2S_TxCpltCallback)
    HAL_IncTick                              0x08002491   Thumb Code    16  stm32f4xx_hal.o(i.HAL_IncTick)
    HAL_Init                                 0x080024a9   Thumb Code    54  stm32f4xx_hal.o(i.HAL_Init)
    HAL_InitTick                             0x080024e5   Thumb Code    64  stm32f4xx_hal.o(i.HAL_InitTick)
    HAL_MspInit                              0x08002531   Thumb Code    68  stm32f4xx_hal_msp.o(i.HAL_MspInit)
    HAL_NVIC_EnableIRQ                       0x08002579   Thumb Code    32  stm32f4xx_hal_cortex.o(i.HAL_NVIC_EnableIRQ)
    HAL_NVIC_SetPriority                     0x08002599   Thumb Code   124  stm32f4xx_hal_cortex.o(i.HAL_NVIC_SetPriority)
    HAL_NVIC_SetPriorityGrouping             0x08002615   Thumb Code    32  stm32f4xx_hal_cortex.o(i.HAL_NVIC_SetPriorityGrouping)
    HAL_RCCEx_GetPeriphCLKFreq               0x0800263d   Thumb Code   126  stm32f4xx_hal_rcc_ex.o(i.HAL_RCCEx_GetPeriphCLKFreq)
    HAL_RCCEx_PeriphCLKConfig                0x080026cd   Thumb Code   396  stm32f4xx_hal_rcc_ex.o(i.HAL_RCCEx_PeriphCLKConfig)
    HAL_RCC_ClockConfig                      0x0800286d   Thumb Code   366  stm32f4xx_hal_rcc.o(i.HAL_RCC_ClockConfig)
    HAL_RCC_EnableCSS                        0x080029ed   Thumb Code     8  stm32f4xx_hal_rcc.o(i.HAL_RCC_EnableCSS)
    HAL_RCC_GetHCLKFreq                      0x080029f9   Thumb Code     6  stm32f4xx_hal_rcc.o(i.HAL_RCC_GetHCLKFreq)
    HAL_RCC_GetPCLK1Freq                     0x08002a05   Thumb Code    22  stm32f4xx_hal_rcc.o(i.HAL_RCC_GetPCLK1Freq)
    HAL_RCC_GetPCLK2Freq                     0x08002a25   Thumb Code    22  stm32f4xx_hal_rcc.o(i.HAL_RCC_GetPCLK2Freq)
    HAL_RCC_GetSysClockFreq                  0x08002a45   Thumb Code   162  stm32f4xx_hal_rcc.o(i.HAL_RCC_GetSysClockFreq)
    HAL_RCC_OscConfig                        0x08002af5   Thumb Code  1086  stm32f4xx_hal_rcc.o(i.HAL_RCC_OscConfig)
    HAL_SYSTICK_Config                       0x08002f3d   Thumb Code    52  stm32f4xx_hal_cortex.o(i.HAL_SYSTICK_Config)
    HAL_TIMEx_BreakCallback                  0x08002f71   Thumb Code     2  stm32f4xx_hal_tim_ex.o(i.HAL_TIMEx_BreakCallback)
    HAL_TIMEx_CommutCallback                 0x08002f73   Thumb Code     2  stm32f4xx_hal_tim_ex.o(i.HAL_TIMEx_CommutCallback)
    HAL_TIMEx_ConfigBreakDeadTime            0x08002f75   Thumb Code   116  stm32f4xx_hal_tim_ex.o(i.HAL_TIMEx_ConfigBreakDeadTime)
    HAL_TIMEx_MasterConfigSynchronization    0x08002fe9   Thumb Code    84  stm32f4xx_hal_tim_ex.o(i.HAL_TIMEx_MasterConfigSynchronization)
    HAL_TIM_Base_Init                        0x0800303d   Thumb Code    52  stm32f4xx_hal_tim.o(i.HAL_TIM_Base_Init)
    HAL_TIM_Base_MspInit                     0x08003071   Thumb Code   154  tim.o(i.HAL_TIM_Base_MspInit)
    HAL_TIM_Base_Start_IT                    0x08003119   Thumb Code    42  stm32f4xx_hal_tim.o(i.HAL_TIM_Base_Start_IT)
    HAL_TIM_ConfigClockSource                0x08003143   Thumb Code   264  stm32f4xx_hal_tim.o(i.HAL_TIM_ConfigClockSource)
    HAL_TIM_IC_CaptureCallback               0x0800324b   Thumb Code     2  stm32f4xx_hal_tim.o(i.HAL_TIM_IC_CaptureCallback)
    HAL_TIM_IRQHandler                       0x0800324d   Thumb Code   406  stm32f4xx_hal_tim.o(i.HAL_TIM_IRQHandler)
    HAL_TIM_MspPostInit                      0x080033e5   Thumb Code   220  tim.o(i.HAL_TIM_MspPostInit)
    HAL_TIM_OC_DelayElapsedCallback          0x080034dd   Thumb Code     2  stm32f4xx_hal_tim.o(i.HAL_TIM_OC_DelayElapsedCallback)
    HAL_TIM_PWM_ConfigChannel                0x080034df   Thumb Code   264  stm32f4xx_hal_tim.o(i.HAL_TIM_PWM_ConfigChannel)
    HAL_TIM_PWM_Init                         0x080035e7   Thumb Code    52  stm32f4xx_hal_tim.o(i.HAL_TIM_PWM_Init)
    HAL_TIM_PWM_MspInit                      0x0800361b   Thumb Code     2  stm32f4xx_hal_tim.o(i.HAL_TIM_PWM_MspInit)
    HAL_TIM_PWM_PulseFinishedCallback        0x0800361d   Thumb Code     2  stm32f4xx_hal_tim.o(i.HAL_TIM_PWM_PulseFinishedCallback)
    HAL_TIM_PWM_Start                        0x08003621   Thumb Code    80  stm32f4xx_hal_tim.o(i.HAL_TIM_PWM_Start)
    HAL_TIM_PeriodElapsedCallback            0x08003679   Thumb Code    80  tim.o(i.HAL_TIM_PeriodElapsedCallback)
    HAL_TIM_TriggerCallback                  0x080036dd   Thumb Code     2  stm32f4xx_hal_tim.o(i.HAL_TIM_TriggerCallback)
    HAL_UART_ErrorCallback                   0x080036df   Thumb Code     2  stm32f4xx_hal_uart.o(i.HAL_UART_ErrorCallback)
    HAL_UART_IRQHandler                      0x080036e1   Thumb Code   328  stm32f4xx_hal_uart.o(i.HAL_UART_IRQHandler)
    HAL_UART_Init                            0x0800382d   Thumb Code   114  stm32f4xx_hal_uart.o(i.HAL_UART_Init)
    HAL_UART_MspInit                         0x080038a1   Thumb Code   246  usart.o(i.HAL_UART_MspInit)
    HAL_UART_RxCpltCallback                  0x080039ad   Thumb Code     2  stm32f4xx_hal_uart.o(i.HAL_UART_RxCpltCallback)
    HAL_UART_TxCpltCallback                  0x080039af   Thumb Code     2  stm32f4xx_hal_uart.o(i.HAL_UART_TxCpltCallback)
    HardFault_Handler                        0x080039b1   Thumb Code     4  stm32f4xx_it.o(i.HardFault_Handler)
    LED_State_Init                           0x08003e55   Thumb Code    74  board_dec.o(i.LED_State_Init)
    LEDx_Flashing_Operation                  0x08003ea5   Thumb Code    36  board_dec.o(i.LEDx_Flashing_Operation)
    MX_CAN2_Init                             0x08003ecd   Thumb Code   172  can.o(i.MX_CAN2_Init)
    MX_DAC_Init                              0x08003f89   Thumb Code    82  dac.o(i.MX_DAC_Init)
    MX_DMA_Init                              0x08003fe5   Thumb Code    36  dma.o(i.MX_DMA_Init)
    MX_GPIO_Init                             0x0800400d   Thumb Code   274  gpio.o(i.MX_GPIO_Init)
    MX_I2S2_Init                             0x08004135   Thumb Code    52  i2s.o(i.MX_I2S2_Init)
    MX_TIM1_Init                             0x08004175   Thumb Code   256  tim.o(i.MX_TIM1_Init)
    MX_TIM2_Init                             0x0800427d   Thumb Code   100  tim.o(i.MX_TIM2_Init)
    MX_TIM8_Init                             0x080042e5   Thumb Code   256  tim.o(i.MX_TIM8_Init)
    MX_USART2_UART_Init                      0x080043ed   Thumb Code    46  usart.o(i.MX_USART2_UART_Init)
    MX_USART3_UART_Init                      0x08004425   Thumb Code    46  usart.o(i.MX_USART3_UART_Init)
    MemManage_Handler                        0x0800445d   Thumb Code     4  stm32f4xx_it.o(i.MemManage_Handler)
    NMI_Handler                              0x08004461   Thumb Code     2  stm32f4xx_it.o(i.NMI_Handler)
    OpenCircuit_CoilxLED_State_Update        0x08004465   Thumb Code   212  board_dec.o(i.OpenCircuit_CoilxLED_State_Update)
    OverCurrent_CoilxLED_State_Update        0x08004551   Thumb Code   212  board_dec.o(i.OverCurrent_CoilxLED_State_Update)
    PendSV_Handler                           0x080046e9   Thumb Code     2  stm32f4xx_it.o(i.PendSV_Handler)
    Read_AddressBit                          0x080046ed   Thumb Code   128  gpio.o(i.Read_AddressBit)
    Running_CoilxLED_State_Update            0x08004775   Thumb Code   124  board_dec.o(i.Running_CoilxLED_State_Update)
    SVC_Handler                              0x080047f5   Thumb Code     2  stm32f4xx_it.o(i.SVC_Handler)
    SysTick_Handler                          0x080047f7   Thumb Code     8  stm32f4xx_it.o(i.SysTick_Handler)
    SystemClock_Config                       0x08004801   Thumb Code   206  clock.o(i.SystemClock_Config)
    SystemInit                               0x080048d9   Thumb Code    82  system_stm32f4xx.o(i.SystemInit)
    TIM2_IRQHandler                          0x0800493d   Thumb Code    10  stm32f4xx_it.o(i.TIM2_IRQHandler)
    TIM_Base_SetConfig                       0x0800494d   Thumb Code   170  stm32f4xx_hal_tim.o(i.TIM_Base_SetConfig)
    TIM_CCxChannelCmd                        0x08004a25   Thumb Code    34  stm32f4xx_hal_tim.o(i.TIM_CCxChannelCmd)
    TIM_ETR_SetConfig                        0x08004a47   Thumb Code    22  stm32f4xx_hal_tim.o(i.TIM_ETR_SetConfig)
    TIM_OC2_SetConfig                        0x08004ae1   Thumb Code   114  stm32f4xx_hal_tim.o(i.TIM_OC2_SetConfig)
    USART2_IRQHandler                        0x08005141   Thumb Code    10  stm32f4xx_it.o(i.USART2_IRQHandler)
    UsageFault_Handler                       0x08005151   Thumb Code     4  stm32f4xx_it.o(i.UsageFault_Handler)
    __scatterload_copy                       0x0800518d   Thumb Code    14  handlers.o(i.__scatterload_copy)
    __scatterload_null                       0x0800519b   Thumb Code     2  handlers.o(i.__scatterload_null)
    __scatterload_zeroinit                   0x0800519d   Thumb Code    14  handlers.o(i.__scatterload_zeroinit)
    main                                     0x080051ad   Thumb Code   240  main.o(i.main)
    user_Board_Initial                       0x080052e5   Thumb Code   102  board_dec.o(i.user_Board_Initial)
    AHBPrescTable                            0x0800536c   Data          16  system_stm32f4xx.o(.constdata)
    APBPrescTable                            0x0800537c   Data           8  system_stm32f4xx.o(.constdata)
    Region$$Table$$Base                      0x08005384   Number         0  anon$$obj.o(Region$$Table)
    Region$$Table$$Limit                     0x080053a4   Number         0  anon$$obj.o(Region$$Table)
    ENACLE_PLUSE_CURRENT                     0x20000000   Data           4  main.o(.data)
    EXPECT_Current_A                         0x20000004   Data           4  main.o(.data)
    EXPECT_Current_B                         0x20000008   Data           4  main.o(.data)
    EXPECT_Current_C                         0x2000000c   Data           4  main.o(.data)
    EXPECT_Current_D                         0x20000010   Data           4  main.o(.data)
    KP_A                                     0x20000014   Data           4  main.o(.data)
    KI_A                                     0x20000018   Data           4  main.o(.data)
    KP_B                                     0x2000001c   Data           4  main.o(.data)
    KI_B                                     0x20000020   Data           4  main.o(.data)
    KP_C                                     0x20000024   Data           4  main.o(.data)
    KI_C                                     0x20000028   Data           4  main.o(.data)
    KP_D                                     0x2000002c   Data           4  main.o(.data)
    KI_D                                     0x20000030   Data           4  main.o(.data)
    CAN2_TxData                              0x20000038   Data           8  can.o(.data)
    data1                                    0x20000040   Data           8  can.o(.data)
    data2                                    0x20000048   Data           8  can.o(.data)
    data3                                    0x20000050   Data           8  can.o(.data)
    CAN2_RxData                              0x20000058   Data           8  can.o(.data)
    CAN2_TxMailbox                           0x20000060   Data           4  can.o(.data)
    Start_Current_Recording                  0x20000064   Data           4  tim.o(.data)
    ADS8674_TxData                           0x20000070   Data          16  i2s.o(.data)
    ADS8674_Cmd_RST                          0x20000080   Data           4  i2s.o(.data)
    Board_Address                            0x20000084   Data           1  board_dec.o(.data)
    Board_Axis                               0x20000085   Data           1  board_dec.o(.data)
    Board_Number                             0x20000086   Data           1  board_dec.o(.data)
    led_BoardState                           0x20000087   Data           1  board_dec.o(.data)
    Board_State                              0x20000088   Data           4  board_dec.o(.data)
    Board_Running_Info                       0x2000008c   Data           6  board_dec.o(.data)
    uwTick                                   0x200000b4   Data           4  stm32f4xx_hal.o(.data)
    uwTickPrio                               0x200000b8   Data           4  stm32f4xx_hal.o(.data)
    uwTickFreq                               0x200000bc   Data           1  stm32f4xx_hal.o(.data)
    SystemCoreClock                          0x200000c0   Data           4  system_stm32f4xx.o(.data)
    Current_A                                0x200000c4   Data          76  control.o(.bss)
    Current_B                                0x20000110   Data          76  control.o(.bss)
    Current_C                                0x2000015c   Data          76  control.o(.bss)
    Current_D                                0x200001a8   Data          76  control.o(.bss)
    hcan2                                    0x200001f4   Data          40  can.o(.bss)
    CAN2_TxHeader                            0x2000021c   Data          24  can.o(.bss)
    CAN2_RxHeader                            0x20000234   Data          28  can.o(.bss)
    sFilterConfig                            0x20000250   Data          40  can.o(.bss)
    hdac                                     0x20000278   Data          20  dac.o(.bss)
    htim2                                    0x2000028c   Data          64  tim.o(.bss)
    htim1                                    0x200002cc   Data          64  tim.o(.bss)
    htim8                                    0x2000030c   Data          64  tim.o(.bss)
    Sample_Data1                             0x2000034c   Data        4000  tim.o(.bss)
    Sample_Data2                             0x200012ec   Data        4000  tim.o(.bss)
    ADS8674_RxData                           0x2000228c   Data          16  i2s.o(.bss)
    hi2s2                                    0x2000229c   Data          72  i2s.o(.bss)
    hdma_spi2_tx                             0x200022e4   Data          96  i2s.o(.bss)
    hdma_i2s2_ext_rx                         0x20002344   Data          96  i2s.o(.bss)
    huart2                                   0x200023a4   Data          64  usart.o(.bss)
    huart3                                   0x200023e4   Data          64  usart.o(.bss)
    __initial_sp                             0x20002828   Data           0  startup_stm32f405xx.o(STACK)



==============================================================================

Memory Map of the image

  Image Entry point : 0x08000189

  Load Region LR_IROM1 (Base: 0x08000000, Size: 0x00005468, Max: 0x00100000, ABSOLUTE)

    Execution Region ER_IROM1 (Base: 0x08000000, Size: 0x000053a4, Max: 0x00100000, ABSOLUTE)

    Base Addr    Size         Type   Attr      Idx    E Section Name        Object

    0x08000000   0x00000188   Data   RO            3    RESET               startup_stm32f405xx.o
    0x08000188   0x00000000   Code   RO         4065  * .ARM.Collect$$$$00000000  mc_w.l(entry.o)
    0x08000188   0x00000004   Code   RO         4072    .ARM.Collect$$$$00000001  mc_w.l(entry2.o)
    0x0800018c   0x00000004   Code   RO         4075    .ARM.Collect$$$$00000004  mc_w.l(entry5.o)
    0x08000190   0x00000000   Code   RO         4077    .ARM.Collect$$$$00000008  mc_w.l(entry7b.o)
    0x08000190   0x00000000   Code   RO         4079    .ARM.Collect$$$$0000000A  mc_w.l(entry8b.o)
    0x08000190   0x00000008   Code   RO         4080    .ARM.Collect$$$$0000000B  mc_w.l(entry9a.o)
    0x08000198   0x00000000   Code   RO         4082    .ARM.Collect$$$$0000000D  mc_w.l(entry10a.o)
    0x08000198   0x00000000   Code   RO         4084    .ARM.Collect$$$$0000000F  mc_w.l(entry11a.o)
    0x08000198   0x00000004   Code   RO         4073    .ARM.Collect$$$$00002712  mc_w.l(entry2.o)
    0x0800019c   0x00000024   Code   RO            4    .text               startup_stm32f405xx.o
    0x080001c0   0x00000062   Code   RO         4068    .text               mc_w.l(uldiv.o)
    0x08000222   0x00000024   Code   RO         4070    .text               mc_w.l(memseta.o)
    0x08000246   0x0000001e   Code   RO         4086    .text               mc_w.l(llshl.o)
    0x08000264   0x00000020   Code   RO         4088    .text               mc_w.l(llushr.o)
    0x08000284   0x00000024   Code   RO         4090    .text               mc_w.l(init.o)
    0x080002a8   0x00000110   Code   RO          509    i.ADS8674_GetCurrent  i2s.o
    0x080003b8   0x0000003c   Code   RO          510    i.ADS8674_Init      i2s.o
    0x080003f4   0x0000002c   Code   RO          207    i.AllCoils_Stop     control.o
    0x08000420   0x000001d4   Code   RO          741    i.BoardLED_State_Update  board_dec.o
    0x080005f4   0x00000004   Code   RO          618    i.BusFault_Handler  stm32f4xx_it.o
    0x080005f8   0x00000010   Code   RO          619    i.CAN2_RX0_IRQHandler  stm32f4xx_it.o
    0x08000608   0x00000010   Code   RO          620    i.CAN2_TX_IRQHandler  stm32f4xx_it.o
    0x08000618   0x00000024   Code   RO          208    i.Coilx_PWM_Duty_Update  control.o
    0x0800063c   0x0000000c   Code   RO          209    i.Coilx_Stop        control.o
    0x08000648   0x00000046   Code   RO          210    i.Controller_Parameter_Init  control.o
    0x0800068e   0x00000002   PAD
    0x08000690   0x000000d8   Code   RO          211    i.Current_Controller_Init  control.o
    0x08000768   0x00000078   Code   RO          212    i.Current_Loop_Control  control.o
    0x080007e0   0x0000004c   Code   RO          436    i.Current_Recording  tim.o
    0x0800082c   0x00000034   Code   RO         3073    i.DMA_CalcBaseAndBitshift  stm32f4xx_hal_dma.o
    0x08000860   0x000000aa   Code   RO         3074    i.DMA_CheckFifoParam  stm32f4xx_hal_dma.o
    0x0800090a   0x0000002c   Code   RO         3075    i.DMA_SetConfig     stm32f4xx_hal_dma.o
    0x08000936   0x00000002   Code   RO          621    i.DebugMon_Handler  stm32f4xx_it.o
    0x08000938   0x00000002   Code   RO          810    i.Error_Handler     clock.o
    0x0800093a   0x00000002   PAD
    0x0800093c   0x0000008c   Code   RO          511    i.Get_ADS8674_BiasValue  i2s.o
    0x080009c8   0x0000002a   Code   RO          841    i.HAL_CAN_ActivateNotification  stm32f4xx_hal_can.o
    0x080009f2   0x00000156   Code   RO          842    i.HAL_CAN_AddTxMessage  stm32f4xx_hal_can.o
    0x08000b48   0x00000124   Code   RO          843    i.HAL_CAN_ConfigFilter  stm32f4xx_hal_can.o
    0x08000c6c   0x0000002a   Code   RO          845    i.HAL_CAN_DeactivateNotification  stm32f4xx_hal_can.o
    0x08000c96   0x00000002   Code   RO          846    i.HAL_CAN_ErrorCallback  stm32f4xx_hal_can.o
    0x08000c98   0x0000017c   Code   RO          849    i.HAL_CAN_GetRxMessage  stm32f4xx_hal_can.o
    0x08000e14   0x0000024e   Code   RO          853    i.HAL_CAN_IRQHandler  stm32f4xx_hal_can.o
    0x08001062   0x00000174   Code   RO          854    i.HAL_CAN_Init      stm32f4xx_hal_can.o
    0x080011d6   0x00000002   PAD
    0x080011d8   0x000000c4   Code   RO          304    i.HAL_CAN_MspInit   can.o
    0x0800129c   0x00000002   Code   RO          861    i.HAL_CAN_RxFifo0FullCallback  stm32f4xx_hal_can.o
    0x0800129e   0x00000002   PAD
    0x080012a0   0x00000070   Code   RO          305    i.HAL_CAN_RxFifo0MsgPendingCallback  can.o
    0x08001310   0x00000002   Code   RO          863    i.HAL_CAN_RxFifo1FullCallback  stm32f4xx_hal_can.o
    0x08001312   0x00000002   Code   RO          864    i.HAL_CAN_RxFifo1MsgPendingCallback  stm32f4xx_hal_can.o
    0x08001314   0x00000002   Code   RO          865    i.HAL_CAN_SleepCallback  stm32f4xx_hal_can.o
    0x08001316   0x0000005e   Code   RO          866    i.HAL_CAN_Start     stm32f4xx_hal_can.o
    0x08001374   0x00000002   Code   RO          868    i.HAL_CAN_TxMailbox0AbortCallback  stm32f4xx_hal_can.o
    0x08001376   0x0000000e   Code   RO          306    i.HAL_CAN_TxMailbox0CompleteCallback  can.o
    0x08001384   0x00000002   Code   RO          870    i.HAL_CAN_TxMailbox1AbortCallback  stm32f4xx_hal_can.o
    0x08001386   0x00000002   Code   RO          871    i.HAL_CAN_TxMailbox1CompleteCallback  stm32f4xx_hal_can.o
    0x08001388   0x00000002   Code   RO          872    i.HAL_CAN_TxMailbox2AbortCallback  stm32f4xx_hal_can.o
    0x0800138a   0x00000002   Code   RO          873    i.HAL_CAN_TxMailbox2CompleteCallback  stm32f4xx_hal_can.o
    0x0800138c   0x00000002   Code   RO          875    i.HAL_CAN_WakeUpFromRxMsgCallback  stm32f4xx_hal_can.o
    0x0800138e   0x0000005a   Code   RO         1077    i.HAL_DAC_ConfigChannel  stm32f4xx_hal_dac.o
    0x080013e8   0x00000028   Code   RO         1087    i.HAL_DAC_Init      stm32f4xx_hal_dac.o
    0x08001410   0x00000080   Code   RO          366    i.HAL_DAC_MspInit   dac.o
    0x08001490   0x0000008c   Code   RO         1091    i.HAL_DAC_Start     stm32f4xx_hal_dac.o
    0x0800151c   0x00000028   Code   RO         3077    i.HAL_DMA_Abort_IT  stm32f4xx_hal_dma.o
    0x08001544   0x000000ec   Code   RO         3082    i.HAL_DMA_Init      stm32f4xx_hal_dma.o
    0x08001630   0x0000009e   Code   RO         3086    i.HAL_DMA_Start_IT  stm32f4xx_hal_dma.o
    0x080016ce   0x00000002   PAD
    0x080016d0   0x00000028   Code   RO         3500    i.HAL_Delay         stm32f4xx_hal.o
    0x080016f8   0x00000200   Code   RO         2969    i.HAL_GPIO_Init     stm32f4xx_hal_gpio.o
    0x080018f8   0x00000010   Code   RO         2971    i.HAL_GPIO_ReadPin  stm32f4xx_hal_gpio.o
    0x08001908   0x0000000c   Code   RO         2973    i.HAL_GPIO_WritePin  stm32f4xx_hal_gpio.o
    0x08001914   0x0000000c   Code   RO         3506    i.HAL_GetTick       stm32f4xx_hal.o
    0x08001920   0x00000244   Code   RO         3937    i.HAL_I2SEx_FullDuplex_IRQHandler  stm32f4xx_hal_i2s_ex.o
    0x08001b64   0x00000388   Code   RO         3938    i.HAL_I2SEx_TransmitReceive  stm32f4xx_hal_i2s_ex.o
    0x08001eec   0x0000027c   Code   RO         3939    i.HAL_I2SEx_TransmitReceive_DMA  stm32f4xx_hal_i2s_ex.o
    0x08002168   0x00000002   Code   RO         3941    i.HAL_I2SEx_TxRxCpltCallback  stm32f4xx_hal_i2s_ex.o
    0x0800216a   0x00000002   Code   RO         3942    i.HAL_I2SEx_TxRxHalfCpltCallback  stm32f4xx_hal_i2s_ex.o
    0x0800216c   0x00000002   Code   RO         3752    i.HAL_I2S_ErrorCallback  stm32f4xx_hal_i2s.o
    0x0800216e   0x00000002   PAD
    0x08002170   0x000001c8   Code   RO         3756    i.HAL_I2S_Init      stm32f4xx_hal_i2s.o
    0x08002338   0x00000154   Code   RO          513    i.HAL_I2S_MspInit   i2s.o
    0x0800248c   0x00000002   Code   RO         3762    i.HAL_I2S_RxCpltCallback  stm32f4xx_hal_i2s.o
    0x0800248e   0x00000002   Code   RO         3767    i.HAL_I2S_TxCpltCallback  stm32f4xx_hal_i2s.o
    0x08002490   0x00000018   Code   RO         3512    i.HAL_IncTick       stm32f4xx_hal.o
    0x080024a8   0x0000003c   Code   RO         3513    i.HAL_Init          stm32f4xx_hal.o
    0x080024e4   0x0000004c   Code   RO         3514    i.HAL_InitTick      stm32f4xx_hal.o
    0x08002530   0x00000048   Code   RO          717    i.HAL_MspInit       stm32f4xx_hal_msp.o
    0x08002578   0x00000020   Code   RO         3358    i.HAL_NVIC_EnableIRQ  stm32f4xx_hal_cortex.o
    0x08002598   0x0000007c   Code   RO         3364    i.HAL_NVIC_SetPriority  stm32f4xx_hal_cortex.o
    0x08002614   0x00000028   Code   RO         3365    i.HAL_NVIC_SetPriorityGrouping  stm32f4xx_hal_cortex.o
    0x0800263c   0x00000090   Code   RO         2674    i.HAL_RCCEx_GetPeriphCLKFreq  stm32f4xx_hal_rcc_ex.o
    0x080026cc   0x000001a0   Code   RO         2675    i.HAL_RCCEx_PeriphCLKConfig  stm32f4xx_hal_rcc_ex.o
    0x0800286c   0x00000180   Code   RO         2570    i.HAL_RCC_ClockConfig  stm32f4xx_hal_rcc.o
    0x080029ec   0x0000000c   Code   RO         2573    i.HAL_RCC_EnableCSS  stm32f4xx_hal_rcc.o
    0x080029f8   0x0000000c   Code   RO         2575    i.HAL_RCC_GetHCLKFreq  stm32f4xx_hal_rcc.o
    0x08002a04   0x00000020   Code   RO         2577    i.HAL_RCC_GetPCLK1Freq  stm32f4xx_hal_rcc.o
    0x08002a24   0x00000020   Code   RO         2578    i.HAL_RCC_GetPCLK2Freq  stm32f4xx_hal_rcc.o
    0x08002a44   0x000000b0   Code   RO         2579    i.HAL_RCC_GetSysClockFreq  stm32f4xx_hal_rcc.o
    0x08002af4   0x00000448   Code   RO         2582    i.HAL_RCC_OscConfig  stm32f4xx_hal_rcc.o
    0x08002f3c   0x00000034   Code   RO         3369    i.HAL_SYSTICK_Config  stm32f4xx_hal_cortex.o
    0x08002f70   0x00000002   Code   RO         1987    i.HAL_TIMEx_BreakCallback  stm32f4xx_hal_tim_ex.o
    0x08002f72   0x00000002   Code   RO         1988    i.HAL_TIMEx_CommutCallback  stm32f4xx_hal_tim_ex.o
    0x08002f74   0x00000074   Code   RO         1990    i.HAL_TIMEx_ConfigBreakDeadTime  stm32f4xx_hal_tim_ex.o
    0x08002fe8   0x00000054   Code   RO         2005    i.HAL_TIMEx_MasterConfigSynchronization  stm32f4xx_hal_tim_ex.o
    0x0800303c   0x00000034   Code   RO         1301    i.HAL_TIM_Base_Init  stm32f4xx_hal_tim.o
    0x08003070   0x000000a8   Code   RO          438    i.HAL_TIM_Base_MspInit  tim.o
    0x08003118   0x0000002a   Code   RO         1306    i.HAL_TIM_Base_Start_IT  stm32f4xx_hal_tim.o
    0x08003142   0x00000108   Code   RO         1310    i.HAL_TIM_ConfigClockSource  stm32f4xx_hal_tim.o
    0x0800324a   0x00000002   Code   RO         1330    i.HAL_TIM_IC_CaptureCallback  stm32f4xx_hal_tim.o
    0x0800324c   0x00000196   Code   RO         1344    i.HAL_TIM_IRQHandler  stm32f4xx_hal_tim.o
    0x080033e2   0x00000002   PAD
    0x080033e4   0x000000f8   Code   RO          439    i.HAL_TIM_MspPostInit  tim.o
    0x080034dc   0x00000002   Code   RO         1347    i.HAL_TIM_OC_DelayElapsedCallback  stm32f4xx_hal_tim.o
    0x080034de   0x00000108   Code   RO         1368    i.HAL_TIM_PWM_ConfigChannel  stm32f4xx_hal_tim.o
    0x080035e6   0x00000034   Code   RO         1371    i.HAL_TIM_PWM_Init  stm32f4xx_hal_tim.o
    0x0800361a   0x00000002   Code   RO         1373    i.HAL_TIM_PWM_MspInit  stm32f4xx_hal_tim.o
    0x0800361c   0x00000002   Code   RO         1374    i.HAL_TIM_PWM_PulseFinishedCallback  stm32f4xx_hal_tim.o
    0x0800361e   0x00000002   PAD
    0x08003620   0x00000058   Code   RO         1376    i.HAL_TIM_PWM_Start  stm32f4xx_hal_tim.o
    0x08003678   0x00000064   Code   RO          440    i.HAL_TIM_PeriodElapsedCallback  tim.o
    0x080036dc   0x00000002   Code   RO         1387    i.HAL_TIM_TriggerCallback  stm32f4xx_hal_tim.o
    0x080036de   0x00000002   Code   RO         2259    i.HAL_UART_ErrorCallback  stm32f4xx_hal_uart.o
    0x080036e0   0x0000014c   Code   RO         2262    i.HAL_UART_IRQHandler  stm32f4xx_hal_uart.o
    0x0800382c   0x00000072   Code   RO         2263    i.HAL_UART_Init     stm32f4xx_hal_uart.o
    0x0800389e   0x00000002   PAD
    0x080038a0   0x0000010c   Code   RO          571    i.HAL_UART_MspInit  usart.o
    0x080039ac   0x00000002   Code   RO         2269    i.HAL_UART_RxCpltCallback  stm32f4xx_hal_uart.o
    0x080039ae   0x00000002   Code   RO         2274    i.HAL_UART_TxCpltCallback  stm32f4xx_hal_uart.o
    0x080039b0   0x00000004   Code   RO          622    i.HardFault_Handler  stm32f4xx_it.o
    0x080039b4   0x000000b4   Code   RO         3943    i.I2SEx_FullDuplexWaitFlagStateUntilTimeout  stm32f4xx_hal_i2s_ex.o
    0x08003a68   0x0000003a   Code   RO         3944    i.I2SEx_RxISR_I2S   stm32f4xx_hal_i2s_ex.o
    0x08003aa2   0x00000002   PAD
    0x08003aa4   0x0000006c   Code   RO         3945    i.I2SEx_RxISR_I2SExt  stm32f4xx_hal_i2s_ex.o
    0x08003b10   0x00000038   Code   RO         3946    i.I2SEx_TxISR_I2S   stm32f4xx_hal_i2s_ex.o
    0x08003b48   0x0000006c   Code   RO         3947    i.I2SEx_TxISR_I2SExt  stm32f4xx_hal_i2s_ex.o
    0x08003bb4   0x000000e8   Code   RO         3948    i.I2SEx_TxRxDMACplt  stm32f4xx_hal_i2s_ex.o
    0x08003c9c   0x00000060   Code   RO         3949    i.I2SEx_TxRxDMAError  stm32f4xx_hal_i2s_ex.o
    0x08003cfc   0x0000000e   Code   RO         3950    i.I2SEx_TxRxDMAHalfCplt  stm32f4xx_hal_i2s_ex.o
    0x08003d0a   0x000000dc   Code   RO         3774    i.I2S_IRQHandler    stm32f4xx_hal_i2s.o
    0x08003de6   0x00000036   Code   RO         3775    i.I2S_Receive_IT    stm32f4xx_hal_i2s.o
    0x08003e1c   0x00000036   Code   RO         3776    i.I2S_Transmit_IT   stm32f4xx_hal_i2s.o
    0x08003e52   0x00000002   PAD
    0x08003e54   0x00000050   Code   RO          742    i.LED_State_Init    board_dec.o
    0x08003ea4   0x00000028   Code   RO          743    i.LEDx_Flashing_Operation  board_dec.o
    0x08003ecc   0x000000bc   Code   RO          307    i.MX_CAN2_Init      can.o
    0x08003f88   0x0000005c   Code   RO          367    i.MX_DAC_Init       dac.o
    0x08003fe4   0x00000028   Code   RO          412    i.MX_DMA_Init       dma.o
    0x0800400c   0x00000128   Code   RO          273    i.MX_GPIO_Init      gpio.o
    0x08004134   0x00000040   Code   RO          514    i.MX_I2S2_Init      i2s.o
    0x08004174   0x00000108   Code   RO          441    i.MX_TIM1_Init      tim.o
    0x0800427c   0x00000068   Code   RO          442    i.MX_TIM2_Init      tim.o
    0x080042e4   0x00000108   Code   RO          443    i.MX_TIM8_Init      tim.o
    0x080043ec   0x00000038   Code   RO          572    i.MX_USART2_UART_Init  usart.o
    0x08004424   0x00000038   Code   RO          573    i.MX_USART3_UART_Init  usart.o
    0x0800445c   0x00000004   Code   RO          623    i.MemManage_Handler  stm32f4xx_it.o
    0x08004460   0x00000002   Code   RO          624    i.NMI_Handler       stm32f4xx_it.o
    0x08004462   0x00000002   PAD
    0x08004464   0x000000ec   Code   RO          744    i.OpenCircuit_CoilxLED_State_Update  board_dec.o
    0x08004550   0x000000ec   Code   RO          745    i.OverCurrent_CoilxLED_State_Update  board_dec.o
    0x0800463c   0x000000ac   Code   RO          213    i.PID_Calculate     control.o
    0x080046e8   0x00000002   Code   RO          625    i.PendSV_Handler    stm32f4xx_it.o
    0x080046ea   0x00000002   PAD
    0x080046ec   0x00000088   Code   RO          274    i.Read_AddressBit   gpio.o
    0x08004774   0x00000080   Code   RO          746    i.Running_CoilxLED_State_Update  board_dec.o
    0x080047f4   0x00000002   Code   RO          626    i.SVC_Handler       stm32f4xx_it.o
    0x080047f6   0x00000008   Code   RO          627    i.SysTick_Handler   stm32f4xx_it.o
    0x080047fe   0x00000002   PAD
    0x08004800   0x000000d8   Code   RO          811    i.SystemClock_Config  clock.o
    0x080048d8   0x00000064   Code   RO         4032    i.SystemInit        system_stm32f4xx.o
    0x0800493c   0x00000010   Code   RO          628    i.TIM2_IRQHandler   stm32f4xx_it.o
    0x0800494c   0x000000d8   Code   RO         1389    i.TIM_Base_SetConfig  stm32f4xx_hal_tim.o
    0x08004a24   0x00000022   Code   RO         1390    i.TIM_CCxChannelCmd  stm32f4xx_hal_tim.o
    0x08004a46   0x00000016   Code   RO         1400    i.TIM_ETR_SetConfig  stm32f4xx_hal_tim.o
    0x08004a5c   0x00000012   Code   RO         1401    i.TIM_ITRx_SetConfig  stm32f4xx_hal_tim.o
    0x08004a6e   0x00000002   PAD
    0x08004a70   0x00000070   Code   RO         1402    i.TIM_OC1_SetConfig  stm32f4xx_hal_tim.o
    0x08004ae0   0x0000007c   Code   RO         1403    i.TIM_OC2_SetConfig  stm32f4xx_hal_tim.o
    0x08004b5c   0x00000078   Code   RO         1404    i.TIM_OC3_SetConfig  stm32f4xx_hal_tim.o
    0x08004bd4   0x00000054   Code   RO         1405    i.TIM_OC4_SetConfig  stm32f4xx_hal_tim.o
    0x08004c28   0x00000026   Code   RO         1407    i.TIM_TI1_ConfigInputStage  stm32f4xx_hal_tim.o
    0x08004c4e   0x00000028   Code   RO         1409    i.TIM_TI2_ConfigInputStage  stm32f4xx_hal_tim.o
    0x08004c76   0x00000014   Code   RO         2276    i.UART_DMAAbortOnError  stm32f4xx_hal_uart.o
    0x08004c8a   0x00000020   Code   RO         2286    i.UART_EndRxTransfer  stm32f4xx_hal_uart.o
    0x08004caa   0x00000020   Code   RO         2287    i.UART_EndTransmit_IT  stm32f4xx_hal_uart.o
    0x08004cca   0x000000a6   Code   RO         2289    i.UART_Receive_IT   stm32f4xx_hal_uart.o
    0x08004d70   0x00000368   Code   RO         2290    i.UART_SetConfig    stm32f4xx_hal_uart.o
    0x080050d8   0x00000068   Code   RO         2291    i.UART_Transmit_IT  stm32f4xx_hal_uart.o
    0x08005140   0x00000010   Code   RO          629    i.USART2_IRQHandler  stm32f4xx_it.o
    0x08005150   0x00000004   Code   RO          630    i.UsageFault_Handler  stm32f4xx_it.o
    0x08005154   0x00000010   Code   RO         3371    i.__NVIC_GetPriorityGrouping  stm32f4xx_hal_cortex.o
    0x08005164   0x00000028   Code   RO         3372    i.__NVIC_SetPriority  stm32f4xx_hal_cortex.o
    0x0800518c   0x0000000e   Code   RO         4094    i.__scatterload_copy  mc_w.l(handlers.o)
    0x0800519a   0x00000002   Code   RO         4095    i.__scatterload_null  mc_w.l(handlers.o)
    0x0800519c   0x0000000e   Code   RO         4096    i.__scatterload_zeroinit  mc_w.l(handlers.o)
    0x080051aa   0x00000002   PAD
    0x080051ac   0x00000138   Code   RO           13    i.main              main.o
    0x080052e4   0x00000080   Code   RO          747    i.user_Board_Initial  board_dec.o
    0x08005364   0x00000008   Data   RO         3088    .constdata          stm32f4xx_hal_dma.o
    0x0800536c   0x00000018   Data   RO         4033    .constdata          system_stm32f4xx.o
    0x08005384   0x00000020   Data   RO         4092    Region$$Table       anon$$obj.o


    Execution Region RW_IRAM1 (Base: 0x20000000, Size: 0x00002828, Max: 0x00020000, ABSOLUTE)

    Base Addr    Size         Type   Attr      Idx    E Section Name        Object

    0x20000000   0x00000034   Data   RW           14    .data               main.o
    0x20000034   0x00000004   PAD
    0x20000038   0x0000002c   Data   RW          310    .data               can.o
    0x20000064   0x0000000c   Data   RW          445    .data               tim.o
    0x20000070   0x00000014   Data   RW          516    .data               i2s.o
    0x20000084   0x00000030   Data   RW          748    .data               board_dec.o
    0x200000b4   0x00000009   Data   RW         3520    .data               stm32f4xx_hal.o
    0x200000bd   0x00000003   PAD
    0x200000c0   0x00000004   Data   RW         4034    .data               system_stm32f4xx.o
    0x200000c4   0x00000130   Zero   RW          214    .bss                control.o
    0x200001f4   0x00000084   Zero   RW          309    .bss                can.o
    0x20000278   0x00000014   Zero   RW          368    .bss                dac.o
    0x2000028c   0x00002000   Zero   RW          444    .bss                tim.o
    0x2000228c   0x00000118   Zero   RW          515    .bss                i2s.o
    0x200023a4   0x00000080   Zero   RW          574    .bss                usart.o
    0x20002424   0x00000004   PAD
    0x20002428   0x00000400   Zero   RW            1    STACK               startup_stm32f405xx.o


==============================================================================

Image component sizes


      Code (inc. data)   RO Data    RW Data    ZI Data      Debug   Object Name

      1316        122          0         48          0       6310   board_dec.o
       510         62          0         44        132       3409   can.o
       218         10          0          0          0       1545   clock.o
       670         68          0          0        304       6198   control.o
       220         24          0          0         20       1735   dac.o
        40          4          0          0          0        782   dma.o
       432         30          0          0          0       1625   gpio.o
       876        106          0         20        280       3861   i2s.o
       312         72          0         52          0     661322   main.o
        36          8        392          0       1024        856   startup_stm32f405xx.o
       212         36          0          9          0       4709   stm32f4xx_hal.o
      2176          6          0          0          0      14875   stm32f4xx_hal_can.o
       304         22          0          0          0      34587   stm32f4xx_hal_cortex.o
       270          0          0          0          0       2839   stm32f4xx_hal_dac.o
       700         10          8          0          0       5157   stm32f4xx_hal_dma.o
       540         46          0          0          0       3047   stm32f4xx_hal_gpio.o
       790         18          0          0          0       5377   stm32f4xx_hal_i2s.o
      2976         86          0          0          0      11312   stm32f4xx_hal_i2s_ex.o
        72          4          0          0          0        878   stm32f4xx_hal_msp.o
      1744         88          0          0          0       6228   stm32f4xx_hal_rcc.o
       560         38          0          0          0       2253   stm32f4xx_hal_rcc_ex.o
      1986         90          0          0          0      16396   stm32f4xx_hal_tim.o
       204          0          0          0          0       3361   stm32f4xx_hal_tim_ex.o
      1678         12          0          0          0       8003   stm32f4xx_hal_uart.o
        96         24          0          0          0       6383   stm32f4xx_it.o
       100         18         24          4          0       1227   system_stm32f4xx.o
      1224        102          0         12       8192       5624   tim.o
       380         42          0          0        128       2415   usart.o

    ----------------------------------------------------------------------
     20672       1148        456        196      10084     822314   Object Totals
         0          0         32          0          0          0   (incl. Generated)
        30          0          0          7          4          0   (incl. Padding)

    ----------------------------------------------------------------------

      Code (inc. data)   RO Data    RW Data    ZI Data      Debug   Library Member Name

         0          0          0          0          0          0   entry.o
         0          0          0          0          0          0   entry10a.o
         0          0          0          0          0          0   entry11a.o
         8          4          0          0          0          0   entry2.o
         4          0          0          0          0          0   entry5.o
         0          0          0          0          0          0   entry7b.o
         0          0          0          0          0          0   entry8b.o
         8          4          0          0          0          0   entry9a.o
        30          0          0          0          0          0   handlers.o
        36          8          0          0          0         68   init.o
        30          0          0          0          0         68   llshl.o
        32          0          0          0          0         68   llushr.o
        36          0          0          0          0        108   memseta.o
        98          0          0          0          0         92   uldiv.o

    ----------------------------------------------------------------------
       284         16          0          0          0        404   Library Totals
         2          0          0          0          0          0   (incl. Padding)

    ----------------------------------------------------------------------

      Code (inc. data)   RO Data    RW Data    ZI Data      Debug   Library Name

       282         16          0          0          0        404   mc_w.l

    ----------------------------------------------------------------------
       284         16          0          0          0        404   Library Totals

    ----------------------------------------------------------------------

==============================================================================


      Code (inc. data)   RO Data    RW Data    ZI Data      Debug   

     20956       1164        456        196      10084     807318   Grand Totals
     20956       1164        456        196      10084     807318   ELF Image Totals
     20956       1164        456        196          0          0   ROM Totals

==============================================================================

    Total RO  Size (Code + RO Data)                21412 (  20.91kB)
    Total RW  Size (RW Data + ZI Data)             10280 (  10.04kB)
    Total ROM Size (Code + RO Data + RW Data)      21608 (  21.10kB)

==============================================================================

